[2024-04-03T14:44:09.831+0300][gc,init] CardTable entry size: 512
[2024-04-03T14:44:09.831+0300][gc     ] Using G1
[2024-04-03T14:44:09.836+0300][gc,init] Version: 21.0.2+13-58 (release)
[2024-04-03T14:44:09.836+0300][gc,init] CPUs: 4 total, 4 available
[2024-04-03T14:44:09.836+0300][gc,init] Memory: 32768M
[2024-04-03T14:44:09.836+0300][gc,init] Large Page Support: Disabled
[2024-04-03T14:44:09.836+0300][gc,init] NUMA Support: Disabled
[2024-04-03T14:44:09.836+0300][gc,init] Compressed Oops: Enabled (Zero based)
[2024-04-03T14:44:09.836+0300][gc,init] Heap Region Size: 1M
[2024-04-03T14:44:09.836+0300][gc,init] Heap Min Capacity: 1G
[2024-04-03T14:44:09.836+0300][gc,init] Heap Initial Capacity: 1G
[2024-04-03T14:44:09.836+0300][gc,init] Heap Max Capacity: 1G
[2024-04-03T14:44:09.836+0300][gc,init] Pre-touch: Disabled
[2024-04-03T14:44:09.836+0300][gc,init] Parallel Workers: 4
[2024-04-03T14:44:09.836+0300][gc,init] Concurrent Workers: 1
[2024-04-03T14:44:09.836+0300][gc,init] Concurrent Refinement Workers: 4
[2024-04-03T14:44:09.836+0300][gc,init] Periodic GC: Disabled
[2024-04-03T14:44:09.843+0300][gc,metaspace] CDS archive(s) mapped at: [0x000000011f000000-0x000000011fca4000-0x000000011fca4000), size 13254656, SharedBaseAddress: 0x000000011f000000, ArchiveRelocationMode: 1.
[2024-04-03T14:44:09.843+0300][gc,metaspace] Compressed class space mapped at: 0x0000000120000000-0x0000000160000000, reserved size: 1073741824
[2024-04-03T14:44:09.843+0300][gc,metaspace] Narrow klass base: 0x000000011f000000, Narrow klass shift: 0, Narrow klass range: 0x100000000
[2024-04-03T14:44:10.914+0300][gc,start    ] GC(0) Pause Young (Normal) (G1 Evacuation Pause)
[2024-04-03T14:44:10.914+0300][gc,task     ] GC(0) Using 4 workers of 4 for evacuation
[2024-04-03T14:44:10.919+0300][gc,phases   ] GC(0)   Pre Evacuate Collection Set: 0.1ms
[2024-04-03T14:44:10.920+0300][gc,phases   ] GC(0)   Merge Heap Roots: 0.1ms
[2024-04-03T14:44:10.920+0300][gc,phases   ] GC(0)   Evacuate Collection Set: 3.9ms
[2024-04-03T14:44:10.920+0300][gc,phases   ] GC(0)   Post Evacuate Collection Set: 0.7ms
[2024-04-03T14:44:10.920+0300][gc,phases   ] GC(0)   Other: 0.4ms
[2024-04-03T14:44:10.920+0300][gc,heap     ] GC(0) Eden regions: 51->0(44)
[2024-04-03T14:44:10.920+0300][gc,heap     ] GC(0) Survivor regions: 0->7(7)
[2024-04-03T14:44:10.920+0300][gc,heap     ] GC(0) Old regions: 2->3
[2024-04-03T14:44:10.920+0300][gc,heap     ] GC(0) Humongous regions: 0->0
[2024-04-03T14:44:10.920+0300][gc,metaspace] GC(0) Metaspace: 18417K(18560K)->18417K(18560K) NonClass: 16304K(16384K)->16304K(16384K) Class: 2113K(2176K)->2113K(2176K)
[2024-04-03T14:44:10.920+0300][gc          ] GC(0) Pause Young (Normal) (G1 Evacuation Pause) 52M->8M(1024M) 5.464ms
[2024-04-03T14:44:10.920+0300][gc,cpu      ] GC(0) User=0.01s Sys=0.00s Real=0.01s
[2024-04-03T14:44:11.041+0300][gc,start    ] GC(1) Pause Young (Concurrent Start) (Metadata GC Threshold)
[2024-04-03T14:44:11.041+0300][gc,task     ] GC(1) Using 4 workers of 4 for evacuation
[2024-04-03T14:44:11.045+0300][gc,phases   ] GC(1)   Pre Evacuate Collection Set: 0.1ms
[2024-04-03T14:44:11.045+0300][gc,phases   ] GC(1)   Merge Heap Roots: 0.1ms
[2024-04-03T14:44:11.045+0300][gc,phases   ] GC(1)   Evacuate Collection Set: 3.6ms
[2024-04-03T14:44:11.045+0300][gc,phases   ] GC(1)   Post Evacuate Collection Set: 0.4ms
[2024-04-03T14:44:11.045+0300][gc,phases   ] GC(1)   Other: 0.1ms
[2024-04-03T14:44:11.045+0300][gc,heap     ] GC(1) Eden regions: 12->0(50)
[2024-04-03T14:44:11.045+0300][gc,heap     ] GC(1) Survivor regions: 7->1(7)
[2024-04-03T14:44:11.045+0300][gc,heap     ] GC(1) Old regions: 3->10
[2024-04-03T14:44:11.045+0300][gc,heap     ] GC(1) Humongous regions: 0->0
[2024-04-03T14:44:11.045+0300][gc,metaspace] GC(1) Metaspace: 21312K(21504K)->21312K(21504K) NonClass: 18829K(18944K)->18829K(18944K) Class: 2482K(2560K)->2482K(2560K)
[2024-04-03T14:44:11.045+0300][gc          ] GC(1) Pause Young (Concurrent Start) (Metadata GC Threshold) 20M->9M(1024M) 4.482ms
[2024-04-03T14:44:11.045+0300][gc,cpu      ] GC(1) User=0.01s Sys=0.00s Real=0.00s
[2024-04-03T14:44:11.045+0300][gc          ] GC(2) Concurrent Mark Cycle
[2024-04-03T14:44:11.045+0300][gc,marking  ] GC(2) Concurrent Scan Root Regions
[2024-04-03T14:44:11.049+0300][gc,marking  ] GC(2) Concurrent Scan Root Regions 3.223ms
[2024-04-03T14:44:11.049+0300][gc,marking  ] GC(2) Concurrent Mark
[2024-04-03T14:44:11.049+0300][gc,marking  ] GC(2) Concurrent Mark From Roots
[2024-04-03T14:44:11.049+0300][gc,task     ] GC(2) Using 1 workers of 1 for marking
[2024-04-03T14:44:11.051+0300][gc,marking  ] GC(2) Concurrent Mark From Roots 2.063ms
[2024-04-03T14:44:11.051+0300][gc,marking  ] GC(2) Concurrent Preclean
[2024-04-03T14:44:11.051+0300][gc,marking  ] GC(2) Concurrent Preclean 0.012ms
[2024-04-03T14:44:11.051+0300][gc,start    ] GC(2) Pause Remark
[2024-04-03T14:44:11.052+0300][gc          ] GC(2) Pause Remark 10M->10M(1024M) 1.499ms
[2024-04-03T14:44:11.052+0300][gc,cpu      ] GC(2) User=0.00s Sys=0.00s Real=0.00s
[2024-04-03T14:44:11.053+0300][gc,marking  ] GC(2) Concurrent Mark 3.810ms
[2024-04-03T14:44:11.053+0300][gc,marking  ] GC(2) Concurrent Rebuild Remembered Sets and Scrub Regions
[2024-04-03T14:44:11.056+0300][gc,marking  ] GC(2) Concurrent Rebuild Remembered Sets and Scrub Regions 3.148ms
[2024-04-03T14:44:11.056+0300][gc,start    ] GC(2) Pause Cleanup
[2024-04-03T14:44:11.056+0300][gc          ] GC(2) Pause Cleanup 10M->10M(1024M) 0.132ms
[2024-04-03T14:44:11.056+0300][gc,cpu      ] GC(2) User=0.01s Sys=0.00s Real=0.00s
[2024-04-03T14:44:11.056+0300][gc,marking  ] GC(2) Concurrent Clear Claimed Marks
[2024-04-03T14:44:11.056+0300][gc,marking  ] GC(2) Concurrent Clear Claimed Marks 0.013ms
[2024-04-03T14:44:11.056+0300][gc,marking  ] GC(2) Concurrent Cleanup for Next Mark
[2024-04-03T14:44:11.063+0300][gc,marking  ] GC(2) Concurrent Cleanup for Next Mark 7.270ms
[2024-04-03T14:44:11.063+0300][gc          ] GC(2) Concurrent Mark Cycle 17.949ms
[2024-04-03T14:44:11.741+0300][gc,start    ] GC(3) Pause Young (Prepare Mixed) (GCLocker Initiated GC)
[2024-04-03T14:44:11.741+0300][gc,task     ] GC(3) Using 4 workers of 4 for evacuation
[2024-04-03T14:44:11.746+0300][gc,phases   ] GC(3)   Pre Evacuate Collection Set: 0.1ms
[2024-04-03T14:44:11.746+0300][gc,phases   ] GC(3)   Merge Heap Roots: 0.1ms
[2024-04-03T14:44:11.746+0300][gc,phases   ] GC(3)   Evacuate Collection Set: 4.3ms
[2024-04-03T14:44:11.746+0300][gc,phases   ] GC(3)   Post Evacuate Collection Set: 0.5ms
[2024-04-03T14:44:11.746+0300][gc,phases   ] GC(3)   Other: 0.1ms
[2024-04-03T14:44:11.746+0300][gc,heap     ] GC(3) Eden regions: 50->0(45)
[2024-04-03T14:44:11.746+0300][gc,heap     ] GC(3) Survivor regions: 1->6(7)
[2024-04-03T14:44:11.746+0300][gc,heap     ] GC(3) Old regions: 10->10
[2024-04-03T14:44:11.746+0300][gc,heap     ] GC(3) Humongous regions: 129->129
[2024-04-03T14:44:11.746+0300][gc,metaspace] GC(3) Metaspace: 31108K(31424K)->31108K(31424K) NonClass: 27650K(27840K)->27650K(27840K) Class: 3457K(3584K)->3457K(3584K)
[2024-04-03T14:44:11.746+0300][gc          ] GC(3) Pause Young (Prepare Mixed) (GCLocker Initiated GC) 188M->143M(1024M) 5.273ms
[2024-04-03T14:44:11.746+0300][gc,cpu      ] GC(3) User=0.01s Sys=0.00s Real=0.00s
[2024-04-03T14:44:11.980+0300][gc,start    ] GC(4) Pause Young (Mixed) (Metadata GC Threshold)
[2024-04-03T14:44:11.980+0300][gc,task     ] GC(4) Using 4 workers of 4 for evacuation
[2024-04-03T14:44:11.985+0300][gc,phases   ] GC(4)   Pre Evacuate Collection Set: 0.1ms
[2024-04-03T14:44:11.985+0300][gc,phases   ] GC(4)   Merge Heap Roots: 0.1ms
[2024-04-03T14:44:11.985+0300][gc,phases   ] GC(4)   Evacuate Collection Set: 4.0ms
[2024-04-03T14:44:11.985+0300][gc,phases   ] GC(4)   Post Evacuate Collection Set: 0.4ms
[2024-04-03T14:44:11.985+0300][gc,phases   ] GC(4)   Other: 0.1ms
[2024-04-03T14:44:11.985+0300][gc,heap     ] GC(4) Eden regions: 18->0(49)
[2024-04-03T14:44:11.985+0300][gc,heap     ] GC(4) Survivor regions: 6->2(7)
[2024-04-03T14:44:11.985+0300][gc,heap     ] GC(4) Old regions: 10->15
[2024-04-03T14:44:11.985+0300][gc,heap     ] GC(4) Humongous regions: 129->129
[2024-04-03T14:44:11.985+0300][gc,metaspace] GC(4) Metaspace: 35590K(35904K)->35590K(35904K) NonClass: 31701K(31872K)->31701K(31872K) Class: 3889K(4032K)->3889K(4032K)
[2024-04-03T14:44:11.985+0300][gc          ] GC(4) Pause Young (Mixed) (Metadata GC Threshold) 161M->145M(1024M) 4.902ms
[2024-04-03T14:44:11.985+0300][gc,cpu      ] GC(4) User=0.02s Sys=0.00s Real=0.00s
[2024-04-03T14:44:11.997+0300][gc,start    ] GC(5) Pause Young (Concurrent Start) (Metadata GC Threshold)
[2024-04-03T14:44:11.997+0300][gc,task     ] GC(5) Using 4 workers of 4 for evacuation
[2024-04-03T14:44:11.999+0300][gc,phases   ] GC(5)   Pre Evacuate Collection Set: 0.2ms
[2024-04-03T14:44:11.999+0300][gc,phases   ] GC(5)   Merge Heap Roots: 0.1ms
[2024-04-03T14:44:11.999+0300][gc,phases   ] GC(5)   Evacuate Collection Set: 1.1ms
[2024-04-03T14:44:11.999+0300][gc,phases   ] GC(5)   Post Evacuate Collection Set: 0.3ms
[2024-04-03T14:44:11.999+0300][gc,phases   ] GC(5)   Other: 0.2ms
[2024-04-03T14:44:11.999+0300][gc,heap     ] GC(5) Eden regions: 3->0(49)
[2024-04-03T14:44:11.999+0300][gc,heap     ] GC(5) Survivor regions: 2->2(7)
[2024-04-03T14:44:11.999+0300][gc,heap     ] GC(5) Old regions: 15->15
[2024-04-03T14:44:11.999+0300][gc,heap     ] GC(5) Humongous regions: 129->129
[2024-04-03T14:44:11.999+0300][gc,metaspace] GC(5) Metaspace: 35963K(36288K)->35963K(36288K) NonClass: 32032K(32192K)->32032K(32192K) Class: 3930K(4096K)->3930K(4096K)
[2024-04-03T14:44:11.999+0300][gc          ] GC(5) Pause Young (Concurrent Start) (Metadata GC Threshold) 147M->145M(1024M) 1.969ms
[2024-04-03T14:44:11.999+0300][gc,cpu      ] GC(5) User=0.00s Sys=0.00s Real=0.00s
[2024-04-03T14:44:11.999+0300][gc          ] GC(6) Concurrent Mark Cycle
[2024-04-03T14:44:11.999+0300][gc,marking  ] GC(6) Concurrent Scan Root Regions
[2024-04-03T14:44:12.001+0300][gc,marking  ] GC(6) Concurrent Scan Root Regions 1.303ms
[2024-04-03T14:44:12.001+0300][gc,marking  ] GC(6) Concurrent Mark
[2024-04-03T14:44:12.001+0300][gc,marking  ] GC(6) Concurrent Mark From Roots
[2024-04-03T14:44:12.001+0300][gc,task     ] GC(6) Using 1 workers of 1 for marking
[2024-04-03T14:44:12.018+0300][gc,marking  ] GC(6) Concurrent Mark From Roots 17.071ms
[2024-04-03T14:44:12.018+0300][gc,marking  ] GC(6) Concurrent Preclean
[2024-04-03T14:44:12.019+0300][gc,marking  ] GC(6) Concurrent Preclean 1.211ms
[2024-04-03T14:44:12.019+0300][gc,start    ] GC(6) Pause Remark
[2024-04-03T14:44:12.021+0300][gc          ] GC(6) Pause Remark 147M->147M(1024M) 2.012ms
[2024-04-03T14:44:12.021+0300][gc,cpu      ] GC(6) User=0.00s Sys=0.00s Real=0.01s
[2024-04-03T14:44:12.027+0300][gc,marking  ] GC(6) Concurrent Mark 26.299ms
[2024-04-03T14:44:12.027+0300][gc,marking  ] GC(6) Concurrent Rebuild Remembered Sets and Scrub Regions
[2024-04-03T14:44:12.035+0300][gc,marking  ] GC(6) Concurrent Rebuild Remembered Sets and Scrub Regions 7.891ms
[2024-04-03T14:44:12.035+0300][gc,start    ] GC(6) Pause Cleanup
[2024-04-03T14:44:12.035+0300][gc          ] GC(6) Pause Cleanup 148M->148M(1024M) 0.154ms
[2024-04-03T14:44:12.035+0300][gc,cpu      ] GC(6) User=0.00s Sys=0.00s Real=0.00s
[2024-04-03T14:44:12.040+0300][gc,marking  ] GC(6) Concurrent Clear Claimed Marks
[2024-04-03T14:44:12.041+0300][gc,marking  ] GC(6) Concurrent Clear Claimed Marks 0.045ms
[2024-04-03T14:44:12.041+0300][gc,marking  ] GC(6) Concurrent Cleanup for Next Mark
[2024-04-03T14:44:12.042+0300][gc,marking  ] GC(6) Concurrent Cleanup for Next Mark 1.691ms
[2024-04-03T14:44:12.042+0300][gc          ] GC(6) Concurrent Mark Cycle 43.071ms
[2024-04-03T15:01:32.614+0300][gc,start    ] GC(7) Pause Young (Prepare Mixed) (G1 Evacuation Pause)
[2024-04-03T15:01:32.614+0300][gc,task     ] GC(7) Using 4 workers of 4 for evacuation
[2024-04-03T15:01:32.617+0300][gc,phases   ] GC(7)   Pre Evacuate Collection Set: 0.1ms
[2024-04-03T15:01:32.617+0300][gc,phases   ] GC(7)   Merge Heap Roots: 0.1ms
[2024-04-03T15:01:32.617+0300][gc,phases   ] GC(7)   Evacuate Collection Set: 2.2ms
[2024-04-03T15:01:32.617+0300][gc,phases   ] GC(7)   Post Evacuate Collection Set: 0.5ms
[2024-04-03T15:01:32.617+0300][gc,phases   ] GC(7)   Other: 0.1ms
[2024-04-03T15:01:32.617+0300][gc,heap     ] GC(7) Eden regions: 49->0(48)
[2024-04-03T15:01:32.617+0300][gc,heap     ] GC(7) Survivor regions: 2->3(7)
[2024-04-03T15:01:32.617+0300][gc,heap     ] GC(7) Old regions: 15->15
[2024-04-03T15:01:32.617+0300][gc,heap     ] GC(7) Humongous regions: 147->129
[2024-04-03T15:01:32.617+0300][gc,metaspace] GC(7) Metaspace: 40200K(40768K)->40200K(40768K) NonClass: 35605K(35904K)->35605K(35904K) Class: 4594K(4864K)->4594K(4864K)
[2024-04-03T15:01:32.617+0300][gc          ] GC(7) Pause Young (Prepare Mixed) (G1 Evacuation Pause) 212M->146M(1024M) 3.144ms
[2024-04-03T15:01:32.617+0300][gc,cpu      ] GC(7) User=0.01s Sys=0.00s Real=0.00s
[2024-04-03T15:37:12.316+0300][gc,start    ] GC(8) Pause Young (Mixed) (G1 Evacuation Pause)
[2024-04-03T15:37:12.316+0300][gc,task     ] GC(8) Using 4 workers of 4 for evacuation
[2024-04-03T15:37:12.321+0300][gc,phases   ] GC(8)   Pre Evacuate Collection Set: 0.2ms
[2024-04-03T15:37:12.321+0300][gc,phases   ] GC(8)   Merge Heap Roots: 0.1ms
[2024-04-03T15:37:12.321+0300][gc,phases   ] GC(8)   Evacuate Collection Set: 3.9ms
[2024-04-03T15:37:12.321+0300][gc,phases   ] GC(8)   Post Evacuate Collection Set: 0.3ms
[2024-04-03T15:37:12.321+0300][gc,phases   ] GC(8)   Other: 0.2ms
[2024-04-03T15:37:12.321+0300][gc,heap     ] GC(8) Eden regions: 48->0(48)
[2024-04-03T15:37:12.321+0300][gc,heap     ] GC(8) Survivor regions: 3->3(7)
[2024-04-03T15:37:12.321+0300][gc,heap     ] GC(8) Old regions: 15->15
[2024-04-03T15:37:12.321+0300][gc,heap     ] GC(8) Humongous regions: 129->129
[2024-04-03T15:37:12.321+0300][gc,metaspace] GC(8) Metaspace: 40423K(40960K)->40423K(40960K) NonClass: 35828K(36096K)->35828K(36096K) Class: 4594K(4864K)->4594K(4864K)
[2024-04-03T15:37:12.321+0300][gc          ] GC(8) Pause Young (Mixed) (G1 Evacuation Pause) 194M->146M(1024M) 4.846ms
[2024-04-03T15:37:12.321+0300][gc,cpu      ] GC(8) User=0.01s Sys=0.00s Real=0.01s
[2024-04-03T16:14:11.358+0300][gc,start    ] GC(9) Pause Young (Normal) (G1 Evacuation Pause)
[2024-04-03T16:14:11.358+0300][gc,task     ] GC(9) Using 4 workers of 4 for evacuation
[2024-04-03T16:14:11.362+0300][gc,phases   ] GC(9)   Pre Evacuate Collection Set: 0.2ms
[2024-04-03T16:14:11.362+0300][gc,phases   ] GC(9)   Merge Heap Roots: 0.1ms
[2024-04-03T16:14:11.362+0300][gc,phases   ] GC(9)   Evacuate Collection Set: 2.6ms
[2024-04-03T16:14:11.362+0300][gc,phases   ] GC(9)   Post Evacuate Collection Set: 0.5ms
[2024-04-03T16:14:11.362+0300][gc,phases   ] GC(9)   Other: 0.1ms
[2024-04-03T16:14:11.362+0300][gc,heap     ] GC(9) Eden regions: 48->0(48)
[2024-04-03T16:14:11.362+0300][gc,heap     ] GC(9) Survivor regions: 3->3(7)
[2024-04-03T16:14:11.362+0300][gc,heap     ] GC(9) Old regions: 15->15
[2024-04-03T16:14:11.362+0300][gc,heap     ] GC(9) Humongous regions: 129->129
[2024-04-03T16:14:11.362+0300][gc,metaspace] GC(9) Metaspace: 40515K(41088K)->40515K(41088K) NonClass: 35917K(36224K)->35917K(36224K) Class: 4598K(4864K)->4598K(4864K)
[2024-04-03T16:14:11.362+0300][gc          ] GC(9) Pause Young (Normal) (G1 Evacuation Pause) 194M->146M(1024M) 3.530ms
[2024-04-03T16:14:11.362+0300][gc,cpu      ] GC(9) User=0.01s Sys=0.00s Real=0.01s
[2024-04-03T16:51:02.611+0300][gc,start    ] GC(10) Pause Young (Normal) (G1 Evacuation Pause)
[2024-04-03T16:51:02.611+0300][gc,task     ] GC(10) Using 4 workers of 4 for evacuation
[2024-04-03T16:51:02.615+0300][gc,phases   ] GC(10)   Pre Evacuate Collection Set: 0.1ms
[2024-04-03T16:51:02.615+0300][gc,phases   ] GC(10)   Merge Heap Roots: 0.1ms
[2024-04-03T16:51:02.615+0300][gc,phases   ] GC(10)   Evacuate Collection Set: 3.3ms
[2024-04-03T16:51:02.615+0300][gc,phases   ] GC(10)   Post Evacuate Collection Set: 0.5ms
[2024-04-03T16:51:02.615+0300][gc,phases   ] GC(10)   Other: 0.1ms
[2024-04-03T16:51:02.615+0300][gc,heap     ] GC(10) Eden regions: 48->0(47)
[2024-04-03T16:51:02.615+0300][gc,heap     ] GC(10) Survivor regions: 3->4(7)
[2024-04-03T16:51:02.615+0300][gc,heap     ] GC(10) Old regions: 15->15
[2024-04-03T16:51:02.615+0300][gc,heap     ] GC(10) Humongous regions: 129->129
[2024-04-03T16:51:02.615+0300][gc,metaspace] GC(10) Metaspace: 40554K(41088K)->40554K(41088K) NonClass: 35955K(36224K)->35955K(36224K) Class: 4598K(4864K)->4598K(4864K)
[2024-04-03T16:51:02.615+0300][gc          ] GC(10) Pause Young (Normal) (G1 Evacuation Pause) 194M->146M(1024M) 4.243ms
[2024-04-03T16:51:02.615+0300][gc,cpu      ] GC(10) User=0.01s Sys=0.00s Real=0.00s
[2024-04-03T17:27:15.696+0300][gc,start    ] GC(11) Pause Young (Normal) (G1 Evacuation Pause)
[2024-04-03T17:27:15.696+0300][gc,task     ] GC(11) Using 4 workers of 4 for evacuation
[2024-04-03T17:27:15.700+0300][gc,phases   ] GC(11)   Pre Evacuate Collection Set: 0.2ms
[2024-04-03T17:27:15.700+0300][gc,phases   ] GC(11)   Merge Heap Roots: 0.1ms
[2024-04-03T17:27:15.700+0300][gc,phases   ] GC(11)   Evacuate Collection Set: 2.9ms
[2024-04-03T17:27:15.700+0300][gc,phases   ] GC(11)   Post Evacuate Collection Set: 0.4ms
[2024-04-03T17:27:15.700+0300][gc,phases   ] GC(11)   Other: 0.1ms
[2024-04-03T17:27:15.700+0300][gc,heap     ] GC(11) Eden regions: 47->0(47)
[2024-04-03T17:27:15.700+0300][gc,heap     ] GC(11) Survivor regions: 4->4(7)
[2024-04-03T17:27:15.700+0300][gc,heap     ] GC(11) Old regions: 15->15
[2024-04-03T17:27:15.700+0300][gc,heap     ] GC(11) Humongous regions: 129->129
[2024-04-03T17:27:15.700+0300][gc,metaspace] GC(11) Metaspace: 40573K(41152K)->40573K(41152K) NonClass: 35975K(36288K)->35975K(36288K) Class: 4598K(4864K)->4598K(4864K)
[2024-04-03T17:27:15.700+0300][gc          ] GC(11) Pause Young (Normal) (G1 Evacuation Pause) 193M->146M(1024M) 4.017ms
[2024-04-03T17:27:15.700+0300][gc,cpu      ] GC(11) User=0.01s Sys=0.00s Real=0.01s
[2024-04-03T18:03:31.254+0300][gc,start    ] GC(12) Pause Young (Normal) (G1 Evacuation Pause)
[2024-04-03T18:03:31.254+0300][gc,task     ] GC(12) Using 4 workers of 4 for evacuation
[2024-04-03T18:03:31.257+0300][gc,phases   ] GC(12)   Pre Evacuate Collection Set: 0.2ms
[2024-04-03T18:03:31.257+0300][gc,phases   ] GC(12)   Merge Heap Roots: 0.1ms
[2024-04-03T18:03:31.257+0300][gc,phases   ] GC(12)   Evacuate Collection Set: 2.4ms
[2024-04-03T18:03:31.257+0300][gc,phases   ] GC(12)   Post Evacuate Collection Set: 0.4ms
[2024-04-03T18:03:31.257+0300][gc,phases   ] GC(12)   Other: 0.1ms
[2024-04-03T18:03:31.257+0300][gc,heap     ] GC(12) Eden regions: 47->0(47)
[2024-04-03T18:03:31.257+0300][gc,heap     ] GC(12) Survivor regions: 4->4(7)
[2024-04-03T18:03:31.257+0300][gc,heap     ] GC(12) Old regions: 15->15
[2024-04-03T18:03:31.257+0300][gc,heap     ] GC(12) Humongous regions: 129->129
[2024-04-03T18:03:31.257+0300][gc,metaspace] GC(12) Metaspace: 40585K(41152K)->40585K(41152K) NonClass: 35987K(36288K)->35987K(36288K) Class: 4598K(4864K)->4598K(4864K)
[2024-04-03T18:03:31.257+0300][gc          ] GC(12) Pause Young (Normal) (G1 Evacuation Pause) 193M->146M(1024M) 3.305ms
[2024-04-03T18:03:31.257+0300][gc,cpu      ] GC(12) User=0.00s Sys=0.01s Real=0.00s
[2024-04-03T18:34:03.040+0300][gc,start    ] GC(13) Pause Young (Normal) (G1 Evacuation Pause)
[2024-04-03T18:34:03.040+0300][gc,task     ] GC(13) Using 4 workers of 4 for evacuation
[2024-04-03T18:34:03.043+0300][gc,phases   ] GC(13)   Pre Evacuate Collection Set: 0.1ms
[2024-04-03T18:34:03.043+0300][gc,phases   ] GC(13)   Merge Heap Roots: 0.0ms
[2024-04-03T18:34:03.043+0300][gc,phases   ] GC(13)   Evacuate Collection Set: 2.9ms
[2024-04-03T18:34:03.043+0300][gc,phases   ] GC(13)   Post Evacuate Collection Set: 0.4ms
[2024-04-03T18:34:03.043+0300][gc,phases   ] GC(13)   Other: 0.1ms
[2024-04-03T18:34:03.043+0300][gc,heap     ] GC(13) Eden regions: 47->0(74)
[2024-04-03T18:34:03.043+0300][gc,heap     ] GC(13) Survivor regions: 4->4(7)
[2024-04-03T18:34:03.043+0300][gc,heap     ] GC(13) Old regions: 15->15
[2024-04-03T18:34:03.043+0300][gc,heap     ] GC(13) Humongous regions: 129->129
[2024-04-03T18:34:03.043+0300][gc,metaspace] GC(13) Metaspace: 41824K(42368K)->41824K(42368K) NonClass: 36937K(37248K)->36937K(37248K) Class: 4886K(5120K)->4886K(5120K)
[2024-04-03T18:34:03.043+0300][gc          ] GC(13) Pause Young (Normal) (G1 Evacuation Pause) 193M->147M(1024M) 3.634ms
[2024-04-03T18:34:03.043+0300][gc,cpu      ] GC(13) User=0.01s Sys=0.00s Real=0.00s
[2024-04-03T18:51:26.561+0300][gc,start    ] GC(14) Pause Young (Normal) (G1 Evacuation Pause)
[2024-04-03T18:51:26.561+0300][gc,task     ] GC(14) Using 4 workers of 4 for evacuation
[2024-04-03T18:51:26.573+0300][gc,phases   ] GC(14)   Pre Evacuate Collection Set: 0.2ms
[2024-04-03T18:51:26.573+0300][gc,phases   ] GC(14)   Merge Heap Roots: 0.1ms
[2024-04-03T18:51:26.573+0300][gc,phases   ] GC(14)   Evacuate Collection Set: 11.2ms
[2024-04-03T18:51:26.573+0300][gc,phases   ] GC(14)   Post Evacuate Collection Set: 1.0ms
[2024-04-03T18:51:26.573+0300][gc,phases   ] GC(14)   Other: 0.1ms
[2024-04-03T18:51:26.574+0300][gc,heap     ] GC(14) Eden regions: 70->0(45)
[2024-04-03T18:51:26.574+0300][gc,heap     ] GC(14) Survivor regions: 4->6(10)
[2024-04-03T18:51:26.574+0300][gc,heap     ] GC(14) Old regions: 15->15
[2024-04-03T18:51:26.574+0300][gc,heap     ] GC(14) Humongous regions: 129->129
[2024-04-03T18:51:26.574+0300][gc,metaspace] GC(14) Metaspace: 43779K(44416K)->43779K(44416K) NonClass: 38644K(38976K)->38644K(38976K) Class: 5134K(5440K)->5134K(5440K)
[2024-04-03T18:51:26.574+0300][gc          ] GC(14) Pause Young (Normal) (G1 Evacuation Pause) 217M->149M(1024M) 12.859ms
[2024-04-03T18:51:26.574+0300][gc,cpu      ] GC(14) User=0.02s Sys=0.01s Real=0.01s
[2024-04-03T19:24:27.591+0300][gc,start    ] GC(15) Pause Young (Normal) (G1 Evacuation Pause)
[2024-04-03T19:24:27.591+0300][gc,task     ] GC(15) Using 4 workers of 4 for evacuation
[2024-04-03T19:24:27.598+0300][gc,phases   ] GC(15)   Pre Evacuate Collection Set: 0.2ms
[2024-04-03T19:24:27.598+0300][gc,phases   ] GC(15)   Merge Heap Roots: 0.1ms
[2024-04-03T19:24:27.598+0300][gc,phases   ] GC(15)   Evacuate Collection Set: 5.3ms
[2024-04-03T19:24:27.598+0300][gc,phases   ] GC(15)   Post Evacuate Collection Set: 0.5ms
[2024-04-03T19:24:27.598+0300][gc,phases   ] GC(15)   Other: 0.2ms
[2024-04-03T19:24:27.598+0300][gc,heap     ] GC(15) Eden regions: 45->0(108)
[2024-04-03T19:24:27.598+0300][gc,heap     ] GC(15) Survivor regions: 6->4(7)
[2024-04-03T19:24:27.598+0300][gc,heap     ] GC(15) Old regions: 15->18
[2024-04-03T19:24:27.598+0300][gc,heap     ] GC(15) Humongous regions: 129->129
[2024-04-03T19:24:27.598+0300][gc,metaspace] GC(15) Metaspace: 43809K(44544K)->43809K(44544K) NonClass: 38674K(39104K)->38674K(39104K) Class: 5135K(5440K)->5135K(5440K)
[2024-04-03T19:24:27.598+0300][gc          ] GC(15) Pause Young (Normal) (G1 Evacuation Pause) 194M->149M(1024M) 6.557ms
[2024-04-03T19:24:27.598+0300][gc,cpu      ] GC(15) User=0.01s Sys=0.01s Real=0.00s
[2024-04-03T20:23:03.311+0300][gc,start    ] GC(16) Pause Young (Normal) (G1 Evacuation Pause)
[2024-04-03T20:23:03.311+0300][gc,task     ] GC(16) Using 4 workers of 4 for evacuation
[2024-04-03T20:23:03.318+0300][gc,phases   ] GC(16)   Pre Evacuate Collection Set: 0.6ms
[2024-04-03T20:23:03.318+0300][gc,phases   ] GC(16)   Merge Heap Roots: 0.2ms
[2024-04-03T20:23:03.318+0300][gc,phases   ] GC(16)   Evacuate Collection Set: 4.9ms
[2024-04-03T20:23:03.318+0300][gc,phases   ] GC(16)   Post Evacuate Collection Set: 0.4ms
[2024-04-03T20:23:03.318+0300][gc,phases   ] GC(16)   Other: 0.1ms
[2024-04-03T20:23:03.318+0300][gc,heap     ] GC(16) Eden regions: 104->0(610)
[2024-04-03T20:23:03.318+0300][gc,heap     ] GC(16) Survivor regions: 4->4(14)
[2024-04-03T20:23:03.318+0300][gc,heap     ] GC(16) Old regions: 18->18
[2024-04-03T20:23:03.318+0300][gc,heap     ] GC(16) Humongous regions: 129->129
[2024-04-03T20:23:03.318+0300][gc,metaspace] GC(16) Metaspace: 43858K(44544K)->43858K(44544K) NonClass: 38723K(39104K)->38723K(39104K) Class: 5135K(5440K)->5135K(5440K)
[2024-04-03T20:23:03.318+0300][gc          ] GC(16) Pause Young (Normal) (G1 Evacuation Pause) 253M->149M(1024M) 6.498ms
[2024-04-03T20:23:03.318+0300][gc,cpu      ] GC(16) User=0.02s Sys=0.00s Real=0.00s
[2024-04-03T21:34:03.331+0300][gc,heap,exit] Heap
[2024-04-03T21:34:03.331+0300][gc,heap,exit]  garbage-first heap   total 1048576K, used 575436K [0x00000007c0000000, 0x0000000800000000)
[2024-04-03T21:34:03.331+0300][gc,heap,exit]   region size 1024K, 416 young (425984K), 4 survivors (4096K)
[2024-04-03T21:34:03.331+0300][gc,heap,exit]  Metaspace       used 44807K, committed 45504K, reserved 1114112K
[2024-04-03T21:34:03.331+0300][gc,heap,exit]   class space    used 5316K, committed 5632K, reserved 1048576K
