[2024-04-11T13:53:29.646+0300][gc,init] CardTable entry size: 512
[2024-04-11T13:53:29.646+0300][gc     ] Using G1
[2024-04-11T13:53:29.651+0300][gc,init] Version: 21.0.2+13-58 (release)
[2024-04-11T13:53:29.651+0300][gc,init] CPUs: 4 total, 4 available
[2024-04-11T13:53:29.651+0300][gc,init] Memory: 32768M
[2024-04-11T13:53:29.651+0300][gc,init] Large Page Support: Disabled
[2024-04-11T13:53:29.651+0300][gc,init] NUMA Support: Disabled
[2024-04-11T13:53:29.651+0300][gc,init] Compressed Oops: Enabled (Zero based)
[2024-04-11T13:53:29.651+0300][gc,init] Heap Region Size: 1M
[2024-04-11T13:53:29.651+0300][gc,init] Heap Min Capacity: 1G
[2024-04-11T13:53:29.651+0300][gc,init] Heap Initial Capacity: 1G
[2024-04-11T13:53:29.651+0300][gc,init] Heap Max Capacity: 1G
[2024-04-11T13:53:29.651+0300][gc,init] Pre-touch: Disabled
[2024-04-11T13:53:29.651+0300][gc,init] Parallel Workers: 4
[2024-04-11T13:53:29.651+0300][gc,init] Concurrent Workers: 1
[2024-04-11T13:53:29.651+0300][gc,init] Concurrent Refinement Workers: 4
[2024-04-11T13:53:29.651+0300][gc,init] Periodic GC: Disabled
[2024-04-11T13:53:29.658+0300][gc,metaspace] CDS archive(s) mapped at: [0x0000000123000000-0x0000000123ca4000-0x0000000123ca4000), size 13254656, SharedBaseAddress: 0x0000000123000000, ArchiveRelocationMode: 1.
[2024-04-11T13:53:29.658+0300][gc,metaspace] Compressed class space mapped at: 0x0000000124000000-0x0000000164000000, reserved size: 1073741824
[2024-04-11T13:53:29.658+0300][gc,metaspace] Narrow klass base: 0x0000000123000000, Narrow klass shift: 0, Narrow klass range: 0x100000000
[2024-04-11T13:53:30.738+0300][gc,start    ] GC(0) Pause Young (Normal) (G1 Evacuation Pause)
[2024-04-11T13:53:30.738+0300][gc,task     ] GC(0) Using 4 workers of 4 for evacuation
[2024-04-11T13:53:30.744+0300][gc,phases   ] GC(0)   Pre Evacuate Collection Set: 0.2ms
[2024-04-11T13:53:30.744+0300][gc,phases   ] GC(0)   Merge Heap Roots: 0.1ms
[2024-04-11T13:53:30.744+0300][gc,phases   ] GC(0)   Evacuate Collection Set: 4.3ms
[2024-04-11T13:53:30.744+0300][gc,phases   ] GC(0)   Post Evacuate Collection Set: 0.7ms
[2024-04-11T13:53:30.744+0300][gc,phases   ] GC(0)   Other: 0.3ms
[2024-04-11T13:53:30.744+0300][gc,heap     ] GC(0) Eden regions: 51->0(44)
[2024-04-11T13:53:30.744+0300][gc,heap     ] GC(0) Survivor regions: 0->7(7)
[2024-04-11T13:53:30.744+0300][gc,heap     ] GC(0) Old regions: 2->3
[2024-04-11T13:53:30.744+0300][gc,heap     ] GC(0) Humongous regions: 0->0
[2024-04-11T13:53:30.744+0300][gc,metaspace] GC(0) Metaspace: 18093K(18304K)->18093K(18304K) NonClass: 16011K(16128K)->16011K(16128K) Class: 2081K(2176K)->2081K(2176K)
[2024-04-11T13:53:30.744+0300][gc          ] GC(0) Pause Young (Normal) (G1 Evacuation Pause) 52M->8M(1024M) 5.773ms
[2024-04-11T13:53:30.744+0300][gc,cpu      ] GC(0) User=0.01s Sys=0.00s Real=0.01s
[2024-04-11T13:53:30.884+0300][gc,start    ] GC(1) Pause Young (Concurrent Start) (Metadata GC Threshold)
[2024-04-11T13:53:30.884+0300][gc,task     ] GC(1) Using 4 workers of 4 for evacuation
[2024-04-11T13:53:30.889+0300][gc,phases   ] GC(1)   Pre Evacuate Collection Set: 0.2ms
[2024-04-11T13:53:30.889+0300][gc,phases   ] GC(1)   Merge Heap Roots: 0.1ms
[2024-04-11T13:53:30.889+0300][gc,phases   ] GC(1)   Evacuate Collection Set: 4.2ms
[2024-04-11T13:53:30.889+0300][gc,phases   ] GC(1)   Post Evacuate Collection Set: 0.4ms
[2024-04-11T13:53:30.889+0300][gc,phases   ] GC(1)   Other: 0.1ms
[2024-04-11T13:53:30.889+0300][gc,heap     ] GC(1) Eden regions: 13->0(50)
[2024-04-11T13:53:30.889+0300][gc,heap     ] GC(1) Survivor regions: 7->1(7)
[2024-04-11T13:53:30.889+0300][gc,heap     ] GC(1) Old regions: 3->11
[2024-04-11T13:53:30.889+0300][gc,heap     ] GC(1) Humongous regions: 0->0
[2024-04-11T13:53:30.889+0300][gc,metaspace] GC(1) Metaspace: 21312K(21504K)->21312K(21504K) NonClass: 18829K(18944K)->18829K(18944K) Class: 2483K(2560K)->2483K(2560K)
[2024-04-11T13:53:30.889+0300][gc          ] GC(1) Pause Young (Concurrent Start) (Metadata GC Threshold) 21M->10M(1024M) 5.210ms
[2024-04-11T13:53:30.889+0300][gc,cpu      ] GC(1) User=0.01s Sys=0.01s Real=0.00s
[2024-04-11T13:53:30.889+0300][gc          ] GC(2) Concurrent Mark Cycle
[2024-04-11T13:53:30.889+0300][gc,marking  ] GC(2) Concurrent Scan Root Regions
[2024-04-11T13:53:30.892+0300][gc,marking  ] GC(2) Concurrent Scan Root Regions 3.172ms
[2024-04-11T13:53:30.892+0300][gc,marking  ] GC(2) Concurrent Mark
[2024-04-11T13:53:30.892+0300][gc,marking  ] GC(2) Concurrent Mark From Roots
[2024-04-11T13:53:30.892+0300][gc,task     ] GC(2) Using 1 workers of 1 for marking
[2024-04-11T13:53:30.895+0300][gc,marking  ] GC(2) Concurrent Mark From Roots 2.464ms
[2024-04-11T13:53:30.895+0300][gc,marking  ] GC(2) Concurrent Preclean
[2024-04-11T13:53:30.895+0300][gc,marking  ] GC(2) Concurrent Preclean 0.025ms
[2024-04-11T13:53:30.895+0300][gc,start    ] GC(2) Pause Remark
[2024-04-11T13:53:30.896+0300][gc          ] GC(2) Pause Remark 10M->10M(1024M) 1.443ms
[2024-04-11T13:53:30.896+0300][gc,cpu      ] GC(2) User=0.01s Sys=0.00s Real=0.00s
[2024-04-11T13:53:30.897+0300][gc,marking  ] GC(2) Concurrent Mark 4.180ms
[2024-04-11T13:53:30.897+0300][gc,marking  ] GC(2) Concurrent Rebuild Remembered Sets and Scrub Regions
[2024-04-11T13:53:30.900+0300][gc,marking  ] GC(2) Concurrent Rebuild Remembered Sets and Scrub Regions 3.235ms
[2024-04-11T13:53:30.900+0300][gc,start    ] GC(2) Pause Cleanup
[2024-04-11T13:53:30.900+0300][gc          ] GC(2) Pause Cleanup 10M->10M(1024M) 0.161ms
[2024-04-11T13:53:30.900+0300][gc,cpu      ] GC(2) User=0.00s Sys=0.00s Real=0.00s
[2024-04-11T13:53:30.900+0300][gc,marking  ] GC(2) Concurrent Clear Claimed Marks
[2024-04-11T13:53:30.900+0300][gc,marking  ] GC(2) Concurrent Clear Claimed Marks 0.019ms
[2024-04-11T13:53:30.900+0300][gc,marking  ] GC(2) Concurrent Cleanup for Next Mark
[2024-04-11T13:53:30.907+0300][gc,marking  ] GC(2) Concurrent Cleanup for Next Mark 7.114ms
[2024-04-11T13:53:30.907+0300][gc          ] GC(2) Concurrent Mark Cycle 18.276ms
[2024-04-11T13:53:31.648+0300][gc,start    ] GC(3) Pause Young (Prepare Mixed) (G1 Evacuation Pause)
[2024-04-11T13:53:31.648+0300][gc,task     ] GC(3) Using 4 workers of 4 for evacuation
[2024-04-11T13:53:31.651+0300][gc,phases   ] GC(3)   Pre Evacuate Collection Set: 0.1ms
[2024-04-11T13:53:31.652+0300][gc,phases   ] GC(3)   Merge Heap Roots: 0.1ms
[2024-04-11T13:53:31.652+0300][gc,phases   ] GC(3)   Evacuate Collection Set: 2.9ms
[2024-04-11T13:53:31.652+0300][gc,phases   ] GC(3)   Post Evacuate Collection Set: 0.4ms
[2024-04-11T13:53:31.652+0300][gc,phases   ] GC(3)   Other: 0.1ms
[2024-04-11T13:53:31.652+0300][gc,heap     ] GC(3) Eden regions: 50->0(45)
[2024-04-11T13:53:31.652+0300][gc,heap     ] GC(3) Survivor regions: 1->6(7)
[2024-04-11T13:53:31.652+0300][gc,heap     ] GC(3) Old regions: 11->11
[2024-04-11T13:53:31.652+0300][gc,heap     ] GC(3) Humongous regions: 129->129
[2024-04-11T13:53:31.652+0300][gc,metaspace] GC(3) Metaspace: 31201K(31488K)->31201K(31488K) NonClass: 27741K(27904K)->27741K(27904K) Class: 3460K(3584K)->3460K(3584K)
[2024-04-11T13:53:31.652+0300][gc          ] GC(3) Pause Young (Prepare Mixed) (G1 Evacuation Pause) 189M->143M(1024M) 3.749ms
[2024-04-11T13:53:31.652+0300][gc,cpu      ] GC(3) User=0.01s Sys=0.00s Real=0.01s
[2024-04-11T13:53:31.878+0300][gc,start    ] GC(4) Pause Young (Mixed) (Metadata GC Threshold)
[2024-04-11T13:53:31.878+0300][gc,task     ] GC(4) Using 4 workers of 4 for evacuation
[2024-04-11T13:53:31.883+0300][gc,phases   ] GC(4)   Pre Evacuate Collection Set: 0.1ms
[2024-04-11T13:53:31.883+0300][gc,phases   ] GC(4)   Merge Heap Roots: 0.1ms
[2024-04-11T13:53:31.883+0300][gc,phases   ] GC(4)   Evacuate Collection Set: 4.1ms
[2024-04-11T13:53:31.883+0300][gc,phases   ] GC(4)   Post Evacuate Collection Set: 0.4ms
[2024-04-11T13:53:31.883+0300][gc,phases   ] GC(4)   Other: 0.1ms
[2024-04-11T13:53:31.883+0300][gc,heap     ] GC(4) Eden regions: 18->0(49)
[2024-04-11T13:53:31.883+0300][gc,heap     ] GC(4) Survivor regions: 6->2(7)
[2024-04-11T13:53:31.883+0300][gc,heap     ] GC(4) Old regions: 11->15
[2024-04-11T13:53:31.883+0300][gc,heap     ] GC(4) Humongous regions: 129->129
[2024-04-11T13:53:31.883+0300][gc,metaspace] GC(4) Metaspace: 35645K(35968K)->35645K(35968K) NonClass: 31775K(31936K)->31775K(31936K) Class: 3870K(4032K)->3870K(4032K)
[2024-04-11T13:53:31.883+0300][gc          ] GC(4) Pause Young (Mixed) (Metadata GC Threshold) 161M->145M(1024M) 4.985ms
[2024-04-11T13:53:31.883+0300][gc,cpu      ] GC(4) User=0.02s Sys=0.00s Real=0.01s
[2024-04-11T13:53:31.899+0300][gc,start    ] GC(5) Pause Young (Concurrent Start) (Metadata GC Threshold)
[2024-04-11T13:53:31.899+0300][gc,task     ] GC(5) Using 4 workers of 4 for evacuation
[2024-04-11T13:53:31.901+0300][gc,phases   ] GC(5)   Pre Evacuate Collection Set: 0.2ms
[2024-04-11T13:53:31.901+0300][gc,phases   ] GC(5)   Merge Heap Roots: 0.1ms
[2024-04-11T13:53:31.901+0300][gc,phases   ] GC(5)   Evacuate Collection Set: 1.2ms
[2024-04-11T13:53:31.901+0300][gc,phases   ] GC(5)   Post Evacuate Collection Set: 0.3ms
[2024-04-11T13:53:31.901+0300][gc,phases   ] GC(5)   Other: 0.1ms
[2024-04-11T13:53:31.901+0300][gc,heap     ] GC(5) Eden regions: 3->0(49)
[2024-04-11T13:53:31.901+0300][gc,heap     ] GC(5) Survivor regions: 2->2(7)
[2024-04-11T13:53:31.901+0300][gc,heap     ] GC(5) Old regions: 15->15
[2024-04-11T13:53:31.901+0300][gc,heap     ] GC(5) Humongous regions: 129->129
[2024-04-11T13:53:31.901+0300][gc,metaspace] GC(5) Metaspace: 36017K(36288K)->36017K(36288K) NonClass: 32099K(32256K)->32099K(32256K) Class: 3918K(4032K)->3918K(4032K)
[2024-04-11T13:53:31.901+0300][gc          ] GC(5) Pause Young (Concurrent Start) (Metadata GC Threshold) 148M->145M(1024M) 2.034ms
[2024-04-11T13:53:31.901+0300][gc          ] GC(6) Concurrent Mark Cycle
[2024-04-11T13:53:31.901+0300][gc,cpu      ] GC(5) User=0.01s Sys=0.00s Real=0.01s
[2024-04-11T13:53:31.901+0300][gc,marking  ] GC(6) Concurrent Scan Root Regions
[2024-04-11T13:53:31.903+0300][gc,marking  ] GC(6) Concurrent Scan Root Regions 1.770ms
[2024-04-11T13:53:31.903+0300][gc,marking  ] GC(6) Concurrent Mark
[2024-04-11T13:53:31.903+0300][gc,marking  ] GC(6) Concurrent Mark From Roots
[2024-04-11T13:53:31.903+0300][gc,task     ] GC(6) Using 1 workers of 1 for marking
[2024-04-11T13:53:31.922+0300][gc,marking  ] GC(6) Concurrent Mark From Roots 18.871ms
[2024-04-11T13:53:31.922+0300][gc,marking  ] GC(6) Concurrent Preclean
[2024-04-11T13:53:31.922+0300][gc,marking  ] GC(6) Concurrent Preclean 0.056ms
[2024-04-11T13:53:31.922+0300][gc,start    ] GC(6) Pause Remark
[2024-04-11T13:53:31.924+0300][gc          ] GC(6) Pause Remark 147M->147M(1024M) 1.814ms
[2024-04-11T13:53:31.924+0300][gc,cpu      ] GC(6) User=0.01s Sys=0.00s Real=0.00s
[2024-04-11T13:53:31.925+0300][gc,marking  ] GC(6) Concurrent Mark 21.772ms
[2024-04-11T13:53:31.925+0300][gc,marking  ] GC(6) Concurrent Rebuild Remembered Sets and Scrub Regions
[2024-04-11T13:53:31.932+0300][gc,marking  ] GC(6) Concurrent Rebuild Remembered Sets and Scrub Regions 7.048ms
[2024-04-11T13:53:31.932+0300][gc,start    ] GC(6) Pause Cleanup
[2024-04-11T13:53:31.932+0300][gc          ] GC(6) Pause Cleanup 148M->148M(1024M) 0.158ms
[2024-04-11T13:53:31.932+0300][gc,cpu      ] GC(6) User=0.00s Sys=0.00s Real=0.00s
[2024-04-11T13:53:31.934+0300][gc,marking  ] GC(6) Concurrent Clear Claimed Marks
[2024-04-11T13:53:31.934+0300][gc,marking  ] GC(6) Concurrent Clear Claimed Marks 0.060ms
[2024-04-11T13:53:31.934+0300][gc,marking  ] GC(6) Concurrent Cleanup for Next Mark
[2024-04-11T13:53:31.937+0300][gc,marking  ] GC(6) Concurrent Cleanup for Next Mark 2.170ms
[2024-04-11T13:53:31.937+0300][gc          ] GC(6) Concurrent Mark Cycle 35.353ms
[2024-04-11T14:04:41.886+0300][gc,start    ] GC(7) Pause Young (Prepare Mixed) (G1 Evacuation Pause)
[2024-04-11T14:04:41.886+0300][gc,task     ] GC(7) Using 4 workers of 4 for evacuation
[2024-04-11T14:04:41.889+0300][gc,phases   ] GC(7)   Pre Evacuate Collection Set: 0.1ms
[2024-04-11T14:04:41.889+0300][gc,phases   ] GC(7)   Merge Heap Roots: 0.0ms
[2024-04-11T14:04:41.889+0300][gc,phases   ] GC(7)   Evacuate Collection Set: 2.7ms
[2024-04-11T14:04:41.889+0300][gc,phases   ] GC(7)   Post Evacuate Collection Set: 0.4ms
[2024-04-11T14:04:41.889+0300][gc,phases   ] GC(7)   Other: 0.1ms
[2024-04-11T14:04:41.889+0300][gc,heap     ] GC(7) Eden regions: 49->0(47)
[2024-04-11T14:04:41.889+0300][gc,heap     ] GC(7) Survivor regions: 2->4(7)
[2024-04-11T14:04:41.889+0300][gc,heap     ] GC(7) Old regions: 15->15
[2024-04-11T14:04:41.889+0300][gc,heap     ] GC(7) Humongous regions: 153->129
[2024-04-11T14:04:41.889+0300][gc,metaspace] GC(7) Metaspace: 41624K(42368K)->41624K(42368K) NonClass: 36696K(37120K)->36696K(37120K) Class: 4928K(5248K)->4928K(5248K)
[2024-04-11T14:04:41.889+0300][gc          ] GC(7) Pause Young (Prepare Mixed) (G1 Evacuation Pause) 218M->147M(1024M) 3.524ms
[2024-04-11T14:04:41.889+0300][gc,cpu      ] GC(7) User=0.01s Sys=0.00s Real=0.00s
[2024-04-11T14:07:55.562+0300][gc,start    ] GC(8) Pause Young (Mixed) (G1 Evacuation Pause)
[2024-04-11T14:07:55.562+0300][gc,task     ] GC(8) Using 4 workers of 4 for evacuation
[2024-04-11T14:07:55.568+0300][gc,phases   ] GC(8)   Pre Evacuate Collection Set: 0.2ms
[2024-04-11T14:07:55.568+0300][gc,phases   ] GC(8)   Merge Heap Roots: 0.1ms
[2024-04-11T14:07:55.568+0300][gc,phases   ] GC(8)   Evacuate Collection Set: 5.6ms
[2024-04-11T14:07:55.568+0300][gc,phases   ] GC(8)   Post Evacuate Collection Set: 0.5ms
[2024-04-11T14:07:55.568+0300][gc,phases   ] GC(8)   Other: 0.1ms
[2024-04-11T14:07:55.568+0300][gc,heap     ] GC(8) Eden regions: 47->0(45)
[2024-04-11T14:07:55.568+0300][gc,heap     ] GC(8) Survivor regions: 4->6(7)
[2024-04-11T14:07:55.568+0300][gc,heap     ] GC(8) Old regions: 15->16
[2024-04-11T14:07:55.568+0300][gc,heap     ] GC(8) Humongous regions: 129->129
[2024-04-11T14:07:55.568+0300][gc,metaspace] GC(8) Metaspace: 43227K(43968K)->43227K(43968K) NonClass: 38124K(38528K)->38124K(38528K) Class: 5102K(5440K)->5102K(5440K)
[2024-04-11T14:07:55.568+0300][gc          ] GC(8) Pause Young (Mixed) (G1 Evacuation Pause) 194M->150M(1024M) 6.614ms
[2024-04-11T14:07:55.568+0300][gc,cpu      ] GC(8) User=0.02s Sys=0.00s Real=0.00s
[2024-04-11T14:11:46.610+0300][gc,start    ] GC(9) Pause Young (Normal) (G1 Evacuation Pause)
[2024-04-11T14:11:46.610+0300][gc,task     ] GC(9) Using 4 workers of 4 for evacuation
[2024-04-11T14:11:46.617+0300][gc,phases   ] GC(9)   Pre Evacuate Collection Set: 0.2ms
[2024-04-11T14:11:46.617+0300][gc,phases   ] GC(9)   Merge Heap Roots: 0.1ms
[2024-04-11T14:11:46.617+0300][gc,phases   ] GC(9)   Evacuate Collection Set: 6.2ms
[2024-04-11T14:11:46.617+0300][gc,phases   ] GC(9)   Post Evacuate Collection Set: 0.4ms
[2024-04-11T14:11:46.617+0300][gc,phases   ] GC(9)   Other: 0.1ms
[2024-04-11T14:11:46.617+0300][gc,heap     ] GC(9) Eden regions: 45->0(48)
[2024-04-11T14:11:46.617+0300][gc,heap     ] GC(9) Survivor regions: 6->3(7)
[2024-04-11T14:11:46.617+0300][gc,heap     ] GC(9) Old regions: 16->19
[2024-04-11T14:11:46.617+0300][gc,heap     ] GC(9) Humongous regions: 129->129
[2024-04-11T14:11:46.617+0300][gc,metaspace] GC(9) Metaspace: 43254K(44032K)->43254K(44032K) NonClass: 38151K(38592K)->38151K(38592K) Class: 5102K(5440K)->5102K(5440K)
[2024-04-11T14:11:46.617+0300][gc          ] GC(9) Pause Young (Normal) (G1 Evacuation Pause) 195M->149M(1024M) 7.199ms
[2024-04-11T14:11:46.617+0300][gc,cpu      ] GC(9) User=0.02s Sys=0.00s Real=0.00s
[2024-04-11T14:16:29.084+0300][gc,start    ] GC(10) Pause Young (Normal) (G1 Evacuation Pause)
[2024-04-11T14:16:29.084+0300][gc,task     ] GC(10) Using 4 workers of 4 for evacuation
[2024-04-11T14:16:29.088+0300][gc,phases   ] GC(10)   Pre Evacuate Collection Set: 0.2ms
[2024-04-11T14:16:29.088+0300][gc,phases   ] GC(10)   Merge Heap Roots: 0.0ms
[2024-04-11T14:16:29.088+0300][gc,phases   ] GC(10)   Evacuate Collection Set: 2.7ms
[2024-04-11T14:16:29.088+0300][gc,phases   ] GC(10)   Post Evacuate Collection Set: 0.4ms
[2024-04-11T14:16:29.088+0300][gc,phases   ] GC(10)   Other: 0.1ms
[2024-04-11T14:16:29.088+0300][gc,heap     ] GC(10) Eden regions: 48->0(47)
[2024-04-11T14:16:29.088+0300][gc,heap     ] GC(10) Survivor regions: 3->4(7)
[2024-04-11T14:16:29.088+0300][gc,heap     ] GC(10) Old regions: 19->19
[2024-04-11T14:16:29.088+0300][gc,heap     ] GC(10) Humongous regions: 129->129
[2024-04-11T14:16:29.088+0300][gc,metaspace] GC(10) Metaspace: 43418K(44160K)->43418K(44160K) NonClass: 38296K(38720K)->38296K(38720K) Class: 5121K(5440K)->5121K(5440K)
[2024-04-11T14:16:29.088+0300][gc          ] GC(10) Pause Young (Normal) (G1 Evacuation Pause) 197M->150M(1024M) 3.610ms
[2024-04-11T14:16:29.088+0300][gc,cpu      ] GC(10) User=0.02s Sys=0.00s Real=0.00s
[2024-04-11T14:21:04.683+0300][gc,start    ] GC(11) Pause Young (Normal) (G1 Evacuation Pause)
[2024-04-11T14:21:04.683+0300][gc,task     ] GC(11) Using 4 workers of 4 for evacuation
[2024-04-11T14:21:04.687+0300][gc,phases   ] GC(11)   Pre Evacuate Collection Set: 0.2ms
[2024-04-11T14:21:04.687+0300][gc,phases   ] GC(11)   Merge Heap Roots: 0.1ms
[2024-04-11T14:21:04.687+0300][gc,phases   ] GC(11)   Evacuate Collection Set: 2.9ms
[2024-04-11T14:21:04.687+0300][gc,phases   ] GC(11)   Post Evacuate Collection Set: 0.4ms
[2024-04-11T14:21:04.687+0300][gc,phases   ] GC(11)   Other: 0.1ms
[2024-04-11T14:21:04.687+0300][gc,heap     ] GC(11) Eden regions: 47->0(48)
[2024-04-11T14:21:04.687+0300][gc,heap     ] GC(11) Survivor regions: 4->3(7)
[2024-04-11T14:21:04.687+0300][gc,heap     ] GC(11) Old regions: 19->19
[2024-04-11T14:21:04.687+0300][gc,heap     ] GC(11) Humongous regions: 129->129
[2024-04-11T14:21:04.687+0300][gc,metaspace] GC(11) Metaspace: 43463K(44224K)->43463K(44224K) NonClass: 38342K(38784K)->38342K(38784K) Class: 5121K(5440K)->5121K(5440K)
[2024-04-11T14:21:04.687+0300][gc          ] GC(11) Pause Young (Normal) (G1 Evacuation Pause) 197M->150M(1024M) 3.872ms
[2024-04-11T14:21:04.687+0300][gc,cpu      ] GC(11) User=0.02s Sys=0.00s Real=0.00s
[2024-04-11T14:25:41.296+0300][gc,start    ] GC(12) Pause Young (Normal) (G1 Evacuation Pause)
[2024-04-11T14:25:41.296+0300][gc,task     ] GC(12) Using 4 workers of 4 for evacuation
[2024-04-11T14:25:41.299+0300][gc,phases   ] GC(12)   Pre Evacuate Collection Set: 0.2ms
[2024-04-11T14:25:41.300+0300][gc,phases   ] GC(12)   Merge Heap Roots: 0.1ms
[2024-04-11T14:25:41.300+0300][gc,phases   ] GC(12)   Evacuate Collection Set: 2.6ms
[2024-04-11T14:25:41.300+0300][gc,phases   ] GC(12)   Post Evacuate Collection Set: 0.5ms
[2024-04-11T14:25:41.300+0300][gc,phases   ] GC(12)   Other: 0.2ms
[2024-04-11T14:25:41.300+0300][gc,heap     ] GC(12) Eden regions: 48->0(48)
[2024-04-11T14:25:41.300+0300][gc,heap     ] GC(12) Survivor regions: 3->3(7)
[2024-04-11T14:25:41.300+0300][gc,heap     ] GC(12) Old regions: 19->19
[2024-04-11T14:25:41.300+0300][gc,heap     ] GC(12) Humongous regions: 129->129
[2024-04-11T14:25:41.300+0300][gc,metaspace] GC(12) Metaspace: 43512K(44288K)->43512K(44288K) NonClass: 38389K(38848K)->38389K(38848K) Class: 5123K(5440K)->5123K(5440K)
[2024-04-11T14:25:41.300+0300][gc          ] GC(12) Pause Young (Normal) (G1 Evacuation Pause) 198M->149M(1024M) 3.636ms
[2024-04-11T14:25:41.300+0300][gc,cpu      ] GC(12) User=0.01s Sys=0.00s Real=0.01s
[2024-04-11T14:30:26.958+0300][gc,start    ] GC(13) Pause Young (Normal) (G1 Evacuation Pause)
[2024-04-11T14:30:26.958+0300][gc,task     ] GC(13) Using 4 workers of 4 for evacuation
[2024-04-11T14:30:26.962+0300][gc,phases   ] GC(13)   Pre Evacuate Collection Set: 0.1ms
[2024-04-11T14:30:26.962+0300][gc,phases   ] GC(13)   Merge Heap Roots: 0.1ms
[2024-04-11T14:30:26.962+0300][gc,phases   ] GC(13)   Evacuate Collection Set: 3.1ms
[2024-04-11T14:30:26.962+0300][gc,phases   ] GC(13)   Post Evacuate Collection Set: 0.5ms
[2024-04-11T14:30:26.962+0300][gc,phases   ] GC(13)   Other: 0.1ms
[2024-04-11T14:30:26.962+0300][gc,heap     ] GC(13) Eden regions: 49->0(65)
[2024-04-11T14:30:26.962+0300][gc,heap     ] GC(13) Survivor regions: 3->4(7)
[2024-04-11T14:30:26.962+0300][gc,heap     ] GC(13) Old regions: 19->19
[2024-04-11T14:30:26.962+0300][gc,heap     ] GC(13) Humongous regions: 129->129
[2024-04-11T14:30:26.962+0300][gc,metaspace] GC(13) Metaspace: 43539K(44288K)->43539K(44288K) NonClass: 38416K(38848K)->38416K(38848K) Class: 5123K(5440K)->5123K(5440K)
[2024-04-11T14:30:26.962+0300][gc          ] GC(13) Pause Young (Normal) (G1 Evacuation Pause) 198M->151M(1024M) 4.099ms
[2024-04-11T14:30:26.962+0300][gc,cpu      ] GC(13) User=0.01s Sys=0.00s Real=0.01s
[2024-04-11T14:36:59.862+0300][gc,start    ] GC(14) Pause Young (Normal) (G1 Evacuation Pause)
[2024-04-11T14:36:59.862+0300][gc,task     ] GC(14) Using 4 workers of 4 for evacuation
[2024-04-11T14:36:59.868+0300][gc,phases   ] GC(14)   Pre Evacuate Collection Set: 0.2ms
[2024-04-11T14:36:59.868+0300][gc,phases   ] GC(14)   Merge Heap Roots: 0.1ms
[2024-04-11T14:36:59.868+0300][gc,phases   ] GC(14)   Evacuate Collection Set: 5.0ms
[2024-04-11T14:36:59.868+0300][gc,phases   ] GC(14)   Post Evacuate Collection Set: 0.4ms
[2024-04-11T14:36:59.868+0300][gc,phases   ] GC(14)   Other: 0.1ms
[2024-04-11T14:36:59.868+0300][gc,heap     ] GC(14) Eden regions: 67->0(188)
[2024-04-11T14:36:59.868+0300][gc,heap     ] GC(14) Survivor regions: 4->4(9)
[2024-04-11T14:36:59.868+0300][gc,heap     ] GC(14) Old regions: 19->19
[2024-04-11T14:36:59.868+0300][gc,heap     ] GC(14) Humongous regions: 129->129
[2024-04-11T14:36:59.868+0300][gc,metaspace] GC(14) Metaspace: 43581K(44352K)->43581K(44352K) NonClass: 38458K(38912K)->38458K(38912K) Class: 5123K(5440K)->5123K(5440K)
[2024-04-11T14:36:59.868+0300][gc          ] GC(14) Pause Young (Normal) (G1 Evacuation Pause) 218M->150M(1024M) 5.858ms
[2024-04-11T14:36:59.868+0300][gc,cpu      ] GC(14) User=0.02s Sys=0.00s Real=0.00s
[2024-04-11T14:55:18.652+0300][gc,start    ] GC(15) Pause Young (Normal) (G1 Evacuation Pause)
[2024-04-11T14:55:18.652+0300][gc,task     ] GC(15) Using 4 workers of 4 for evacuation
[2024-04-11T14:55:18.657+0300][gc,phases   ] GC(15)   Pre Evacuate Collection Set: 0.2ms
[2024-04-11T14:55:18.657+0300][gc,phases   ] GC(15)   Merge Heap Roots: 0.1ms
[2024-04-11T14:55:18.657+0300][gc,phases   ] GC(15)   Evacuate Collection Set: 3.8ms
[2024-04-11T14:55:18.657+0300][gc,phases   ] GC(15)   Post Evacuate Collection Set: 0.5ms
[2024-04-11T14:55:18.657+0300][gc,phases   ] GC(15)   Other: 0.1ms
[2024-04-11T14:55:18.657+0300][gc,heap     ] GC(15) Eden regions: 189->0(610)
[2024-04-11T14:55:18.657+0300][gc,heap     ] GC(15) Survivor regions: 4->4(25)
[2024-04-11T14:55:18.657+0300][gc,heap     ] GC(15) Old regions: 19->19
[2024-04-11T14:55:18.657+0300][gc,heap     ] GC(15) Humongous regions: 129->129
[2024-04-11T14:55:18.657+0300][gc,metaspace] GC(15) Metaspace: 43707K(44416K)->43707K(44416K) NonClass: 38579K(38976K)->38579K(38976K) Class: 5128K(5440K)->5128K(5440K)
[2024-04-11T14:55:18.657+0300][gc          ] GC(15) Pause Young (Normal) (G1 Evacuation Pause) 339M->150M(1024M) 4.750ms
[2024-04-11T14:55:18.657+0300][gc,cpu      ] GC(15) User=0.01s Sys=0.01s Real=0.00s
[2024-04-11T15:55:42.485+0300][gc,start    ] GC(16) Pause Young (Normal) (G1 Evacuation Pause)
[2024-04-11T15:55:42.485+0300][gc,task     ] GC(16) Using 4 workers of 4 for evacuation
[2024-04-11T15:55:42.491+0300][gc,phases   ] GC(16)   Pre Evacuate Collection Set: 0.2ms
[2024-04-11T15:55:42.491+0300][gc,phases   ] GC(16)   Merge Heap Roots: 0.1ms
[2024-04-11T15:55:42.491+0300][gc,phases   ] GC(16)   Evacuate Collection Set: 5.2ms
[2024-04-11T15:55:42.491+0300][gc,phases   ] GC(16)   Post Evacuate Collection Set: 0.7ms
[2024-04-11T15:55:42.491+0300][gc,phases   ] GC(16)   Other: 0.2ms
[2024-04-11T15:55:42.491+0300][gc,heap     ] GC(16) Eden regions: 610->0(610)
[2024-04-11T15:55:42.491+0300][gc,heap     ] GC(16) Survivor regions: 4->4(77)
[2024-04-11T15:55:42.491+0300][gc,heap     ] GC(16) Old regions: 19->19
[2024-04-11T15:55:42.491+0300][gc,heap     ] GC(16) Humongous regions: 129->129
[2024-04-11T15:55:42.491+0300][gc,metaspace] GC(16) Metaspace: 43788K(44480K)->43788K(44480K) NonClass: 38659K(39040K)->38659K(39040K) Class: 5129K(5440K)->5129K(5440K)
[2024-04-11T15:55:42.492+0300][gc          ] GC(16) Pause Young (Normal) (G1 Evacuation Pause) 760M->151M(1024M) 6.538ms
[2024-04-11T15:55:42.492+0300][gc,cpu      ] GC(16) User=0.02s Sys=0.00s Real=0.01s
[2024-04-11T17:02:50.953+0300][gc,start    ] GC(17) Pause Young (Normal) (G1 Evacuation Pause)
[2024-04-11T17:02:50.953+0300][gc,task     ] GC(17) Using 4 workers of 4 for evacuation
[2024-04-11T17:02:50.957+0300][gc,phases   ] GC(17)   Pre Evacuate Collection Set: 0.2ms
[2024-04-11T17:02:50.957+0300][gc,phases   ] GC(17)   Merge Heap Roots: 0.1ms
[2024-04-11T17:02:50.957+0300][gc,phases   ] GC(17)   Evacuate Collection Set: 3.7ms
[2024-04-11T17:02:50.958+0300][gc,phases   ] GC(17)   Post Evacuate Collection Set: 0.6ms
[2024-04-11T17:02:50.958+0300][gc,phases   ] GC(17)   Other: 0.1ms
[2024-04-11T17:02:50.958+0300][gc,heap     ] GC(17) Eden regions: 610->0(609)
[2024-04-11T17:02:50.958+0300][gc,heap     ] GC(17) Survivor regions: 4->5(77)
[2024-04-11T17:02:50.958+0300][gc,heap     ] GC(17) Old regions: 19->19
[2024-04-11T17:02:50.958+0300][gc,heap     ] GC(17) Humongous regions: 129->129
[2024-04-11T17:02:50.958+0300][gc,metaspace] GC(17) Metaspace: 43917K(44672K)->43917K(44672K) NonClass: 38787K(39232K)->38787K(39232K) Class: 5130K(5440K)->5130K(5440K)
[2024-04-11T17:02:50.958+0300][gc          ] GC(17) Pause Young (Normal) (G1 Evacuation Pause) 761M->151M(1024M) 4.849ms
[2024-04-11T17:02:50.958+0300][gc,cpu      ] GC(17) User=0.01s Sys=0.00s Real=0.00s
[2024-04-11T18:03:21.169+0300][gc,start    ] GC(18) Pause Young (Normal) (G1 Evacuation Pause)
[2024-04-11T18:03:21.169+0300][gc,task     ] GC(18) Using 4 workers of 4 for evacuation
[2024-04-11T18:03:21.173+0300][gc,phases   ] GC(18)   Pre Evacuate Collection Set: 0.1ms
[2024-04-11T18:03:21.173+0300][gc,phases   ] GC(18)   Merge Heap Roots: 0.1ms
[2024-04-11T18:03:21.173+0300][gc,phases   ] GC(18)   Evacuate Collection Set: 3.8ms
[2024-04-11T18:03:21.173+0300][gc,phases   ] GC(18)   Post Evacuate Collection Set: 0.5ms
[2024-04-11T18:03:21.173+0300][gc,phases   ] GC(18)   Other: 0.1ms
[2024-04-11T18:03:21.173+0300][gc,heap     ] GC(18) Eden regions: 609->0(609)
[2024-04-11T18:03:21.173+0300][gc,heap     ] GC(18) Survivor regions: 5->5(77)
[2024-04-11T18:03:21.174+0300][gc,heap     ] GC(18) Old regions: 19->19
[2024-04-11T18:03:21.174+0300][gc,heap     ] GC(18) Humongous regions: 129->129
[2024-04-11T18:03:21.174+0300][gc,metaspace] GC(18) Metaspace: 44001K(44736K)->44001K(44736K) NonClass: 38871K(39296K)->38871K(39296K) Class: 5130K(5440K)->5130K(5440K)
[2024-04-11T18:03:21.174+0300][gc          ] GC(18) Pause Young (Normal) (G1 Evacuation Pause) 760M->151M(1024M) 4.762ms
[2024-04-11T18:03:21.174+0300][gc,cpu      ] GC(18) User=0.01s Sys=0.00s Real=0.01s
[2024-04-11T19:07:21.489+0300][gc,start    ] GC(19) Pause Young (Normal) (G1 Evacuation Pause)
[2024-04-11T19:07:21.489+0300][gc,task     ] GC(19) Using 4 workers of 4 for evacuation
[2024-04-11T19:07:21.494+0300][gc,phases   ] GC(19)   Pre Evacuate Collection Set: 0.2ms
[2024-04-11T19:07:21.494+0300][gc,phases   ] GC(19)   Merge Heap Roots: 0.1ms
[2024-04-11T19:07:21.494+0300][gc,phases   ] GC(19)   Evacuate Collection Set: 3.9ms
[2024-04-11T19:07:21.494+0300][gc,phases   ] GC(19)   Post Evacuate Collection Set: 0.5ms
[2024-04-11T19:07:21.494+0300][gc,phases   ] GC(19)   Other: 0.1ms
[2024-04-11T19:07:21.494+0300][gc,heap     ] GC(19) Eden regions: 609->0(610)
[2024-04-11T19:07:21.494+0300][gc,heap     ] GC(19) Survivor regions: 5->4(77)
[2024-04-11T19:07:21.494+0300][gc,heap     ] GC(19) Old regions: 19->19
[2024-04-11T19:07:21.494+0300][gc,heap     ] GC(19) Humongous regions: 129->129
[2024-04-11T19:07:21.494+0300][gc,metaspace] GC(19) Metaspace: 44049K(44800K)->44049K(44800K) NonClass: 38917K(39360K)->38917K(39360K) Class: 5131K(5440K)->5131K(5440K)
[2024-04-11T19:07:21.494+0300][gc          ] GC(19) Pause Young (Normal) (G1 Evacuation Pause) 760M->150M(1024M) 5.017ms
[2024-04-11T19:07:21.494+0300][gc,cpu      ] GC(19) User=0.01s Sys=0.00s Real=0.01s
[2024-04-11T20:34:01.286+0300][gc,start    ] GC(20) Pause Young (Normal) (G1 Evacuation Pause)
[2024-04-11T20:34:01.295+0300][gc,task     ] GC(20) Using 4 workers of 4 for evacuation
[2024-04-11T20:34:01.300+0300][gc,phases   ] GC(20)   Pre Evacuate Collection Set: 0.2ms
[2024-04-11T20:34:01.300+0300][gc,phases   ] GC(20)   Merge Heap Roots: 0.1ms
[2024-04-11T20:34:01.300+0300][gc,phases   ] GC(20)   Evacuate Collection Set: 3.9ms
[2024-04-11T20:34:01.300+0300][gc,phases   ] GC(20)   Post Evacuate Collection Set: 0.6ms
[2024-04-11T20:34:01.300+0300][gc,phases   ] GC(20)   Other: 0.1ms
[2024-04-11T20:34:01.300+0300][gc,heap     ] GC(20) Eden regions: 610->0(610)
[2024-04-11T20:34:01.300+0300][gc,heap     ] GC(20) Survivor regions: 4->4(77)
[2024-04-11T20:34:01.300+0300][gc,heap     ] GC(20) Old regions: 19->19
[2024-04-11T20:34:01.300+0300][gc,heap     ] GC(20) Humongous regions: 129->129
[2024-04-11T20:34:01.300+0300][gc,metaspace] GC(20) Metaspace: 44110K(44800K)->44110K(44800K) NonClass: 38978K(39360K)->38978K(39360K) Class: 5132K(5440K)->5132K(5440K)
[2024-04-11T20:34:01.300+0300][gc          ] GC(20) Pause Young (Normal) (G1 Evacuation Pause) 760M->151M(1024M) 13.201ms
[2024-04-11T20:34:01.300+0300][gc,cpu      ] GC(20) User=0.01s Sys=0.00s Real=0.02s
[2024-04-11T21:43:04.246+0300][gc,heap,exit] Heap
[2024-04-11T21:43:04.256+0300][gc,heap,exit]  garbage-first heap   total 1048576K, used 429963K [0x00000007c0000000, 0x0000000800000000)
[2024-04-11T21:43:04.256+0300][gc,heap,exit]   region size 1024K, 273 young (279552K), 4 survivors (4096K)
[2024-04-11T21:43:04.256+0300][gc,heap,exit]  Metaspace       used 45045K, committed 45760K, reserved 1114112K
[2024-04-11T21:43:04.256+0300][gc,heap,exit]   class space    used 5316K, committed 5632K, reserved 1048576K
