[2024-04-04T20:11:48.185+0300][gc,init] CardTable entry size: 512
[2024-04-04T20:11:48.185+0300][gc     ] Using G1
[2024-04-04T20:11:48.191+0300][gc,init] Version: 21.0.2+13-58 (release)
[2024-04-04T20:11:48.191+0300][gc,init] CPUs: 4 total, 4 available
[2024-04-04T20:11:48.191+0300][gc,init] Memory: 32768M
[2024-04-04T20:11:48.191+0300][gc,init] Large Page Support: Disabled
[2024-04-04T20:11:48.191+0300][gc,init] NUMA Support: Disabled
[2024-04-04T20:11:48.191+0300][gc,init] Compressed Oops: Enabled (Zero based)
[2024-04-04T20:11:48.191+0300][gc,init] Heap Region Size: 1M
[2024-04-04T20:11:48.191+0300][gc,init] Heap Min Capacity: 1G
[2024-04-04T20:11:48.191+0300][gc,init] Heap Initial Capacity: 1G
[2024-04-04T20:11:48.191+0300][gc,init] Heap Max Capacity: 1G
[2024-04-04T20:11:48.191+0300][gc,init] Pre-touch: Disabled
[2024-04-04T20:11:48.191+0300][gc,init] Parallel Workers: 4
[2024-04-04T20:11:48.191+0300][gc,init] Concurrent Workers: 1
[2024-04-04T20:11:48.191+0300][gc,init] Concurrent Refinement Workers: 4
[2024-04-04T20:11:48.191+0300][gc,init] Periodic GC: Disabled
[2024-04-04T20:11:48.199+0300][gc,metaspace] CDS archive(s) mapped at: [0x0000000125000000-0x0000000125ca4000-0x0000000125ca4000), size 13254656, SharedBaseAddress: 0x0000000125000000, ArchiveRelocationMode: 1.
[2024-04-04T20:11:48.199+0300][gc,metaspace] Compressed class space mapped at: 0x0000000126000000-0x0000000166000000, reserved size: 1073741824
[2024-04-04T20:11:48.199+0300][gc,metaspace] Narrow klass base: 0x0000000125000000, Narrow klass shift: 0, Narrow klass range: 0x100000000
[2024-04-04T20:11:52.003+0300][gc,start    ] GC(0) Pause Young (Normal) (G1 Evacuation Pause)
[2024-04-04T20:11:52.003+0300][gc,task     ] GC(0) Using 4 workers of 4 for evacuation
[2024-04-04T20:11:52.008+0300][gc,phases   ] GC(0)   Pre Evacuate Collection Set: 0.1ms
[2024-04-04T20:11:52.008+0300][gc,phases   ] GC(0)   Merge Heap Roots: 0.0ms
[2024-04-04T20:11:52.008+0300][gc,phases   ] GC(0)   Evacuate Collection Set: 4.2ms
[2024-04-04T20:11:52.008+0300][gc,phases   ] GC(0)   Post Evacuate Collection Set: 0.5ms
[2024-04-04T20:11:52.008+0300][gc,phases   ] GC(0)   Other: 0.3ms
[2024-04-04T20:11:52.008+0300][gc,heap     ] GC(0) Eden regions: 51->0(44)
[2024-04-04T20:11:52.008+0300][gc,heap     ] GC(0) Survivor regions: 0->7(7)
[2024-04-04T20:11:52.008+0300][gc,heap     ] GC(0) Old regions: 2->3
[2024-04-04T20:11:52.008+0300][gc,heap     ] GC(0) Humongous regions: 0->0
[2024-04-04T20:11:52.008+0300][gc,metaspace] GC(0) Metaspace: 18129K(18368K)->18129K(18368K) NonClass: 16044K(16192K)->16044K(16192K) Class: 2085K(2176K)->2085K(2176K)
[2024-04-04T20:11:52.008+0300][gc          ] GC(0) Pause Young (Normal) (G1 Evacuation Pause) 52M->8M(1024M) 5.305ms
[2024-04-04T20:11:52.008+0300][gc,cpu      ] GC(0) User=0.01s Sys=0.00s Real=0.00s
[2024-04-04T20:11:52.396+0300][gc,start    ] GC(1) Pause Young (Concurrent Start) (Metadata GC Threshold)
[2024-04-04T20:11:52.396+0300][gc,task     ] GC(1) Using 4 workers of 4 for evacuation
[2024-04-04T20:11:52.401+0300][gc,phases   ] GC(1)   Pre Evacuate Collection Set: 0.1ms
[2024-04-04T20:11:52.401+0300][gc,phases   ] GC(1)   Merge Heap Roots: 0.0ms
[2024-04-04T20:11:52.401+0300][gc,phases   ] GC(1)   Evacuate Collection Set: 4.4ms
[2024-04-04T20:11:52.401+0300][gc,phases   ] GC(1)   Post Evacuate Collection Set: 0.3ms
[2024-04-04T20:11:52.401+0300][gc,phases   ] GC(1)   Other: 0.1ms
[2024-04-04T20:11:52.401+0300][gc,heap     ] GC(1) Eden regions: 13->0(50)
[2024-04-04T20:11:52.401+0300][gc,heap     ] GC(1) Survivor regions: 7->1(7)
[2024-04-04T20:11:52.401+0300][gc,heap     ] GC(1) Old regions: 3->10
[2024-04-04T20:11:52.401+0300][gc,heap     ] GC(1) Humongous regions: 0->0
[2024-04-04T20:11:52.401+0300][gc,metaspace] GC(1) Metaspace: 21355K(21504K)->21355K(21504K) NonClass: 18873K(18944K)->18873K(18944K) Class: 2481K(2560K)->2481K(2560K)
[2024-04-04T20:11:52.401+0300][gc          ] GC(1) Pause Young (Concurrent Start) (Metadata GC Threshold) 21M->9M(1024M) 5.040ms
[2024-04-04T20:11:52.401+0300][gc,cpu      ] GC(1) User=0.01s Sys=0.00s Real=0.01s
[2024-04-04T20:11:52.401+0300][gc          ] GC(2) Concurrent Mark Cycle
[2024-04-04T20:11:52.401+0300][gc,marking  ] GC(2) Concurrent Scan Root Regions
[2024-04-04T20:11:52.405+0300][gc,marking  ] GC(2) Concurrent Scan Root Regions 3.500ms
[2024-04-04T20:11:52.405+0300][gc,marking  ] GC(2) Concurrent Mark
[2024-04-04T20:11:52.405+0300][gc,marking  ] GC(2) Concurrent Mark From Roots
[2024-04-04T20:11:52.405+0300][gc,task     ] GC(2) Using 1 workers of 1 for marking
[2024-04-04T20:11:52.407+0300][gc,marking  ] GC(2) Concurrent Mark From Roots 2.215ms
[2024-04-04T20:11:52.407+0300][gc,marking  ] GC(2) Concurrent Preclean
[2024-04-04T20:11:52.407+0300][gc,marking  ] GC(2) Concurrent Preclean 0.014ms
[2024-04-04T20:11:52.407+0300][gc,start    ] GC(2) Pause Remark
[2024-04-04T20:11:52.409+0300][gc          ] GC(2) Pause Remark 10M->10M(1024M) 1.282ms
[2024-04-04T20:11:52.409+0300][gc,cpu      ] GC(2) User=0.01s Sys=0.00s Real=0.00s
[2024-04-04T20:11:52.419+0300][gc,marking  ] GC(2) Concurrent Mark 13.887ms
[2024-04-04T20:11:52.419+0300][gc,marking  ] GC(2) Concurrent Rebuild Remembered Sets and Scrub Regions
[2024-04-04T20:11:52.422+0300][gc,marking  ] GC(2) Concurrent Rebuild Remembered Sets and Scrub Regions 3.300ms
[2024-04-04T20:11:52.422+0300][gc,start    ] GC(2) Pause Cleanup
[2024-04-04T20:11:52.422+0300][gc          ] GC(2) Pause Cleanup 10M->10M(1024M) 0.127ms
[2024-04-04T20:11:52.422+0300][gc,cpu      ] GC(2) User=0.00s Sys=0.00s Real=0.00s
[2024-04-04T20:11:52.422+0300][gc,marking  ] GC(2) Concurrent Clear Claimed Marks
[2024-04-04T20:11:52.422+0300][gc,marking  ] GC(2) Concurrent Clear Claimed Marks 0.015ms
[2024-04-04T20:11:52.422+0300][gc,marking  ] GC(2) Concurrent Cleanup for Next Mark
[2024-04-04T20:11:52.430+0300][gc,marking  ] GC(2) Concurrent Cleanup for Next Mark 7.596ms
[2024-04-04T20:11:52.430+0300][gc          ] GC(2) Concurrent Mark Cycle 28.704ms
[2024-04-04T20:11:54.416+0300][gc,start    ] GC(3) Pause Young (Prepare Mixed) (G1 Evacuation Pause)
[2024-04-04T20:11:54.417+0300][gc,task     ] GC(3) Using 4 workers of 4 for evacuation
[2024-04-04T20:11:54.420+0300][gc,phases   ] GC(3)   Pre Evacuate Collection Set: 0.1ms
[2024-04-04T20:11:54.420+0300][gc,phases   ] GC(3)   Merge Heap Roots: 0.0ms
[2024-04-04T20:11:54.420+0300][gc,phases   ] GC(3)   Evacuate Collection Set: 3.2ms
[2024-04-04T20:11:54.420+0300][gc,phases   ] GC(3)   Post Evacuate Collection Set: 0.3ms
[2024-04-04T20:11:54.420+0300][gc,phases   ] GC(3)   Other: 0.1ms
[2024-04-04T20:11:54.420+0300][gc,heap     ] GC(3) Eden regions: 50->0(45)
[2024-04-04T20:11:54.420+0300][gc,heap     ] GC(3) Survivor regions: 1->6(7)
[2024-04-04T20:11:54.420+0300][gc,heap     ] GC(3) Old regions: 10->10
[2024-04-04T20:11:54.420+0300][gc,heap     ] GC(3) Humongous regions: 129->129
[2024-04-04T20:11:54.420+0300][gc,metaspace] GC(3) Metaspace: 30750K(31040K)->30750K(31040K) NonClass: 27323K(27456K)->27323K(27456K) Class: 3426K(3584K)->3426K(3584K)
[2024-04-04T20:11:54.420+0300][gc          ] GC(3) Pause Young (Prepare Mixed) (G1 Evacuation Pause) 188M->143M(1024M) 3.885ms
[2024-04-04T20:11:54.420+0300][gc,cpu      ] GC(3) User=0.02s Sys=0.00s Real=0.01s
[2024-04-04T20:11:54.822+0300][gc,start    ] GC(4) Pause Young (Mixed) (Metadata GC Threshold)
[2024-04-04T20:11:54.822+0300][gc,task     ] GC(4) Using 4 workers of 4 for evacuation
[2024-04-04T20:11:54.828+0300][gc,phases   ] GC(4)   Pre Evacuate Collection Set: 0.1ms
[2024-04-04T20:11:54.828+0300][gc,phases   ] GC(4)   Merge Heap Roots: 0.0ms
[2024-04-04T20:11:54.828+0300][gc,phases   ] GC(4)   Evacuate Collection Set: 4.9ms
[2024-04-04T20:11:54.828+0300][gc,phases   ] GC(4)   Post Evacuate Collection Set: 0.4ms
[2024-04-04T20:11:54.828+0300][gc,phases   ] GC(4)   Other: 0.1ms
[2024-04-04T20:11:54.828+0300][gc,heap     ] GC(4) Eden regions: 20->0(49)
[2024-04-04T20:11:54.828+0300][gc,heap     ] GC(4) Survivor regions: 6->2(7)
[2024-04-04T20:11:54.828+0300][gc,heap     ] GC(4) Old regions: 10->15
[2024-04-04T20:11:54.828+0300][gc,heap     ] GC(4) Humongous regions: 129->129
[2024-04-04T20:11:54.828+0300][gc,metaspace] GC(4) Metaspace: 35782K(36096K)->35782K(36096K) NonClass: 31857K(32064K)->31857K(32064K) Class: 3924K(4032K)->3924K(4032K)
[2024-04-04T20:11:54.828+0300][gc          ] GC(4) Pause Young (Mixed) (Metadata GC Threshold) 163M->145M(1024M) 5.587ms
[2024-04-04T20:11:54.828+0300][gc,cpu      ] GC(4) User=0.01s Sys=0.00s Real=0.00s
[2024-04-04T20:11:54.853+0300][gc,start    ] GC(5) Pause Young (Concurrent Start) (Metadata GC Threshold)
[2024-04-04T20:11:54.853+0300][gc,task     ] GC(5) Using 4 workers of 4 for evacuation
[2024-04-04T20:11:54.855+0300][gc,phases   ] GC(5)   Pre Evacuate Collection Set: 0.1ms
[2024-04-04T20:11:54.855+0300][gc,phases   ] GC(5)   Merge Heap Roots: 0.0ms
[2024-04-04T20:11:54.855+0300][gc,phases   ] GC(5)   Evacuate Collection Set: 1.2ms
[2024-04-04T20:11:54.855+0300][gc,phases   ] GC(5)   Post Evacuate Collection Set: 0.2ms
[2024-04-04T20:11:54.855+0300][gc,phases   ] GC(5)   Other: 0.1ms
[2024-04-04T20:11:54.855+0300][gc,heap     ] GC(5) Eden regions: 2->0(48)
[2024-04-04T20:11:54.855+0300][gc,heap     ] GC(5) Survivor regions: 2->3(7)
[2024-04-04T20:11:54.855+0300][gc,heap     ] GC(5) Old regions: 15->15
[2024-04-04T20:11:54.855+0300][gc,heap     ] GC(5) Humongous regions: 129->129
[2024-04-04T20:11:54.855+0300][gc,metaspace] GC(5) Metaspace: 36036K(36352K)->36036K(36352K) NonClass: 32063K(32256K)->32063K(32256K) Class: 3973K(4096K)->3973K(4096K)
[2024-04-04T20:11:54.855+0300][gc          ] GC(5) Pause Young (Concurrent Start) (Metadata GC Threshold) 147M->145M(1024M) 1.674ms
[2024-04-04T20:11:54.855+0300][gc          ] GC(6) Concurrent Mark Cycle
[2024-04-04T20:11:54.855+0300][gc,cpu      ] GC(5) User=0.00s Sys=0.00s Real=0.00s
[2024-04-04T20:11:54.855+0300][gc,marking  ] GC(6) Concurrent Scan Root Regions
[2024-04-04T20:11:54.856+0300][gc,marking  ] GC(6) Concurrent Scan Root Regions 1.639ms
[2024-04-04T20:11:54.856+0300][gc,marking  ] GC(6) Concurrent Mark
[2024-04-04T20:11:54.856+0300][gc,marking  ] GC(6) Concurrent Mark From Roots
[2024-04-04T20:11:54.856+0300][gc,task     ] GC(6) Using 1 workers of 1 for marking
[2024-04-04T20:11:54.872+0300][gc,marking  ] GC(6) Concurrent Mark From Roots 16.105ms
[2024-04-04T20:11:54.873+0300][gc,marking  ] GC(6) Concurrent Preclean
[2024-04-04T20:11:54.873+0300][gc,marking  ] GC(6) Concurrent Preclean 0.067ms
[2024-04-04T20:11:54.883+0300][gc,start    ] GC(6) Pause Remark
[2024-04-04T20:11:54.884+0300][gc          ] GC(6) Pause Remark 145M->145M(1024M) 1.764ms
[2024-04-04T20:11:54.884+0300][gc,cpu      ] GC(6) User=0.01s Sys=0.00s Real=0.00s
[2024-04-04T20:11:54.885+0300][gc,marking  ] GC(6) Concurrent Mark 28.490ms
[2024-04-04T20:11:54.885+0300][gc,marking  ] GC(6) Concurrent Rebuild Remembered Sets and Scrub Regions
[2024-04-04T20:11:54.891+0300][gc,marking  ] GC(6) Concurrent Rebuild Remembered Sets and Scrub Regions 6.539ms
[2024-04-04T20:11:54.892+0300][gc,start    ] GC(6) Pause Cleanup
[2024-04-04T20:11:54.892+0300][gc          ] GC(6) Pause Cleanup 145M->145M(1024M) 0.130ms
[2024-04-04T20:11:54.892+0300][gc,cpu      ] GC(6) User=0.00s Sys=0.00s Real=0.00s
[2024-04-04T20:11:54.902+0300][gc,marking  ] GC(6) Concurrent Clear Claimed Marks
[2024-04-04T20:11:54.902+0300][gc,marking  ] GC(6) Concurrent Clear Claimed Marks 0.052ms
[2024-04-04T20:11:54.902+0300][gc,marking  ] GC(6) Concurrent Cleanup for Next Mark
[2024-04-04T20:11:54.904+0300][gc,marking  ] GC(6) Concurrent Cleanup for Next Mark 2.147ms
[2024-04-04T20:11:54.904+0300][gc          ] GC(6) Concurrent Mark Cycle 49.440ms
[2024-04-04T20:17:54.717+0300][gc,start    ] GC(7) Pause Young (Prepare Mixed) (G1 Evacuation Pause)
[2024-04-04T20:17:54.717+0300][gc,task     ] GC(7) Using 4 workers of 4 for evacuation
[2024-04-04T20:17:54.724+0300][gc,phases   ] GC(7)   Pre Evacuate Collection Set: 0.2ms
[2024-04-04T20:17:54.724+0300][gc,phases   ] GC(7)   Merge Heap Roots: 0.1ms
[2024-04-04T20:17:54.724+0300][gc,phases   ] GC(7)   Evacuate Collection Set: 5.4ms
[2024-04-04T20:17:54.724+0300][gc,phases   ] GC(7)   Post Evacuate Collection Set: 0.8ms
[2024-04-04T20:17:54.724+0300][gc,phases   ] GC(7)   Other: 0.1ms
[2024-04-04T20:17:54.724+0300][gc,heap     ] GC(7) Eden regions: 48->0(45)
[2024-04-04T20:17:54.724+0300][gc,heap     ] GC(7) Survivor regions: 3->6(7)
[2024-04-04T20:17:54.724+0300][gc,heap     ] GC(7) Old regions: 15->15
[2024-04-04T20:17:54.724+0300][gc,heap     ] GC(7) Humongous regions: 153->129
[2024-04-04T20:17:54.724+0300][gc,metaspace] GC(7) Metaspace: 42619K(43328K)->42619K(43328K) NonClass: 37653K(38080K)->37653K(38080K) Class: 4966K(5248K)->4966K(5248K)
[2024-04-04T20:17:54.724+0300][gc          ] GC(7) Pause Young (Prepare Mixed) (G1 Evacuation Pause) 217M->149M(1024M) 6.778ms
[2024-04-04T20:17:54.724+0300][gc,cpu      ] GC(7) User=0.02s Sys=0.00s Real=0.01s
[2024-04-04T20:25:01.785+0300][gc,start    ] GC(8) Pause Young (Mixed) (G1 Evacuation Pause)
[2024-04-04T20:25:01.785+0300][gc,task     ] GC(8) Using 4 workers of 4 for evacuation
[2024-04-04T20:25:01.791+0300][gc,phases   ] GC(8)   Pre Evacuate Collection Set: 0.1ms
[2024-04-04T20:25:01.791+0300][gc,phases   ] GC(8)   Merge Heap Roots: 0.1ms
[2024-04-04T20:25:01.791+0300][gc,phases   ] GC(8)   Evacuate Collection Set: 5.3ms
[2024-04-04T20:25:01.791+0300][gc,phases   ] GC(8)   Post Evacuate Collection Set: 0.4ms
[2024-04-04T20:25:01.791+0300][gc,phases   ] GC(8)   Other: 0.1ms
[2024-04-04T20:25:01.791+0300][gc,heap     ] GC(8) Eden regions: 45->0(48)
[2024-04-04T20:25:01.791+0300][gc,heap     ] GC(8) Survivor regions: 6->3(7)
[2024-04-04T20:25:01.791+0300][gc,heap     ] GC(8) Old regions: 15->19
[2024-04-04T20:25:01.791+0300][gc,heap     ] GC(8) Humongous regions: 129->129
[2024-04-04T20:25:01.791+0300][gc,metaspace] GC(8) Metaspace: 43488K(44160K)->43488K(44160K) NonClass: 38410K(38784K)->38410K(38784K) Class: 5077K(5376K)->5077K(5376K)
[2024-04-04T20:25:01.791+0300][gc          ] GC(8) Pause Young (Mixed) (G1 Evacuation Pause) 194M->149M(1024M) 6.128ms
[2024-04-04T20:25:01.791+0300][gc,cpu      ] GC(8) User=0.02s Sys=0.00s Real=0.01s
[2024-04-04T20:31:46.318+0300][gc,start    ] GC(9) Pause Young (Normal) (G1 Evacuation Pause)
[2024-04-04T20:31:46.325+0300][gc,task     ] GC(9) Using 4 workers of 4 for evacuation
[2024-04-04T20:31:46.330+0300][gc,phases   ] GC(9)   Pre Evacuate Collection Set: 0.2ms
[2024-04-04T20:31:46.330+0300][gc,phases   ] GC(9)   Merge Heap Roots: 0.1ms
[2024-04-04T20:31:46.330+0300][gc,phases   ] GC(9)   Evacuate Collection Set: 4.3ms
[2024-04-04T20:31:46.330+0300][gc,phases   ] GC(9)   Post Evacuate Collection Set: 0.4ms
[2024-04-04T20:31:46.330+0300][gc,phases   ] GC(9)   Other: 0.1ms
[2024-04-04T20:31:46.330+0300][gc,heap     ] GC(9) Eden regions: 48->0(45)
[2024-04-04T20:31:46.330+0300][gc,heap     ] GC(9) Survivor regions: 3->6(7)
[2024-04-04T20:31:46.330+0300][gc,heap     ] GC(9) Old regions: 19->19
[2024-04-04T20:31:46.330+0300][gc,heap     ] GC(9) Humongous regions: 129->129
[2024-04-04T20:31:46.330+0300][gc,metaspace] GC(9) Metaspace: 43539K(44224K)->43539K(44224K) NonClass: 38461K(38848K)->38461K(38848K) Class: 5077K(5376K)->5077K(5376K)
[2024-04-04T20:31:46.330+0300][gc          ] GC(9) Pause Young (Normal) (G1 Evacuation Pause) 197M->152M(1024M) 12.324ms
[2024-04-04T20:31:46.330+0300][gc,cpu      ] GC(9) User=0.01s Sys=0.00s Real=0.02s
[2024-04-04T20:38:52.626+0300][gc,start    ] GC(10) Pause Young (Normal) (G1 Evacuation Pause)
[2024-04-04T20:38:52.636+0300][gc,task     ] GC(10) Using 4 workers of 4 for evacuation
[2024-04-04T20:38:52.643+0300][gc,phases   ] GC(10)   Pre Evacuate Collection Set: 0.2ms
[2024-04-04T20:38:52.643+0300][gc,phases   ] GC(10)   Merge Heap Roots: 0.1ms
[2024-04-04T20:38:52.643+0300][gc,phases   ] GC(10)   Evacuate Collection Set: 6.8ms
[2024-04-04T20:38:52.643+0300][gc,phases   ] GC(10)   Post Evacuate Collection Set: 0.3ms
[2024-04-04T20:38:52.643+0300][gc,phases   ] GC(10)   Other: 0.1ms
[2024-04-04T20:38:52.643+0300][gc,heap     ] GC(10) Eden regions: 45->0(46)
[2024-04-04T20:38:52.643+0300][gc,heap     ] GC(10) Survivor regions: 6->5(7)
[2024-04-04T20:38:52.643+0300][gc,heap     ] GC(10) Old regions: 19->23
[2024-04-04T20:38:52.643+0300][gc,heap     ] GC(10) Humongous regions: 129->129
[2024-04-04T20:38:52.644+0300][gc,metaspace] GC(10) Metaspace: 43691K(44352K)->43691K(44352K) NonClass: 38592K(38976K)->38592K(38976K) Class: 5098K(5376K)->5098K(5376K)
[2024-04-04T20:38:52.644+0300][gc          ] GC(10) Pause Young (Normal) (G1 Evacuation Pause) 197M->155M(1024M) 17.945ms
[2024-04-04T20:38:52.644+0300][gc,cpu      ] GC(10) User=0.02s Sys=0.00s Real=0.02s
[2024-04-04T20:46:19.433+0300][gc,start    ] GC(11) Pause Young (Normal) (G1 Evacuation Pause)
[2024-04-04T20:46:19.433+0300][gc,task     ] GC(11) Using 4 workers of 4 for evacuation
[2024-04-04T20:46:19.439+0300][gc,phases   ] GC(11)   Pre Evacuate Collection Set: 0.2ms
[2024-04-04T20:46:19.439+0300][gc,phases   ] GC(11)   Merge Heap Roots: 0.1ms
[2024-04-04T20:46:19.439+0300][gc,phases   ] GC(11)   Evacuate Collection Set: 5.6ms
[2024-04-04T20:46:19.439+0300][gc,phases   ] GC(11)   Post Evacuate Collection Set: 0.4ms
[2024-04-04T20:46:19.439+0300][gc,phases   ] GC(11)   Other: 0.1ms
[2024-04-04T20:46:19.439+0300][gc,heap     ] GC(11) Eden regions: 46->0(46)
[2024-04-04T20:46:19.439+0300][gc,heap     ] GC(11) Survivor regions: 5->5(7)
[2024-04-04T20:46:19.439+0300][gc,heap     ] GC(11) Old regions: 23->26
[2024-04-04T20:46:19.439+0300][gc,heap     ] GC(11) Humongous regions: 129->129
[2024-04-04T20:46:19.439+0300][gc,metaspace] GC(11) Metaspace: 43751K(44416K)->43751K(44416K) NonClass: 38650K(39040K)->38650K(39040K) Class: 5100K(5376K)->5100K(5376K)
[2024-04-04T20:46:19.439+0300][gc          ] GC(11) Pause Young (Normal) (G1 Evacuation Pause) 201M->159M(1024M) 6.474ms
[2024-04-04T20:46:19.439+0300][gc,cpu      ] GC(11) User=0.03s Sys=0.00s Real=0.00s
[2024-04-04T20:53:09.736+0300][gc,start    ] GC(12) Pause Young (Normal) (G1 Evacuation Pause)
[2024-04-04T20:53:09.736+0300][gc,task     ] GC(12) Using 4 workers of 4 for evacuation
[2024-04-04T20:53:09.744+0300][gc,phases   ] GC(12)   Pre Evacuate Collection Set: 0.2ms
[2024-04-04T20:53:09.744+0300][gc,phases   ] GC(12)   Merge Heap Roots: 0.1ms
[2024-04-04T20:53:09.744+0300][gc,phases   ] GC(12)   Evacuate Collection Set: 7.5ms
[2024-04-04T20:53:09.744+0300][gc,phases   ] GC(12)   Post Evacuate Collection Set: 0.4ms
[2024-04-04T20:53:09.744+0300][gc,phases   ] GC(12)   Other: 0.1ms
[2024-04-04T20:53:09.744+0300][gc,heap     ] GC(12) Eden regions: 46->0(45)
[2024-04-04T20:53:09.744+0300][gc,heap     ] GC(12) Survivor regions: 5->6(7)
[2024-04-04T20:53:09.744+0300][gc,heap     ] GC(12) Old regions: 26->30
[2024-04-04T20:53:09.744+0300][gc,heap     ] GC(12) Humongous regions: 129->129
[2024-04-04T20:53:09.744+0300][gc,metaspace] GC(12) Metaspace: 44091K(44800K)->44091K(44800K) NonClass: 38908K(39360K)->38908K(39360K) Class: 5182K(5440K)->5182K(5440K)
[2024-04-04T20:53:09.744+0300][gc          ] GC(12) Pause Young (Normal) (G1 Evacuation Pause) 205M->164M(1024M) 8.799ms
[2024-04-04T20:53:09.744+0300][gc,cpu      ] GC(12) User=0.03s Sys=0.00s Real=0.01s
[2024-04-04T20:53:10.615+0300][gc,heap,exit] Heap
[2024-04-04T20:53:10.615+0300][gc,heap,exit]  garbage-first heap   total 1048576K, used 174249K [0x00000007c0000000, 0x0000000800000000)
[2024-04-04T20:53:10.615+0300][gc,heap,exit]   region size 1024K, 12 young (12288K), 6 survivors (6144K)
[2024-04-04T20:53:10.615+0300][gc,heap,exit]  Metaspace       used 44639K, committed 45376K, reserved 1114112K
[2024-04-04T20:53:10.615+0300][gc,heap,exit]   class space    used 5284K, committed 5568K, reserved 1048576K
