[2024-04-09T21:45:13.124+0300][gc,init] CardTable entry size: 512
[2024-04-09T21:45:13.124+0300][gc     ] Using G1
[2024-04-09T21:45:13.129+0300][gc,init] Version: 21.0.2+13-58 (release)
[2024-04-09T21:45:13.130+0300][gc,init] CPUs: 4 total, 4 available
[2024-04-09T21:45:13.130+0300][gc,init] Memory: 32768M
[2024-04-09T21:45:13.130+0300][gc,init] Large Page Support: Disabled
[2024-04-09T21:45:13.130+0300][gc,init] NUMA Support: Disabled
[2024-04-09T21:45:13.130+0300][gc,init] Compressed Oops: Enabled (Zero based)
[2024-04-09T21:45:13.130+0300][gc,init] Heap Region Size: 1M
[2024-04-09T21:45:13.130+0300][gc,init] Heap Min Capacity: 1G
[2024-04-09T21:45:13.130+0300][gc,init] Heap Initial Capacity: 1G
[2024-04-09T21:45:13.130+0300][gc,init] Heap Max Capacity: 1G
[2024-04-09T21:45:13.130+0300][gc,init] Pre-touch: Disabled
[2024-04-09T21:45:13.130+0300][gc,init] Parallel Workers: 4
[2024-04-09T21:45:13.130+0300][gc,init] Concurrent Workers: 1
[2024-04-09T21:45:13.130+0300][gc,init] Concurrent Refinement Workers: 4
[2024-04-09T21:45:13.130+0300][gc,init] Periodic GC: Disabled
[2024-04-09T21:45:13.137+0300][gc,metaspace] CDS archive(s) mapped at: [0x000000011d000000-0x000000011dca4000-0x000000011dca4000), size 13254656, SharedBaseAddress: 0x000000011d000000, ArchiveRelocationMode: 1.
[2024-04-09T21:45:13.137+0300][gc,metaspace] Compressed class space mapped at: 0x000000011e000000-0x000000015e000000, reserved size: 1073741824
[2024-04-09T21:45:13.137+0300][gc,metaspace] Narrow klass base: 0x000000011d000000, Narrow klass shift: 0, Narrow klass range: 0x100000000
[2024-04-09T21:45:15.090+0300][gc,start    ] GC(0) Pause Young (Normal) (G1 Evacuation Pause)
[2024-04-09T21:45:15.091+0300][gc,task     ] GC(0) Using 4 workers of 4 for evacuation
[2024-04-09T21:45:15.097+0300][gc,phases   ] GC(0)   Pre Evacuate Collection Set: 0.1ms
[2024-04-09T21:45:15.097+0300][gc,phases   ] GC(0)   Merge Heap Roots: 0.1ms
[2024-04-09T21:45:15.097+0300][gc,phases   ] GC(0)   Evacuate Collection Set: 5.2ms
[2024-04-09T21:45:15.097+0300][gc,phases   ] GC(0)   Post Evacuate Collection Set: 0.9ms
[2024-04-09T21:45:15.097+0300][gc,phases   ] GC(0)   Other: 0.3ms
[2024-04-09T21:45:15.097+0300][gc,heap     ] GC(0) Eden regions: 51->0(44)
[2024-04-09T21:45:15.097+0300][gc,heap     ] GC(0) Survivor regions: 0->7(7)
[2024-04-09T21:45:15.097+0300][gc,heap     ] GC(0) Old regions: 2->3
[2024-04-09T21:45:15.097+0300][gc,heap     ] GC(0) Humongous regions: 0->0
[2024-04-09T21:45:15.097+0300][gc,metaspace] GC(0) Metaspace: 18512K(18752K)->18512K(18752K) NonClass: 16385K(16512K)->16385K(16512K) Class: 2126K(2240K)->2126K(2240K)
[2024-04-09T21:45:15.097+0300][gc          ] GC(0) Pause Young (Normal) (G1 Evacuation Pause) 52M->8M(1024M) 6.762ms
[2024-04-09T21:45:15.097+0300][gc,cpu      ] GC(0) User=0.02s Sys=0.00s Real=0.00s
[2024-04-09T21:45:15.438+0300][gc,start    ] GC(1) Pause Young (Concurrent Start) (Metadata GC Threshold)
[2024-04-09T21:45:15.438+0300][gc,task     ] GC(1) Using 4 workers of 4 for evacuation
[2024-04-09T21:45:15.443+0300][gc,phases   ] GC(1)   Pre Evacuate Collection Set: 0.2ms
[2024-04-09T21:45:15.443+0300][gc,phases   ] GC(1)   Merge Heap Roots: 0.1ms
[2024-04-09T21:45:15.443+0300][gc,phases   ] GC(1)   Evacuate Collection Set: 3.7ms
[2024-04-09T21:45:15.443+0300][gc,phases   ] GC(1)   Post Evacuate Collection Set: 0.4ms
[2024-04-09T21:45:15.443+0300][gc,phases   ] GC(1)   Other: 0.1ms
[2024-04-09T21:45:15.443+0300][gc,heap     ] GC(1) Eden regions: 12->0(49)
[2024-04-09T21:45:15.443+0300][gc,heap     ] GC(1) Survivor regions: 7->2(7)
[2024-04-09T21:45:15.443+0300][gc,heap     ] GC(1) Old regions: 3->10
[2024-04-09T21:45:15.443+0300][gc,heap     ] GC(1) Humongous regions: 0->0
[2024-04-09T21:45:15.443+0300][gc,metaspace] GC(1) Metaspace: 21339K(21504K)->21339K(21504K) NonClass: 18836K(18944K)->18836K(18944K) Class: 2503K(2560K)->2503K(2560K)
[2024-04-09T21:45:15.443+0300][gc          ] GC(1) Pause Young (Concurrent Start) (Metadata GC Threshold) 20M->10M(1024M) 4.711ms
[2024-04-09T21:45:15.443+0300][gc,cpu      ] GC(1) User=0.02s Sys=0.01s Real=0.01s
[2024-04-09T21:45:15.443+0300][gc          ] GC(2) Concurrent Mark Cycle
[2024-04-09T21:45:15.443+0300][gc,marking  ] GC(2) Concurrent Scan Root Regions
[2024-04-09T21:45:15.447+0300][gc,marking  ] GC(2) Concurrent Scan Root Regions 3.767ms
[2024-04-09T21:45:15.447+0300][gc,marking  ] GC(2) Concurrent Mark
[2024-04-09T21:45:15.447+0300][gc,marking  ] GC(2) Concurrent Mark From Roots
[2024-04-09T21:45:15.447+0300][gc,task     ] GC(2) Using 1 workers of 1 for marking
[2024-04-09T21:45:15.449+0300][gc,marking  ] GC(2) Concurrent Mark From Roots 2.445ms
[2024-04-09T21:45:15.449+0300][gc,marking  ] GC(2) Concurrent Preclean
[2024-04-09T21:45:15.449+0300][gc,marking  ] GC(2) Concurrent Preclean 0.013ms
[2024-04-09T21:45:15.449+0300][gc,start    ] GC(2) Pause Remark
[2024-04-09T21:45:15.451+0300][gc          ] GC(2) Pause Remark 11M->11M(1024M) 2.111ms
[2024-04-09T21:45:15.451+0300][gc,cpu      ] GC(2) User=0.00s Sys=0.00s Real=0.01s
[2024-04-09T21:45:15.452+0300][gc,marking  ] GC(2) Concurrent Mark 5.082ms
[2024-04-09T21:45:15.452+0300][gc,marking  ] GC(2) Concurrent Rebuild Remembered Sets and Scrub Regions
[2024-04-09T21:45:15.455+0300][gc,marking  ] GC(2) Concurrent Rebuild Remembered Sets and Scrub Regions 3.317ms
[2024-04-09T21:45:15.455+0300][gc,start    ] GC(2) Pause Cleanup
[2024-04-09T21:45:15.455+0300][gc          ] GC(2) Pause Cleanup 11M->11M(1024M) 0.155ms
[2024-04-09T21:45:15.455+0300][gc,cpu      ] GC(2) User=0.00s Sys=0.00s Real=0.00s
[2024-04-09T21:45:15.455+0300][gc,marking  ] GC(2) Concurrent Clear Claimed Marks
[2024-04-09T21:45:15.455+0300][gc,marking  ] GC(2) Concurrent Clear Claimed Marks 0.023ms
[2024-04-09T21:45:15.455+0300][gc,marking  ] GC(2) Concurrent Cleanup for Next Mark
[2024-04-09T21:45:15.463+0300][gc,marking  ] GC(2) Concurrent Cleanup for Next Mark 7.910ms
[2024-04-09T21:45:15.463+0300][gc          ] GC(2) Concurrent Mark Cycle 20.577ms
[2024-04-09T21:45:16.967+0300][gc,start    ] GC(3) Pause Young (Prepare Mixed) (G1 Evacuation Pause)
[2024-04-09T21:45:16.967+0300][gc,task     ] GC(3) Using 4 workers of 4 for evacuation
[2024-04-09T21:45:16.972+0300][gc,phases   ] GC(3)   Pre Evacuate Collection Set: 0.1ms
[2024-04-09T21:45:16.972+0300][gc,phases   ] GC(3)   Merge Heap Roots: 0.1ms
[2024-04-09T21:45:16.972+0300][gc,phases   ] GC(3)   Evacuate Collection Set: 4.0ms
[2024-04-09T21:45:16.972+0300][gc,phases   ] GC(3)   Post Evacuate Collection Set: 0.7ms
[2024-04-09T21:45:16.972+0300][gc,phases   ] GC(3)   Other: 0.1ms
[2024-04-09T21:45:16.972+0300][gc,heap     ] GC(3) Eden regions: 49->0(44)
[2024-04-09T21:45:16.972+0300][gc,heap     ] GC(3) Survivor regions: 2->7(7)
[2024-04-09T21:45:16.972+0300][gc,heap     ] GC(3) Old regions: 10->10
[2024-04-09T21:45:16.972+0300][gc,heap     ] GC(3) Humongous regions: 129->129
[2024-04-09T21:45:16.972+0300][gc,metaspace] GC(3) Metaspace: 31412K(31744K)->31412K(31744K) NonClass: 27940K(28160K)->27940K(28160K) Class: 3472K(3584K)->3472K(3584K)
[2024-04-09T21:45:16.972+0300][gc          ] GC(3) Pause Young (Prepare Mixed) (G1 Evacuation Pause) 188M->144M(1024M) 5.136ms
[2024-04-09T21:45:16.972+0300][gc,cpu      ] GC(3) User=0.02s Sys=0.00s Real=0.01s
[2024-04-09T21:45:17.430+0300][gc,start    ] GC(4) Pause Young (Mixed) (Metadata GC Threshold)
[2024-04-09T21:45:17.430+0300][gc,task     ] GC(4) Using 4 workers of 4 for evacuation
[2024-04-09T21:45:17.438+0300][gc,phases   ] GC(4)   Pre Evacuate Collection Set: 0.2ms
[2024-04-09T21:45:17.438+0300][gc,phases   ] GC(4)   Merge Heap Roots: 0.1ms
[2024-04-09T21:45:17.438+0300][gc,phases   ] GC(4)   Evacuate Collection Set: 6.4ms
[2024-04-09T21:45:17.438+0300][gc,phases   ] GC(4)   Post Evacuate Collection Set: 0.9ms
[2024-04-09T21:45:17.438+0300][gc,phases   ] GC(4)   Other: 0.1ms
[2024-04-09T21:45:17.438+0300][gc,heap     ] GC(4) Eden regions: 18->0(49)
[2024-04-09T21:45:17.438+0300][gc,heap     ] GC(4) Survivor regions: 7->2(7)
[2024-04-09T21:45:17.438+0300][gc,heap     ] GC(4) Old regions: 10->16
[2024-04-09T21:45:17.438+0300][gc,heap     ] GC(4) Humongous regions: 129->129
[2024-04-09T21:45:17.438+0300][gc,metaspace] GC(4) Metaspace: 35911K(36160K)->35911K(36160K) NonClass: 31999K(32128K)->31999K(32128K) Class: 3912K(4032K)->3912K(4032K)
[2024-04-09T21:45:17.438+0300][gc          ] GC(4) Pause Young (Mixed) (Metadata GC Threshold) 161M->145M(1024M) 7.848ms
[2024-04-09T21:45:17.438+0300][gc,cpu      ] GC(4) User=0.02s Sys=0.00s Real=0.00s
[2024-04-09T21:45:17.449+0300][gc,start    ] GC(5) Pause Young (Concurrent Start) (Metadata GC Threshold)
[2024-04-09T21:45:17.449+0300][gc,task     ] GC(5) Using 4 workers of 4 for evacuation
[2024-04-09T21:45:17.451+0300][gc,phases   ] GC(5)   Pre Evacuate Collection Set: 0.1ms
[2024-04-09T21:45:17.451+0300][gc,phases   ] GC(5)   Merge Heap Roots: 0.1ms
[2024-04-09T21:45:17.451+0300][gc,phases   ] GC(5)   Evacuate Collection Set: 1.5ms
[2024-04-09T21:45:17.451+0300][gc,phases   ] GC(5)   Post Evacuate Collection Set: 0.4ms
[2024-04-09T21:45:17.451+0300][gc,phases   ] GC(5)   Other: 0.1ms
[2024-04-09T21:45:17.451+0300][gc,heap     ] GC(5) Eden regions: 2->0(49)
[2024-04-09T21:45:17.451+0300][gc,heap     ] GC(5) Survivor regions: 2->2(7)
[2024-04-09T21:45:17.451+0300][gc,heap     ] GC(5) Old regions: 16->16
[2024-04-09T21:45:17.451+0300][gc,heap     ] GC(5) Humongous regions: 129->129
[2024-04-09T21:45:17.451+0300][gc,metaspace] GC(5) Metaspace: 36155K(36480K)->36155K(36480K) NonClass: 32209K(32384K)->32209K(32384K) Class: 3946K(4096K)->3946K(4096K)
[2024-04-09T21:45:17.451+0300][gc          ] GC(5) Pause Young (Concurrent Start) (Metadata GC Threshold) 147M->145M(1024M) 2.376ms
[2024-04-09T21:45:17.451+0300][gc,cpu      ] GC(5) User=0.01s Sys=0.00s Real=0.01s
[2024-04-09T21:45:17.451+0300][gc          ] GC(6) Concurrent Mark Cycle
[2024-04-09T21:45:17.451+0300][gc,marking  ] GC(6) Concurrent Scan Root Regions
[2024-04-09T21:45:17.453+0300][gc,marking  ] GC(6) Concurrent Scan Root Regions 1.460ms
[2024-04-09T21:45:17.453+0300][gc,marking  ] GC(6) Concurrent Mark
[2024-04-09T21:45:17.453+0300][gc,marking  ] GC(6) Concurrent Mark From Roots
[2024-04-09T21:45:17.453+0300][gc,task     ] GC(6) Using 1 workers of 1 for marking
[2024-04-09T21:45:17.473+0300][gc,marking  ] GC(6) Concurrent Mark From Roots 20.096ms
[2024-04-09T21:45:17.473+0300][gc,marking  ] GC(6) Concurrent Preclean
[2024-04-09T21:45:17.473+0300][gc,marking  ] GC(6) Concurrent Preclean 0.051ms
[2024-04-09T21:45:17.473+0300][gc,start    ] GC(6) Pause Remark
[2024-04-09T21:45:17.475+0300][gc          ] GC(6) Pause Remark 146M->146M(1024M) 1.903ms
[2024-04-09T21:45:17.475+0300][gc,cpu      ] GC(6) User=0.01s Sys=0.00s Real=0.00s
[2024-04-09T21:45:17.475+0300][gc,marking  ] GC(6) Concurrent Mark 22.248ms
[2024-04-09T21:45:17.475+0300][gc,marking  ] GC(6) Concurrent Rebuild Remembered Sets and Scrub Regions
[2024-04-09T21:45:17.482+0300][gc,marking  ] GC(6) Concurrent Rebuild Remembered Sets and Scrub Regions 7.344ms
[2024-04-09T21:45:17.482+0300][gc,start    ] GC(6) Pause Cleanup
[2024-04-09T21:45:17.482+0300][gc          ] GC(6) Pause Cleanup 146M->146M(1024M) 0.149ms
[2024-04-09T21:45:17.483+0300][gc,cpu      ] GC(6) User=0.00s Sys=0.00s Real=0.00s
[2024-04-09T21:45:17.483+0300][gc,marking  ] GC(6) Concurrent Clear Claimed Marks
[2024-04-09T21:45:17.483+0300][gc,marking  ] GC(6) Concurrent Clear Claimed Marks 0.031ms
[2024-04-09T21:45:17.483+0300][gc,marking  ] GC(6) Concurrent Cleanup for Next Mark
[2024-04-09T21:45:17.485+0300][gc,marking  ] GC(6) Concurrent Cleanup for Next Mark 2.144ms
[2024-04-09T21:45:17.485+0300][gc          ] GC(6) Concurrent Mark Cycle 33.775ms
[2024-04-09T21:58:05.309+0300][gc,start    ] GC(7) Pause Young (Prepare Mixed) (G1 Evacuation Pause)
[2024-04-09T21:58:05.313+0300][gc,task     ] GC(7) Using 4 workers of 4 for evacuation
[2024-04-09T21:58:05.318+0300][gc,phases   ] GC(7)   Pre Evacuate Collection Set: 0.2ms
[2024-04-09T21:58:05.318+0300][gc,phases   ] GC(7)   Merge Heap Roots: 0.1ms
[2024-04-09T21:58:05.318+0300][gc,phases   ] GC(7)   Evacuate Collection Set: 4.0ms
[2024-04-09T21:58:05.318+0300][gc,phases   ] GC(7)   Post Evacuate Collection Set: 0.9ms
[2024-04-09T21:58:05.318+0300][gc,phases   ] GC(7)   Other: 0.1ms
[2024-04-09T21:58:05.319+0300][gc,heap     ] GC(7) Eden regions: 49->0(46)
[2024-04-09T21:58:05.319+0300][gc,heap     ] GC(7) Survivor regions: 2->5(7)
[2024-04-09T21:58:05.319+0300][gc,heap     ] GC(7) Old regions: 16->16
[2024-04-09T21:58:05.319+0300][gc,heap     ] GC(7) Humongous regions: 129->129
[2024-04-09T21:58:05.319+0300][gc,metaspace] GC(7) Metaspace: 42598K(43264K)->42598K(43264K) NonClass: 37581K(37952K)->37581K(37952K) Class: 5016K(5312K)->5016K(5312K)
[2024-04-09T21:58:05.319+0300][gc          ] GC(7) Pause Young (Prepare Mixed) (G1 Evacuation Pause) 194M->148M(1024M) 10.021ms
[2024-04-09T21:58:05.319+0300][gc,cpu      ] GC(7) User=0.02s Sys=0.00s Real=0.01s
[2024-04-09T22:12:42.230+0300][gc,start    ] GC(8) Pause Young (Mixed) (G1 Evacuation Pause)
[2024-04-09T22:12:42.230+0300][gc,task     ] GC(8) Using 4 workers of 4 for evacuation
[2024-04-09T22:12:42.235+0300][gc,phases   ] GC(8)   Pre Evacuate Collection Set: 0.2ms
[2024-04-09T22:12:42.236+0300][gc,phases   ] GC(8)   Merge Heap Roots: 0.1ms
[2024-04-09T22:12:42.236+0300][gc,phases   ] GC(8)   Evacuate Collection Set: 4.9ms
[2024-04-09T22:12:42.236+0300][gc,phases   ] GC(8)   Post Evacuate Collection Set: 0.6ms
[2024-04-09T22:12:42.236+0300][gc,phases   ] GC(8)   Other: 0.1ms
[2024-04-09T22:12:42.236+0300][gc,heap     ] GC(8) Eden regions: 46->0(47)
[2024-04-09T22:12:42.236+0300][gc,heap     ] GC(8) Survivor regions: 5->4(7)
[2024-04-09T22:12:42.236+0300][gc,heap     ] GC(8) Old regions: 16->16
[2024-04-09T22:12:42.236+0300][gc,heap     ] GC(8) Humongous regions: 129->129
[2024-04-09T22:12:42.236+0300][gc,metaspace] GC(8) Metaspace: 43141K(43776K)->43141K(43776K) NonClass: 38099K(38464K)->38099K(38464K) Class: 5041K(5312K)->5041K(5312K)
[2024-04-09T22:12:42.236+0300][gc          ] GC(8) Pause Young (Mixed) (G1 Evacuation Pause) 194M->149M(1024M) 6.055ms
[2024-04-09T22:12:42.236+0300][gc,cpu      ] GC(8) User=0.02s Sys=0.00s Real=0.00s
[2024-04-09T22:29:19.246+0300][gc,start    ] GC(9) Pause Young (Normal) (G1 Evacuation Pause)
[2024-04-09T22:29:19.457+0300][gc,task     ] GC(9) Using 4 workers of 4 for evacuation
[2024-04-09T22:29:19.462+0300][gc,phases   ] GC(9)   Pre Evacuate Collection Set: 0.2ms
[2024-04-09T22:29:19.463+0300][gc,phases   ] GC(9)   Merge Heap Roots: 0.0ms
[2024-04-09T22:29:19.463+0300][gc,phases   ] GC(9)   Evacuate Collection Set: 4.3ms
[2024-04-09T22:29:19.463+0300][gc,phases   ] GC(9)   Post Evacuate Collection Set: 0.5ms
[2024-04-09T22:29:19.463+0300][gc,phases   ] GC(9)   Other: 0.1ms
[2024-04-09T22:29:19.463+0300][gc,heap     ] GC(9) Eden regions: 47->0(49)
[2024-04-09T22:29:19.463+0300][gc,heap     ] GC(9) Survivor regions: 4->2(7)
[2024-04-09T22:29:19.463+0300][gc,heap     ] GC(9) Old regions: 16->19
[2024-04-09T22:29:19.463+0300][gc,heap     ] GC(9) Humongous regions: 129->129
[2024-04-09T22:29:19.463+0300][gc,metaspace] GC(9) Metaspace: 43282K(43968K)->43282K(43968K) NonClass: 38240K(38656K)->38240K(38656K) Class: 5041K(5312K)->5041K(5312K)
[2024-04-09T22:29:19.463+0300][gc          ] GC(9) Pause Young (Normal) (G1 Evacuation Pause) 196M->149M(1024M) 216.503ms
[2024-04-09T22:29:19.463+0300][gc,cpu      ] GC(9) User=0.01s Sys=0.00s Real=0.22s
[2024-04-09T22:46:52.731+0300][gc,start    ] GC(10) Pause Young (Normal) (G1 Evacuation Pause)
[2024-04-09T22:46:52.745+0300][gc,task     ] GC(10) Using 4 workers of 4 for evacuation
[2024-04-09T22:46:52.748+0300][gc,phases   ] GC(10)   Pre Evacuate Collection Set: 0.1ms
[2024-04-09T22:46:52.748+0300][gc,phases   ] GC(10)   Merge Heap Roots: 0.1ms
[2024-04-09T22:46:52.748+0300][gc,phases   ] GC(10)   Evacuate Collection Set: 2.6ms
[2024-04-09T22:46:52.748+0300][gc,phases   ] GC(10)   Post Evacuate Collection Set: 0.4ms
[2024-04-09T22:46:52.748+0300][gc,phases   ] GC(10)   Other: 0.1ms
[2024-04-09T22:46:52.748+0300][gc,heap     ] GC(10) Eden regions: 49->0(48)
[2024-04-09T22:46:52.748+0300][gc,heap     ] GC(10) Survivor regions: 2->3(7)
[2024-04-09T22:46:52.748+0300][gc,heap     ] GC(10) Old regions: 19->19
[2024-04-09T22:46:52.748+0300][gc,heap     ] GC(10) Humongous regions: 129->129
[2024-04-09T22:46:52.748+0300][gc,metaspace] GC(10) Metaspace: 43402K(44032K)->43402K(44032K) NonClass: 38355K(38720K)->38355K(38720K) Class: 5046K(5312K)->5046K(5312K)
[2024-04-09T22:46:52.748+0300][gc          ] GC(10) Pause Young (Normal) (G1 Evacuation Pause) 198M->150M(1024M) 16.704ms
[2024-04-09T22:46:52.748+0300][gc,cpu      ] GC(10) User=0.01s Sys=0.00s Real=0.01s
[2024-04-09T22:59:26.891+0300][gc,start    ] GC(11) Pause Young (Normal) (G1 Evacuation Pause)
[2024-04-09T22:59:26.896+0300][gc,task     ] GC(11) Using 4 workers of 4 for evacuation
[2024-04-09T22:59:26.899+0300][gc,phases   ] GC(11)   Pre Evacuate Collection Set: 0.2ms
[2024-04-09T22:59:26.900+0300][gc,phases   ] GC(11)   Merge Heap Roots: 0.1ms
[2024-04-09T22:59:26.900+0300][gc,phases   ] GC(11)   Evacuate Collection Set: 3.0ms
[2024-04-09T22:59:26.900+0300][gc,phases   ] GC(11)   Post Evacuate Collection Set: 0.4ms
[2024-04-09T22:59:26.900+0300][gc,phases   ] GC(11)   Other: 0.1ms
[2024-04-09T22:59:26.900+0300][gc,heap     ] GC(11) Eden regions: 48->0(47)
[2024-04-09T22:59:26.900+0300][gc,heap     ] GC(11) Survivor regions: 3->4(7)
[2024-04-09T22:59:26.900+0300][gc,heap     ] GC(11) Old regions: 19->19
[2024-04-09T22:59:26.900+0300][gc,heap     ] GC(11) Humongous regions: 129->129
[2024-04-09T22:59:26.900+0300][gc,metaspace] GC(11) Metaspace: 43464K(44096K)->43464K(44096K) NonClass: 38412K(38784K)->38412K(38784K) Class: 5052K(5312K)->5052K(5312K)
[2024-04-09T22:59:26.900+0300][gc          ] GC(11) Pause Young (Normal) (G1 Evacuation Pause) 198M->151M(1024M) 8.169ms
[2024-04-09T22:59:26.900+0300][gc,cpu      ] GC(11) User=0.01s Sys=0.00s Real=0.01s
[2024-04-09T23:10:49.179+0300][gc,start    ] GC(12) Pause Young (Normal) (G1 Evacuation Pause)
[2024-04-09T23:10:49.222+0300][gc,task     ] GC(12) Using 4 workers of 4 for evacuation
[2024-04-09T23:10:49.226+0300][gc,phases   ] GC(12)   Pre Evacuate Collection Set: 0.1ms
[2024-04-09T23:10:49.226+0300][gc,phases   ] GC(12)   Merge Heap Roots: 0.1ms
[2024-04-09T23:10:49.226+0300][gc,phases   ] GC(12)   Evacuate Collection Set: 3.2ms
[2024-04-09T23:10:49.226+0300][gc,phases   ] GC(12)   Post Evacuate Collection Set: 0.4ms
[2024-04-09T23:10:49.226+0300][gc,phases   ] GC(12)   Other: 0.1ms
[2024-04-09T23:10:49.226+0300][gc,heap     ] GC(12) Eden regions: 47->0(47)
[2024-04-09T23:10:49.226+0300][gc,heap     ] GC(12) Survivor regions: 4->4(7)
[2024-04-09T23:10:49.226+0300][gc,heap     ] GC(12) Old regions: 19->19
[2024-04-09T23:10:49.226+0300][gc,heap     ] GC(12) Humongous regions: 129->129
[2024-04-09T23:10:49.226+0300][gc,metaspace] GC(12) Metaspace: 43501K(44160K)->43501K(44160K) NonClass: 38446K(38848K)->38446K(38848K) Class: 5054K(5312K)->5054K(5312K)
[2024-04-09T23:10:49.226+0300][gc          ] GC(12) Pause Young (Normal) (G1 Evacuation Pause) 198M->150M(1024M) 46.917ms
[2024-04-09T23:10:49.226+0300][gc,cpu      ] GC(12) User=0.01s Sys=0.00s Real=0.05s
[2024-04-09T23:11:47.019+0300][gc,heap,exit] Heap
[2024-04-09T23:11:47.019+0300][gc,heap,exit]  garbage-first heap   total 1048576K, used 168488K [0x00000007c0000000, 0x0000000800000000)
[2024-04-09T23:11:47.019+0300][gc,heap,exit]   region size 1024K, 18 young (18432K), 4 survivors (4096K)
[2024-04-09T23:11:47.019+0300][gc,heap,exit]  Metaspace       used 44368K, committed 44992K, reserved 1114112K
[2024-04-09T23:11:47.019+0300][gc,heap,exit]   class space    used 5232K, committed 5504K, reserved 1048576K
