[2024-04-03T14:44:02.051+0300][gc,init] CardTable entry size: 512
[2024-04-03T14:44:02.051+0300][gc     ] Using G1
[2024-04-03T14:44:02.056+0300][gc,init] Version: 21.0.2+13-58 (release)
[2024-04-03T14:44:02.056+0300][gc,init] CPUs: 4 total, 4 available
[2024-04-03T14:44:02.056+0300][gc,init] Memory: 32768M
[2024-04-03T14:44:02.056+0300][gc,init] Large Page Support: Disabled
[2024-04-03T14:44:02.056+0300][gc,init] NUMA Support: Disabled
[2024-04-03T14:44:02.056+0300][gc,init] Compressed Oops: Enabled (Zero based)
[2024-04-03T14:44:02.056+0300][gc,init] Heap Region Size: 1M
[2024-04-03T14:44:02.056+0300][gc,init] Heap Min Capacity: 1G
[2024-04-03T14:44:02.056+0300][gc,init] Heap Initial Capacity: 1G
[2024-04-03T14:44:02.056+0300][gc,init] Heap Max Capacity: 1G
[2024-04-03T14:44:02.056+0300][gc,init] Pre-touch: Disabled
[2024-04-03T14:44:02.056+0300][gc,init] Parallel Workers: 4
[2024-04-03T14:44:02.056+0300][gc,init] Concurrent Workers: 1
[2024-04-03T14:44:02.056+0300][gc,init] Concurrent Refinement Workers: 4
[2024-04-03T14:44:02.056+0300][gc,init] Periodic GC: Disabled
[2024-04-03T14:44:02.063+0300][gc,metaspace] CDS archive(s) mapped at: [0x000000012b000000-0x000000012bca4000-0x000000012bca4000), size 13254656, SharedBaseAddress: 0x000000012b000000, ArchiveRelocationMode: 1.
[2024-04-03T14:44:02.063+0300][gc,metaspace] Compressed class space mapped at: 0x000000012c000000-0x000000016c000000, reserved size: 1073741824
[2024-04-03T14:44:02.063+0300][gc,metaspace] Narrow klass base: 0x000000012b000000, Narrow klass shift: 0, Narrow klass range: 0x100000000
[2024-04-03T14:44:03.129+0300][gc,start    ] GC(0) Pause Young (Normal) (G1 Evacuation Pause)
[2024-04-03T14:44:03.129+0300][gc,task     ] GC(0) Using 4 workers of 4 for evacuation
[2024-04-03T14:44:03.134+0300][gc,phases   ] GC(0)   Pre Evacuate Collection Set: 0.2ms
[2024-04-03T14:44:03.134+0300][gc,phases   ] GC(0)   Merge Heap Roots: 0.1ms
[2024-04-03T14:44:03.134+0300][gc,phases   ] GC(0)   Evacuate Collection Set: 3.9ms
[2024-04-03T14:44:03.134+0300][gc,phases   ] GC(0)   Post Evacuate Collection Set: 0.6ms
[2024-04-03T14:44:03.134+0300][gc,phases   ] GC(0)   Other: 0.4ms
[2024-04-03T14:44:03.134+0300][gc,heap     ] GC(0) Eden regions: 51->0(44)
[2024-04-03T14:44:03.134+0300][gc,heap     ] GC(0) Survivor regions: 0->7(7)
[2024-04-03T14:44:03.134+0300][gc,heap     ] GC(0) Old regions: 2->3
[2024-04-03T14:44:03.134+0300][gc,heap     ] GC(0) Humongous regions: 0->0
[2024-04-03T14:44:03.135+0300][gc,metaspace] GC(0) Metaspace: 18081K(18304K)->18081K(18304K) NonClass: 16000K(16128K)->16000K(16128K) Class: 2081K(2176K)->2081K(2176K)
[2024-04-03T14:44:03.135+0300][gc          ] GC(0) Pause Young (Normal) (G1 Evacuation Pause) 52M->8M(1024M) 5.415ms
[2024-04-03T14:44:03.135+0300][gc,cpu      ] GC(0) User=0.01s Sys=0.01s Real=0.01s
[2024-04-03T14:44:03.268+0300][gc,start    ] GC(1) Pause Young (Concurrent Start) (Metadata GC Threshold)
[2024-04-03T14:44:03.268+0300][gc,task     ] GC(1) Using 4 workers of 4 for evacuation
[2024-04-03T14:44:03.273+0300][gc,phases   ] GC(1)   Pre Evacuate Collection Set: 0.2ms
[2024-04-03T14:44:03.273+0300][gc,phases   ] GC(1)   Merge Heap Roots: 0.0ms
[2024-04-03T14:44:03.273+0300][gc,phases   ] GC(1)   Evacuate Collection Set: 3.7ms
[2024-04-03T14:44:03.273+0300][gc,phases   ] GC(1)   Post Evacuate Collection Set: 0.4ms
[2024-04-03T14:44:03.273+0300][gc,phases   ] GC(1)   Other: 0.1ms
[2024-04-03T14:44:03.273+0300][gc,heap     ] GC(1) Eden regions: 13->0(50)
[2024-04-03T14:44:03.273+0300][gc,heap     ] GC(1) Survivor regions: 7->1(7)
[2024-04-03T14:44:03.273+0300][gc,heap     ] GC(1) Old regions: 3->10
[2024-04-03T14:44:03.273+0300][gc,heap     ] GC(1) Humongous regions: 0->0
[2024-04-03T14:44:03.273+0300][gc,metaspace] GC(1) Metaspace: 21303K(21504K)->21303K(21504K) NonClass: 18821K(18944K)->18821K(18944K) Class: 2482K(2560K)->2482K(2560K)
[2024-04-03T14:44:03.273+0300][gc          ] GC(1) Pause Young (Concurrent Start) (Metadata GC Threshold) 21M->9M(1024M) 4.549ms
[2024-04-03T14:44:03.273+0300][gc,cpu      ] GC(1) User=0.02s Sys=0.00s Real=0.01s
[2024-04-03T14:44:03.273+0300][gc          ] GC(2) Concurrent Mark Cycle
[2024-04-03T14:44:03.273+0300][gc,marking  ] GC(2) Concurrent Scan Root Regions
[2024-04-03T14:44:03.276+0300][gc,marking  ] GC(2) Concurrent Scan Root Regions 3.609ms
[2024-04-03T14:44:03.276+0300][gc,marking  ] GC(2) Concurrent Mark
[2024-04-03T14:44:03.276+0300][gc,marking  ] GC(2) Concurrent Mark From Roots
[2024-04-03T14:44:03.276+0300][gc,task     ] GC(2) Using 1 workers of 1 for marking
[2024-04-03T14:44:03.279+0300][gc,marking  ] GC(2) Concurrent Mark From Roots 2.209ms
[2024-04-03T14:44:03.279+0300][gc,marking  ] GC(2) Concurrent Preclean
[2024-04-03T14:44:03.279+0300][gc,marking  ] GC(2) Concurrent Preclean 0.013ms
[2024-04-03T14:44:03.279+0300][gc,start    ] GC(2) Pause Remark
[2024-04-03T14:44:03.280+0300][gc          ] GC(2) Pause Remark 10M->10M(1024M) 1.453ms
[2024-04-03T14:44:03.280+0300][gc,cpu      ] GC(2) User=0.00s Sys=0.00s Real=0.01s
[2024-04-03T14:44:03.280+0300][gc,marking  ] GC(2) Concurrent Mark 3.920ms
[2024-04-03T14:44:03.280+0300][gc,marking  ] GC(2) Concurrent Rebuild Remembered Sets and Scrub Regions
[2024-04-03T14:44:03.283+0300][gc,marking  ] GC(2) Concurrent Rebuild Remembered Sets and Scrub Regions 3.095ms
[2024-04-03T14:44:03.283+0300][gc,start    ] GC(2) Pause Cleanup
[2024-04-03T14:44:03.284+0300][gc          ] GC(2) Pause Cleanup 10M->10M(1024M) 0.137ms
[2024-04-03T14:44:03.284+0300][gc,cpu      ] GC(2) User=0.00s Sys=0.00s Real=0.00s
[2024-04-03T14:44:03.284+0300][gc,marking  ] GC(2) Concurrent Clear Claimed Marks
[2024-04-03T14:44:03.284+0300][gc,marking  ] GC(2) Concurrent Clear Claimed Marks 0.036ms
[2024-04-03T14:44:03.284+0300][gc,marking  ] GC(2) Concurrent Cleanup for Next Mark
[2024-04-03T14:44:03.291+0300][gc,marking  ] GC(2) Concurrent Cleanup for Next Mark 7.639ms
[2024-04-03T14:44:03.291+0300][gc          ] GC(2) Concurrent Mark Cycle 18.776ms
[2024-04-03T14:44:03.960+0300][gc,start    ] GC(3) Pause Young (Prepare Mixed) (G1 Evacuation Pause)
[2024-04-03T14:44:03.960+0300][gc,task     ] GC(3) Using 4 workers of 4 for evacuation
[2024-04-03T14:44:03.965+0300][gc,phases   ] GC(3)   Pre Evacuate Collection Set: 0.1ms
[2024-04-03T14:44:03.965+0300][gc,phases   ] GC(3)   Merge Heap Roots: 0.1ms
[2024-04-03T14:44:03.965+0300][gc,phases   ] GC(3)   Evacuate Collection Set: 3.9ms
[2024-04-03T14:44:03.965+0300][gc,phases   ] GC(3)   Post Evacuate Collection Set: 0.5ms
[2024-04-03T14:44:03.965+0300][gc,phases   ] GC(3)   Other: 0.1ms
[2024-04-03T14:44:03.965+0300][gc,heap     ] GC(3) Eden regions: 50->0(45)
[2024-04-03T14:44:03.965+0300][gc,heap     ] GC(3) Survivor regions: 1->6(7)
[2024-04-03T14:44:03.965+0300][gc,heap     ] GC(3) Old regions: 10->10
[2024-04-03T14:44:03.965+0300][gc,heap     ] GC(3) Humongous regions: 129->129
[2024-04-03T14:44:03.965+0300][gc,metaspace] GC(3) Metaspace: 31096K(31424K)->31096K(31424K) NonClass: 27639K(27840K)->27639K(27840K) Class: 3457K(3584K)->3457K(3584K)
[2024-04-03T14:44:03.965+0300][gc          ] GC(3) Pause Young (Prepare Mixed) (G1 Evacuation Pause) 188M->143M(1024M) 4.872ms
[2024-04-03T14:44:03.965+0300][gc,cpu      ] GC(3) User=0.02s Sys=0.00s Real=0.00s
[2024-04-03T14:44:04.683+0300][gc,heap,exit] Heap
[2024-04-03T14:44:04.683+0300][gc,heap,exit]  garbage-first heap   total 1048576K, used 161849K [0x00000007c0000000, 0x0000000800000000)
[2024-04-03T14:44:04.683+0300][gc,heap,exit]   region size 1024K, 21 young (21504K), 6 survivors (6144K)
[2024-04-03T14:44:04.683+0300][gc,heap,exit]  Metaspace       used 33387K, committed 33664K, reserved 1114112K
[2024-04-03T14:44:04.683+0300][gc,heap,exit]   class space    used 3793K, committed 3904K, reserved 1048576K
