[2024-04-10T17:26:54.970+0300][gc,init] CardTable entry size: 512
[2024-04-10T17:26:54.970+0300][gc     ] Using G1
[2024-04-10T17:26:54.975+0300][gc,init] Version: 21.0.2+13-58 (release)
[2024-04-10T17:26:54.975+0300][gc,init] CPUs: 4 total, 4 available
[2024-04-10T17:26:54.975+0300][gc,init] Memory: 32768M
[2024-04-10T17:26:54.975+0300][gc,init] Large Page Support: Disabled
[2024-04-10T17:26:54.975+0300][gc,init] NUMA Support: Disabled
[2024-04-10T17:26:54.975+0300][gc,init] Compressed Oops: Enabled (Zero based)
[2024-04-10T17:26:54.975+0300][gc,init] Heap Region Size: 1M
[2024-04-10T17:26:54.975+0300][gc,init] Heap Min Capacity: 1G
[2024-04-10T17:26:54.975+0300][gc,init] Heap Initial Capacity: 1G
[2024-04-10T17:26:54.975+0300][gc,init] Heap Max Capacity: 1G
[2024-04-10T17:26:54.975+0300][gc,init] Pre-touch: Disabled
[2024-04-10T17:26:54.975+0300][gc,init] Parallel Workers: 4
[2024-04-10T17:26:54.975+0300][gc,init] Concurrent Workers: 1
[2024-04-10T17:26:54.975+0300][gc,init] Concurrent Refinement Workers: 4
[2024-04-10T17:26:54.975+0300][gc,init] Periodic GC: Disabled
[2024-04-10T17:26:54.983+0300][gc,metaspace] CDS archive(s) mapped at: [0x0000000121000000-0x0000000121ca4000-0x0000000121ca4000), size 13254656, SharedBaseAddress: 0x0000000121000000, ArchiveRelocationMode: 1.
[2024-04-10T17:26:54.983+0300][gc,metaspace] Compressed class space mapped at: 0x0000000122000000-0x0000000162000000, reserved size: 1073741824
[2024-04-10T17:26:54.983+0300][gc,metaspace] Narrow klass base: 0x0000000121000000, Narrow klass shift: 0, Narrow klass range: 0x100000000
[2024-04-10T17:26:56.311+0300][gc,start    ] GC(0) Pause Young (Normal) (G1 Evacuation Pause)
[2024-04-10T17:26:56.312+0300][gc,task     ] GC(0) Using 4 workers of 4 for evacuation
[2024-04-10T17:26:56.317+0300][gc,phases   ] GC(0)   Pre Evacuate Collection Set: 0.1ms
[2024-04-10T17:26:56.317+0300][gc,phases   ] GC(0)   Merge Heap Roots: 0.1ms
[2024-04-10T17:26:56.317+0300][gc,phases   ] GC(0)   Evacuate Collection Set: 4.0ms
[2024-04-10T17:26:56.317+0300][gc,phases   ] GC(0)   Post Evacuate Collection Set: 0.7ms
[2024-04-10T17:26:56.317+0300][gc,phases   ] GC(0)   Other: 0.3ms
[2024-04-10T17:26:56.317+0300][gc,heap     ] GC(0) Eden regions: 51->0(44)
[2024-04-10T17:26:56.317+0300][gc,heap     ] GC(0) Survivor regions: 0->7(7)
[2024-04-10T17:26:56.317+0300][gc,heap     ] GC(0) Old regions: 2->3
[2024-04-10T17:26:56.317+0300][gc,heap     ] GC(0) Humongous regions: 0->0
[2024-04-10T17:26:56.317+0300][gc,metaspace] GC(0) Metaspace: 18417K(18560K)->18417K(18560K) NonClass: 16302K(16384K)->16302K(16384K) Class: 2114K(2176K)->2114K(2176K)
[2024-04-10T17:26:56.317+0300][gc          ] GC(0) Pause Young (Normal) (G1 Evacuation Pause) 52M->8M(1024M) 5.478ms
[2024-04-10T17:26:56.317+0300][gc,cpu      ] GC(0) User=0.01s Sys=0.00s Real=0.00s
[2024-04-10T17:26:56.468+0300][gc,start    ] GC(1) Pause Young (Concurrent Start) (Metadata GC Threshold)
[2024-04-10T17:26:56.468+0300][gc,task     ] GC(1) Using 4 workers of 4 for evacuation
[2024-04-10T17:26:56.473+0300][gc,phases   ] GC(1)   Pre Evacuate Collection Set: 0.2ms
[2024-04-10T17:26:56.473+0300][gc,phases   ] GC(1)   Merge Heap Roots: 0.1ms
[2024-04-10T17:26:56.473+0300][gc,phases   ] GC(1)   Evacuate Collection Set: 3.9ms
[2024-04-10T17:26:56.473+0300][gc,phases   ] GC(1)   Post Evacuate Collection Set: 0.4ms
[2024-04-10T17:26:56.473+0300][gc,phases   ] GC(1)   Other: 0.1ms
[2024-04-10T17:26:56.473+0300][gc,heap     ] GC(1) Eden regions: 12->0(50)
[2024-04-10T17:26:56.473+0300][gc,heap     ] GC(1) Survivor regions: 7->1(7)
[2024-04-10T17:26:56.473+0300][gc,heap     ] GC(1) Old regions: 3->10
[2024-04-10T17:26:56.473+0300][gc,heap     ] GC(1) Humongous regions: 0->0
[2024-04-10T17:26:56.473+0300][gc,metaspace] GC(1) Metaspace: 21301K(21504K)->21301K(21504K) NonClass: 18818K(18944K)->18818K(18944K) Class: 2482K(2560K)->2482K(2560K)
[2024-04-10T17:26:56.473+0300][gc          ] GC(1) Pause Young (Concurrent Start) (Metadata GC Threshold) 20M->9M(1024M) 4.849ms
[2024-04-10T17:26:56.473+0300][gc,cpu      ] GC(1) User=0.02s Sys=0.00s Real=0.01s
[2024-04-10T17:26:56.473+0300][gc          ] GC(2) Concurrent Mark Cycle
[2024-04-10T17:26:56.473+0300][gc,marking  ] GC(2) Concurrent Scan Root Regions
[2024-04-10T17:26:56.477+0300][gc,marking  ] GC(2) Concurrent Scan Root Regions 3.356ms
[2024-04-10T17:26:56.477+0300][gc,marking  ] GC(2) Concurrent Mark
[2024-04-10T17:26:56.477+0300][gc,marking  ] GC(2) Concurrent Mark From Roots
[2024-04-10T17:26:56.477+0300][gc,task     ] GC(2) Using 1 workers of 1 for marking
[2024-04-10T17:26:56.479+0300][gc,marking  ] GC(2) Concurrent Mark From Roots 1.965ms
[2024-04-10T17:26:56.479+0300][gc,marking  ] GC(2) Concurrent Preclean
[2024-04-10T17:26:56.479+0300][gc,marking  ] GC(2) Concurrent Preclean 0.016ms
[2024-04-10T17:26:56.479+0300][gc,start    ] GC(2) Pause Remark
[2024-04-10T17:26:56.480+0300][gc          ] GC(2) Pause Remark 10M->10M(1024M) 1.433ms
[2024-04-10T17:26:56.480+0300][gc,cpu      ] GC(2) User=0.00s Sys=0.00s Real=0.01s
[2024-04-10T17:26:56.480+0300][gc,marking  ] GC(2) Concurrent Mark 3.640ms
[2024-04-10T17:26:56.480+0300][gc,marking  ] GC(2) Concurrent Rebuild Remembered Sets and Scrub Regions
[2024-04-10T17:26:56.484+0300][gc,marking  ] GC(2) Concurrent Rebuild Remembered Sets and Scrub Regions 3.372ms
[2024-04-10T17:26:56.484+0300][gc,start    ] GC(2) Pause Cleanup
[2024-04-10T17:26:56.484+0300][gc          ] GC(2) Pause Cleanup 10M->10M(1024M) 0.156ms
[2024-04-10T17:26:56.484+0300][gc,cpu      ] GC(2) User=0.00s Sys=0.00s Real=0.00s
[2024-04-10T17:26:56.484+0300][gc,marking  ] GC(2) Concurrent Clear Claimed Marks
[2024-04-10T17:26:56.484+0300][gc,marking  ] GC(2) Concurrent Clear Claimed Marks 0.011ms
[2024-04-10T17:26:56.484+0300][gc,marking  ] GC(2) Concurrent Cleanup for Next Mark
[2024-04-10T17:26:56.492+0300][gc,marking  ] GC(2) Concurrent Cleanup for Next Mark 7.786ms
[2024-04-10T17:26:56.492+0300][gc          ] GC(2) Concurrent Mark Cycle 18.653ms
[2024-04-10T17:26:57.359+0300][gc,start    ] GC(3) Pause Young (Prepare Mixed) (G1 Evacuation Pause)
[2024-04-10T17:26:57.359+0300][gc,task     ] GC(3) Using 4 workers of 4 for evacuation
[2024-04-10T17:26:57.363+0300][gc,phases   ] GC(3)   Pre Evacuate Collection Set: 0.1ms
[2024-04-10T17:26:57.363+0300][gc,phases   ] GC(3)   Merge Heap Roots: 0.1ms
[2024-04-10T17:26:57.363+0300][gc,phases   ] GC(3)   Evacuate Collection Set: 3.3ms
[2024-04-10T17:26:57.363+0300][gc,phases   ] GC(3)   Post Evacuate Collection Set: 0.5ms
[2024-04-10T17:26:57.363+0300][gc,phases   ] GC(3)   Other: 0.1ms
[2024-04-10T17:26:57.363+0300][gc,heap     ] GC(3) Eden regions: 50->0(45)
[2024-04-10T17:26:57.363+0300][gc,heap     ] GC(3) Survivor regions: 1->6(7)
[2024-04-10T17:26:57.363+0300][gc,heap     ] GC(3) Old regions: 10->10
[2024-04-10T17:26:57.363+0300][gc,heap     ] GC(3) Humongous regions: 129->129
[2024-04-10T17:26:57.363+0300][gc,metaspace] GC(3) Metaspace: 31154K(31424K)->31154K(31424K) NonClass: 27694K(27840K)->27694K(27840K) Class: 3459K(3584K)->3459K(3584K)
[2024-04-10T17:26:57.363+0300][gc          ] GC(3) Pause Young (Prepare Mixed) (G1 Evacuation Pause) 188M->143M(1024M) 4.275ms
[2024-04-10T17:26:57.363+0300][gc,cpu      ] GC(3) User=0.01s Sys=0.00s Real=0.01s
[2024-04-10T17:26:57.705+0300][gc,start    ] GC(4) Pause Young (Mixed) (Metadata GC Threshold)
[2024-04-10T17:26:57.705+0300][gc,task     ] GC(4) Using 4 workers of 4 for evacuation
[2024-04-10T17:26:57.711+0300][gc,phases   ] GC(4)   Pre Evacuate Collection Set: 0.1ms
[2024-04-10T17:26:57.711+0300][gc,phases   ] GC(4)   Merge Heap Roots: 0.0ms
[2024-04-10T17:26:57.711+0300][gc,phases   ] GC(4)   Evacuate Collection Set: 4.4ms
[2024-04-10T17:26:57.711+0300][gc,phases   ] GC(4)   Post Evacuate Collection Set: 0.5ms
[2024-04-10T17:26:57.711+0300][gc,phases   ] GC(4)   Other: 0.1ms
[2024-04-10T17:26:57.711+0300][gc,heap     ] GC(4) Eden regions: 19->0(49)
[2024-04-10T17:26:57.711+0300][gc,heap     ] GC(4) Survivor regions: 6->2(7)
[2024-04-10T17:26:57.711+0300][gc,heap     ] GC(4) Old regions: 10->15
[2024-04-10T17:26:57.711+0300][gc,heap     ] GC(4) Humongous regions: 129->129
[2024-04-10T17:26:57.711+0300][gc,metaspace] GC(4) Metaspace: 35678K(35968K)->35678K(35968K) NonClass: 31810K(31936K)->31810K(31936K) Class: 3868K(4032K)->3868K(4032K)
[2024-04-10T17:26:57.711+0300][gc          ] GC(4) Pause Young (Mixed) (Metadata GC Threshold) 161M->144M(1024M) 5.256ms
[2024-04-10T17:26:57.711+0300][gc,cpu      ] GC(4) User=0.01s Sys=0.00s Real=0.01s
[2024-04-10T17:26:57.724+0300][gc,start    ] GC(5) Pause Young (Concurrent Start) (Metadata GC Threshold)
[2024-04-10T17:26:57.725+0300][gc,task     ] GC(5) Using 4 workers of 4 for evacuation
[2024-04-10T17:26:57.727+0300][gc,phases   ] GC(5)   Pre Evacuate Collection Set: 0.2ms
[2024-04-10T17:26:57.727+0300][gc,phases   ] GC(5)   Merge Heap Roots: 0.1ms
[2024-04-10T17:26:57.727+0300][gc,phases   ] GC(5)   Evacuate Collection Set: 1.8ms
[2024-04-10T17:26:57.727+0300][gc,phases   ] GC(5)   Post Evacuate Collection Set: 0.3ms
[2024-04-10T17:26:57.727+0300][gc,phases   ] GC(5)   Other: 0.1ms
[2024-04-10T17:26:57.727+0300][gc,heap     ] GC(5) Eden regions: 3->0(49)
[2024-04-10T17:26:57.727+0300][gc,heap     ] GC(5) Survivor regions: 2->2(7)
[2024-04-10T17:26:57.727+0300][gc,heap     ] GC(5) Old regions: 15->15
[2024-04-10T17:26:57.727+0300][gc,heap     ] GC(5) Humongous regions: 129->129
[2024-04-10T17:26:57.727+0300][gc,metaspace] GC(5) Metaspace: 35991K(36288K)->35991K(36288K) NonClass: 32083K(32256K)->32083K(32256K) Class: 3908K(4032K)->3908K(4032K)
[2024-04-10T17:26:57.727+0300][gc          ] GC(5) Pause Young (Concurrent Start) (Metadata GC Threshold) 147M->144M(1024M) 2.628ms
[2024-04-10T17:26:57.727+0300][gc,cpu      ] GC(5) User=0.01s Sys=0.00s Real=0.00s
[2024-04-10T17:26:57.727+0300][gc          ] GC(6) Concurrent Mark Cycle
[2024-04-10T17:26:57.727+0300][gc,marking  ] GC(6) Concurrent Scan Root Regions
[2024-04-10T17:26:57.729+0300][gc,marking  ] GC(6) Concurrent Scan Root Regions 1.695ms
[2024-04-10T17:26:57.729+0300][gc,marking  ] GC(6) Concurrent Mark
[2024-04-10T17:26:57.729+0300][gc,marking  ] GC(6) Concurrent Mark From Roots
[2024-04-10T17:26:57.729+0300][gc,task     ] GC(6) Using 1 workers of 1 for marking
[2024-04-10T17:26:57.747+0300][gc,marking  ] GC(6) Concurrent Mark From Roots 17.900ms
[2024-04-10T17:26:57.747+0300][gc,marking  ] GC(6) Concurrent Preclean
[2024-04-10T17:26:57.747+0300][gc,marking  ] GC(6) Concurrent Preclean 0.052ms
[2024-04-10T17:26:57.747+0300][gc,start    ] GC(6) Pause Remark
[2024-04-10T17:26:57.749+0300][gc          ] GC(6) Pause Remark 146M->146M(1024M) 1.825ms
[2024-04-10T17:26:57.749+0300][gc,cpu      ] GC(6) User=0.01s Sys=0.00s Real=0.00s
[2024-04-10T17:26:57.749+0300][gc,marking  ] GC(6) Concurrent Mark 20.142ms
[2024-04-10T17:26:57.749+0300][gc,marking  ] GC(6) Concurrent Rebuild Remembered Sets and Scrub Regions
[2024-04-10T17:26:57.757+0300][gc,marking  ] GC(6) Concurrent Rebuild Remembered Sets and Scrub Regions 7.899ms
[2024-04-10T17:26:57.757+0300][gc,start    ] GC(6) Pause Cleanup
[2024-04-10T17:26:57.758+0300][gc          ] GC(6) Pause Cleanup 147M->147M(1024M) 0.196ms
[2024-04-10T17:26:57.758+0300][gc,cpu      ] GC(6) User=0.00s Sys=0.00s Real=0.00s
[2024-04-10T17:26:57.758+0300][gc,marking  ] GC(6) Concurrent Clear Claimed Marks
[2024-04-10T17:26:57.758+0300][gc,marking  ] GC(6) Concurrent Clear Claimed Marks 0.029ms
[2024-04-10T17:26:57.758+0300][gc,marking  ] GC(6) Concurrent Cleanup for Next Mark
[2024-04-10T17:26:57.759+0300][gc,marking  ] GC(6) Concurrent Cleanup for Next Mark 1.739ms
[2024-04-10T17:26:57.759+0300][gc          ] GC(6) Concurrent Mark Cycle 32.336ms
[2024-04-10T17:45:42.399+0300][gc,start    ] GC(7) Pause Young (Prepare Mixed) (G1 Evacuation Pause)
[2024-04-10T17:45:42.399+0300][gc,task     ] GC(7) Using 4 workers of 4 for evacuation
[2024-04-10T17:45:42.402+0300][gc,phases   ] GC(7)   Pre Evacuate Collection Set: 0.1ms
[2024-04-10T17:45:42.402+0300][gc,phases   ] GC(7)   Merge Heap Roots: 0.1ms
[2024-04-10T17:45:42.402+0300][gc,phases   ] GC(7)   Evacuate Collection Set: 2.3ms
[2024-04-10T17:45:42.402+0300][gc,phases   ] GC(7)   Post Evacuate Collection Set: 0.5ms
[2024-04-10T17:45:42.402+0300][gc,phases   ] GC(7)   Other: 0.1ms
[2024-04-10T17:45:42.402+0300][gc,heap     ] GC(7) Eden regions: 49->0(47)
[2024-04-10T17:45:42.402+0300][gc,heap     ] GC(7) Survivor regions: 2->4(7)
[2024-04-10T17:45:42.402+0300][gc,heap     ] GC(7) Old regions: 15->15
[2024-04-10T17:45:42.402+0300][gc,heap     ] GC(7) Humongous regions: 135->129
[2024-04-10T17:45:42.402+0300][gc,metaspace] GC(7) Metaspace: 40183K(40768K)->40183K(40768K) NonClass: 35585K(35904K)->35585K(35904K) Class: 4598K(4864K)->4598K(4864K)
[2024-04-10T17:45:42.402+0300][gc          ] GC(7) Pause Young (Prepare Mixed) (G1 Evacuation Pause) 199M->146M(1024M) 3.278ms
[2024-04-10T17:45:42.403+0300][gc,cpu      ] GC(7) User=0.01s Sys=0.00s Real=0.01s
[2024-04-10T18:09:27.364+0300][gc,start    ] GC(8) Pause Young (Mixed) (G1 Evacuation Pause)
[2024-04-10T18:09:27.364+0300][gc,task     ] GC(8) Using 4 workers of 4 for evacuation
[2024-04-10T18:09:27.370+0300][gc,phases   ] GC(8)   Pre Evacuate Collection Set: 0.1ms
[2024-04-10T18:09:27.370+0300][gc,phases   ] GC(8)   Merge Heap Roots: 0.1ms
[2024-04-10T18:09:27.370+0300][gc,phases   ] GC(8)   Evacuate Collection Set: 4.3ms
[2024-04-10T18:09:27.370+0300][gc,phases   ] GC(8)   Post Evacuate Collection Set: 0.8ms
[2024-04-10T18:09:27.370+0300][gc,phases   ] GC(8)   Other: 0.1ms
[2024-04-10T18:09:27.370+0300][gc,heap     ] GC(8) Eden regions: 47->0(45)
[2024-04-10T18:09:27.370+0300][gc,heap     ] GC(8) Survivor regions: 4->6(7)
[2024-04-10T18:09:27.370+0300][gc,heap     ] GC(8) Old regions: 15->14
[2024-04-10T18:09:27.370+0300][gc,heap     ] GC(8) Humongous regions: 129->129
[2024-04-10T18:09:27.370+0300][gc,metaspace] GC(8) Metaspace: 42886K(43584K)->42886K(43584K) NonClass: 37817K(38208K)->37817K(38208K) Class: 5068K(5376K)->5068K(5376K)
[2024-04-10T18:09:27.370+0300][gc          ] GC(8) Pause Young (Mixed) (G1 Evacuation Pause) 193M->148M(1024M) 5.640ms
[2024-04-10T18:09:27.370+0300][gc,cpu      ] GC(8) User=0.02s Sys=0.00s Real=0.01s
[2024-04-10T18:16:11.188+0300][gc,start    ] GC(9) Pause Young (Normal) (G1 Evacuation Pause)
[2024-04-10T18:16:11.188+0300][gc,task     ] GC(9) Using 4 workers of 4 for evacuation
[2024-04-10T18:16:11.195+0300][gc,phases   ] GC(9)   Pre Evacuate Collection Set: 0.2ms
[2024-04-10T18:16:11.195+0300][gc,phases   ] GC(9)   Merge Heap Roots: 0.1ms
[2024-04-10T18:16:11.195+0300][gc,phases   ] GC(9)   Evacuate Collection Set: 5.9ms
[2024-04-10T18:16:11.195+0300][gc,phases   ] GC(9)   Post Evacuate Collection Set: 0.7ms
[2024-04-10T18:16:11.195+0300][gc,phases   ] GC(9)   Other: 0.1ms
[2024-04-10T18:16:11.195+0300][gc,heap     ] GC(9) Eden regions: 45->0(45)
[2024-04-10T18:16:11.195+0300][gc,heap     ] GC(9) Survivor regions: 6->6(7)
[2024-04-10T18:16:11.195+0300][gc,heap     ] GC(9) Old regions: 14->16
[2024-04-10T18:16:11.195+0300][gc,heap     ] GC(9) Humongous regions: 129->129
[2024-04-10T18:16:11.195+0300][gc,metaspace] GC(9) Metaspace: 43858K(44544K)->43858K(44544K) NonClass: 38649K(39040K)->38649K(39040K) Class: 5208K(5504K)->5208K(5504K)
[2024-04-10T18:16:11.195+0300][gc          ] GC(9) Pause Young (Normal) (G1 Evacuation Pause) 193M->150M(1024M) 7.053ms
[2024-04-10T18:16:11.195+0300][gc,cpu      ] GC(9) User=0.02s Sys=0.00s Real=0.01s
[2024-04-10T18:20:53.927+0300][gc,start    ] GC(10) Pause Young (Normal) (G1 Evacuation Pause)
[2024-04-10T18:20:53.927+0300][gc,task     ] GC(10) Using 4 workers of 4 for evacuation
[2024-04-10T18:20:53.933+0300][gc,phases   ] GC(10)   Pre Evacuate Collection Set: 0.1ms
[2024-04-10T18:20:53.933+0300][gc,phases   ] GC(10)   Merge Heap Roots: 0.1ms
[2024-04-10T18:20:53.933+0300][gc,phases   ] GC(10)   Evacuate Collection Set: 4.6ms
[2024-04-10T18:20:53.933+0300][gc,phases   ] GC(10)   Post Evacuate Collection Set: 0.5ms
[2024-04-10T18:20:53.933+0300][gc,phases   ] GC(10)   Other: 0.1ms
[2024-04-10T18:20:53.933+0300][gc,heap     ] GC(10) Eden regions: 45->0(48)
[2024-04-10T18:20:53.933+0300][gc,heap     ] GC(10) Survivor regions: 6->3(7)
[2024-04-10T18:20:53.933+0300][gc,heap     ] GC(10) Old regions: 16->18
[2024-04-10T18:20:53.933+0300][gc,heap     ] GC(10) Humongous regions: 129->129
[2024-04-10T18:20:53.933+0300][gc,metaspace] GC(10) Metaspace: 43952K(44608K)->43952K(44608K) NonClass: 38736K(39104K)->38736K(39104K) Class: 5216K(5504K)->5216K(5504K)
[2024-04-10T18:20:53.933+0300][gc          ] GC(10) Pause Young (Normal) (G1 Evacuation Pause) 195M->149M(1024M) 5.901ms
[2024-04-10T18:20:53.933+0300][gc,cpu      ] GC(10) User=0.01s Sys=0.00s Real=0.01s
[2024-04-10T18:25:53.868+0300][gc,start    ] GC(11) Pause Young (Normal) (G1 Evacuation Pause)
[2024-04-10T18:25:53.868+0300][gc,task     ] GC(11) Using 4 workers of 4 for evacuation
[2024-04-10T18:25:53.872+0300][gc,phases   ] GC(11)   Pre Evacuate Collection Set: 0.2ms
[2024-04-10T18:25:53.872+0300][gc,phases   ] GC(11)   Merge Heap Roots: 0.0ms
[2024-04-10T18:25:53.872+0300][gc,phases   ] GC(11)   Evacuate Collection Set: 3.3ms
[2024-04-10T18:25:53.872+0300][gc,phases   ] GC(11)   Post Evacuate Collection Set: 0.4ms
[2024-04-10T18:25:53.872+0300][gc,phases   ] GC(11)   Other: 0.1ms
[2024-04-10T18:25:53.872+0300][gc,heap     ] GC(11) Eden regions: 48->0(47)
[2024-04-10T18:25:53.872+0300][gc,heap     ] GC(11) Survivor regions: 3->4(7)
[2024-04-10T18:25:53.872+0300][gc,heap     ] GC(11) Old regions: 18->18
[2024-04-10T18:25:53.872+0300][gc,heap     ] GC(11) Humongous regions: 129->129
[2024-04-10T18:25:53.872+0300][gc,metaspace] GC(11) Metaspace: 44012K(44672K)->44012K(44672K) NonClass: 38795K(39168K)->38795K(39168K) Class: 5216K(5504K)->5216K(5504K)
[2024-04-10T18:25:53.872+0300][gc          ] GC(11) Pause Young (Normal) (G1 Evacuation Pause) 197M->150M(1024M) 4.150ms
[2024-04-10T18:25:53.872+0300][gc,cpu      ] GC(11) User=0.01s Sys=0.00s Real=0.01s
[2024-04-10T18:30:57.800+0300][gc,start    ] GC(12) Pause Young (Normal) (G1 Evacuation Pause)
[2024-04-10T18:30:57.800+0300][gc,task     ] GC(12) Using 4 workers of 4 for evacuation
[2024-04-10T18:30:57.804+0300][gc,phases   ] GC(12)   Pre Evacuate Collection Set: 0.1ms
[2024-04-10T18:30:57.804+0300][gc,phases   ] GC(12)   Merge Heap Roots: 0.1ms
[2024-04-10T18:30:57.804+0300][gc,phases   ] GC(12)   Evacuate Collection Set: 3.6ms
[2024-04-10T18:30:57.804+0300][gc,phases   ] GC(12)   Post Evacuate Collection Set: 0.4ms
[2024-04-10T18:30:57.804+0300][gc,phases   ] GC(12)   Other: 0.1ms
[2024-04-10T18:30:57.804+0300][gc,heap     ] GC(12) Eden regions: 47->0(46)
[2024-04-10T18:30:57.804+0300][gc,heap     ] GC(12) Survivor regions: 4->5(7)
[2024-04-10T18:30:57.804+0300][gc,heap     ] GC(12) Old regions: 18->18
[2024-04-10T18:30:57.804+0300][gc,heap     ] GC(12) Humongous regions: 129->129
[2024-04-10T18:30:57.804+0300][gc,metaspace] GC(12) Metaspace: 44055K(44736K)->44055K(44736K) NonClass: 38835K(39232K)->38835K(39232K) Class: 5220K(5504K)->5220K(5504K)
[2024-04-10T18:30:57.804+0300][gc          ] GC(12) Pause Young (Normal) (G1 Evacuation Pause) 197M->152M(1024M) 4.555ms
[2024-04-10T18:30:57.804+0300][gc,cpu      ] GC(12) User=0.01s Sys=0.00s Real=0.00s
[2024-04-10T18:36:12.730+0300][gc,start    ] GC(13) Pause Young (Normal) (G1 Evacuation Pause)
[2024-04-10T18:36:12.730+0300][gc,task     ] GC(13) Using 4 workers of 4 for evacuation
[2024-04-10T18:36:12.734+0300][gc,phases   ] GC(13)   Pre Evacuate Collection Set: 0.1ms
[2024-04-10T18:36:12.734+0300][gc,phases   ] GC(13)   Merge Heap Roots: 0.1ms
[2024-04-10T18:36:12.734+0300][gc,phases   ] GC(13)   Evacuate Collection Set: 3.4ms
[2024-04-10T18:36:12.734+0300][gc,phases   ] GC(13)   Post Evacuate Collection Set: 0.4ms
[2024-04-10T18:36:12.734+0300][gc,phases   ] GC(13)   Other: 0.1ms
[2024-04-10T18:36:12.734+0300][gc,heap     ] GC(13) Eden regions: 46->0(67)
[2024-04-10T18:36:12.734+0300][gc,heap     ] GC(13) Survivor regions: 5->3(7)
[2024-04-10T18:36:12.734+0300][gc,heap     ] GC(13) Old regions: 18->20
[2024-04-10T18:36:12.734+0300][gc,heap     ] GC(13) Humongous regions: 129->129
[2024-04-10T18:36:12.734+0300][gc,metaspace] GC(13) Metaspace: 44067K(44736K)->44067K(44736K) NonClass: 38847K(39232K)->38847K(39232K) Class: 5220K(5504K)->5220K(5504K)
[2024-04-10T18:36:12.734+0300][gc          ] GC(13) Pause Young (Normal) (G1 Evacuation Pause) 198M->151M(1024M) 4.394ms
[2024-04-10T18:36:12.735+0300][gc,cpu      ] GC(13) User=0.02s Sys=0.00s Real=0.00s
[2024-04-10T18:45:08.265+0300][gc,start    ] GC(14) Pause Young (Normal) (G1 Evacuation Pause)
[2024-04-10T18:45:08.265+0300][gc,task     ] GC(14) Using 4 workers of 4 for evacuation
[2024-04-10T18:45:08.269+0300][gc,phases   ] GC(14)   Pre Evacuate Collection Set: 0.1ms
[2024-04-10T18:45:08.269+0300][gc,phases   ] GC(14)   Merge Heap Roots: 0.1ms
[2024-04-10T18:45:08.269+0300][gc,phases   ] GC(14)   Evacuate Collection Set: 3.2ms
[2024-04-10T18:45:08.269+0300][gc,phases   ] GC(14)   Post Evacuate Collection Set: 0.4ms
[2024-04-10T18:45:08.269+0300][gc,phases   ] GC(14)   Other: 0.1ms
[2024-04-10T18:45:08.269+0300][gc,heap     ] GC(14) Eden regions: 78->0(223)
[2024-04-10T18:45:08.269+0300][gc,heap     ] GC(14) Survivor regions: 3->4(11)
[2024-04-10T18:45:08.269+0300][gc,heap     ] GC(14) Old regions: 20->20
[2024-04-10T18:45:08.269+0300][gc,heap     ] GC(14) Humongous regions: 129->129
[2024-04-10T18:45:08.270+0300][gc,metaspace] GC(14) Metaspace: 44081K(44736K)->44081K(44736K) NonClass: 38861K(39232K)->38861K(39232K) Class: 5220K(5504K)->5220K(5504K)
[2024-04-10T18:45:08.270+0300][gc          ] GC(14) Pause Young (Normal) (G1 Evacuation Pause) 229M->151M(1024M) 4.115ms
[2024-04-10T18:45:08.270+0300][gc,cpu      ] GC(14) User=0.01s Sys=0.00s Real=0.01s
[2024-04-10T19:11:46.509+0300][gc,start    ] GC(15) Pause Young (Normal) (G1 Evacuation Pause)
[2024-04-10T19:11:46.510+0300][gc,task     ] GC(15) Using 4 workers of 4 for evacuation
[2024-04-10T19:11:46.513+0300][gc,phases   ] GC(15)   Pre Evacuate Collection Set: 0.1ms
[2024-04-10T19:11:46.513+0300][gc,phases   ] GC(15)   Merge Heap Roots: 0.1ms
[2024-04-10T19:11:46.513+0300][gc,phases   ] GC(15)   Evacuate Collection Set: 2.9ms
[2024-04-10T19:11:46.513+0300][gc,phases   ] GC(15)   Post Evacuate Collection Set: 0.4ms
[2024-04-10T19:11:46.513+0300][gc,phases   ] GC(15)   Other: 0.1ms
[2024-04-10T19:11:46.513+0300][gc,heap     ] GC(15) Eden regions: 228->0(611)
[2024-04-10T19:11:46.513+0300][gc,heap     ] GC(15) Survivor regions: 4->3(29)
[2024-04-10T19:11:46.513+0300][gc,heap     ] GC(15) Old regions: 20->20
[2024-04-10T19:11:46.513+0300][gc,heap     ] GC(15) Humongous regions: 129->129
[2024-04-10T19:11:46.513+0300][gc,metaspace] GC(15) Metaspace: 44117K(44800K)->44117K(44800K) NonClass: 38896K(39296K)->38896K(39296K) Class: 5220K(5504K)->5220K(5504K)
[2024-04-10T19:11:46.513+0300][gc          ] GC(15) Pause Young (Normal) (G1 Evacuation Pause) 379M->151M(1024M) 3.827ms
[2024-04-10T19:11:46.513+0300][gc,cpu      ] GC(15) User=0.01s Sys=0.01s Real=0.01s
[2024-04-10T20:20:58.371+0300][gc,start    ] GC(16) Pause Young (Normal) (G1 Evacuation Pause)
[2024-04-10T20:20:58.371+0300][gc,task     ] GC(16) Using 4 workers of 4 for evacuation
[2024-04-10T20:20:58.375+0300][gc,phases   ] GC(16)   Pre Evacuate Collection Set: 0.2ms
[2024-04-10T20:20:58.375+0300][gc,phases   ] GC(16)   Merge Heap Roots: 0.1ms
[2024-04-10T20:20:58.375+0300][gc,phases   ] GC(16)   Evacuate Collection Set: 3.7ms
[2024-04-10T20:20:58.375+0300][gc,phases   ] GC(16)   Post Evacuate Collection Set: 0.6ms
[2024-04-10T20:20:58.375+0300][gc,phases   ] GC(16)   Other: 0.2ms
[2024-04-10T20:20:58.375+0300][gc,heap     ] GC(16) Eden regions: 611->0(610)
[2024-04-10T20:20:58.375+0300][gc,heap     ] GC(16) Survivor regions: 3->4(77)
[2024-04-10T20:20:58.375+0300][gc,heap     ] GC(16) Old regions: 20->20
[2024-04-10T20:20:58.375+0300][gc,heap     ] GC(16) Humongous regions: 129->129
[2024-04-10T20:20:58.375+0300][gc,metaspace] GC(16) Metaspace: 44213K(44864K)->44213K(44864K) NonClass: 38991K(39360K)->38991K(39360K) Class: 5221K(5504K)->5221K(5504K)
[2024-04-10T20:20:58.375+0300][gc          ] GC(16) Pause Young (Normal) (G1 Evacuation Pause) 762M->152M(1024M) 4.864ms
[2024-04-10T20:20:58.375+0300][gc,cpu      ] GC(16) User=0.02s Sys=0.00s Real=0.00s
[2024-04-10T21:28:53.421+0300][gc,start    ] GC(17) Pause Young (Normal) (G1 Evacuation Pause)
[2024-04-10T21:28:53.428+0300][gc,task     ] GC(17) Using 4 workers of 4 for evacuation
[2024-04-10T21:28:53.434+0300][gc,phases   ] GC(17)   Pre Evacuate Collection Set: 0.2ms
[2024-04-10T21:28:53.434+0300][gc,phases   ] GC(17)   Merge Heap Roots: 0.1ms
[2024-04-10T21:28:53.434+0300][gc,phases   ] GC(17)   Evacuate Collection Set: 4.8ms
[2024-04-10T21:28:53.434+0300][gc,phases   ] GC(17)   Post Evacuate Collection Set: 0.5ms
[2024-04-10T21:28:53.434+0300][gc,phases   ] GC(17)   Other: 0.1ms
[2024-04-10T21:28:53.434+0300][gc,heap     ] GC(17) Eden regions: 610->0(610)
[2024-04-10T21:28:53.434+0300][gc,heap     ] GC(17) Survivor regions: 4->4(77)
[2024-04-10T21:28:53.434+0300][gc,heap     ] GC(17) Old regions: 20->20
[2024-04-10T21:28:53.434+0300][gc,heap     ] GC(17) Humongous regions: 129->129
[2024-04-10T21:28:53.434+0300][gc,metaspace] GC(17) Metaspace: 44389K(45056K)->44389K(45056K) NonClass: 39167K(39552K)->39167K(39552K) Class: 5221K(5504K)->5221K(5504K)
[2024-04-10T21:28:53.434+0300][gc          ] GC(17) Pause Young (Normal) (G1 Evacuation Pause) 762M->152M(1024M) 12.895ms
[2024-04-10T21:28:53.434+0300][gc,cpu      ] GC(17) User=0.02s Sys=0.01s Real=0.01s
[2024-04-10T22:31:56.239+0300][gc,start    ] GC(18) Pause Young (Normal) (G1 Evacuation Pause)
[2024-04-10T22:31:56.243+0300][gc,task     ] GC(18) Using 4 workers of 4 for evacuation
[2024-04-10T22:31:56.248+0300][gc,phases   ] GC(18)   Pre Evacuate Collection Set: 0.2ms
[2024-04-10T22:31:56.248+0300][gc,phases   ] GC(18)   Merge Heap Roots: 0.1ms
[2024-04-10T22:31:56.248+0300][gc,phases   ] GC(18)   Evacuate Collection Set: 3.6ms
[2024-04-10T22:31:56.248+0300][gc,phases   ] GC(18)   Post Evacuate Collection Set: 0.5ms
[2024-04-10T22:31:56.248+0300][gc,phases   ] GC(18)   Other: 0.1ms
[2024-04-10T22:31:56.248+0300][gc,heap     ] GC(18) Eden regions: 610->0(609)
[2024-04-10T22:31:56.248+0300][gc,heap     ] GC(18) Survivor regions: 4->5(77)
[2024-04-10T22:31:56.248+0300][gc,heap     ] GC(18) Old regions: 20->20
[2024-04-10T22:31:56.248+0300][gc,heap     ] GC(18) Humongous regions: 129->129
[2024-04-10T22:31:56.248+0300][gc,metaspace] GC(18) Metaspace: 44655K(45312K)->44655K(45312K) NonClass: 39432K(39808K)->39432K(39808K) Class: 5222K(5504K)->5222K(5504K)
[2024-04-10T22:31:56.248+0300][gc          ] GC(18) Pause Young (Normal) (G1 Evacuation Pause) 762M->152M(1024M) 9.129ms
[2024-04-10T22:31:56.248+0300][gc,cpu      ] GC(18) User=0.02s Sys=0.00s Real=0.01s
[2024-04-10T23:00:27.766+0300][gc,heap,exit] Heap
[2024-04-10T23:00:27.777+0300][gc,heap,exit]  garbage-first heap   total 1048576K, used 403959K [0x00000007c0000000, 0x0000000800000000)
[2024-04-10T23:00:27.777+0300][gc,heap,exit]   region size 1024K, 247 young (252928K), 5 survivors (5120K)
[2024-04-10T23:00:27.777+0300][gc,heap,exit]  Metaspace       used 45616K, committed 46272K, reserved 1114112K
[2024-04-10T23:00:27.777+0300][gc,heap,exit]   class space    used 5408K, committed 5696K, reserved 1048576K
