[2024-04-11T13:52:59.248+0300][gc,init] CardTable entry size: 512
[2024-04-11T13:52:59.248+0300][gc     ] Using G1
[2024-04-11T13:52:59.253+0300][gc,init] Version: 21.0.2+13-58 (release)
[2024-04-11T13:52:59.253+0300][gc,init] CPUs: 4 total, 4 available
[2024-04-11T13:52:59.253+0300][gc,init] Memory: 32768M
[2024-04-11T13:52:59.253+0300][gc,init] Large Page Support: Disabled
[2024-04-11T13:52:59.253+0300][gc,init] NUMA Support: Disabled
[2024-04-11T13:52:59.253+0300][gc,init] Compressed Oops: Enabled (Zero based)
[2024-04-11T13:52:59.253+0300][gc,init] Heap Region Size: 1M
[2024-04-11T13:52:59.253+0300][gc,init] Heap Min Capacity: 1G
[2024-04-11T13:52:59.253+0300][gc,init] Heap Initial Capacity: 1G
[2024-04-11T13:52:59.253+0300][gc,init] Heap Max Capacity: 1G
[2024-04-11T13:52:59.253+0300][gc,init] Pre-touch: Disabled
[2024-04-11T13:52:59.253+0300][gc,init] Parallel Workers: 4
[2024-04-11T13:52:59.253+0300][gc,init] Concurrent Workers: 1
[2024-04-11T13:52:59.253+0300][gc,init] Concurrent Refinement Workers: 4
[2024-04-11T13:52:59.253+0300][gc,init] Periodic GC: Disabled
[2024-04-11T13:52:59.261+0300][gc,metaspace] CDS archive(s) mapped at: [0x0000000125000000-0x0000000125ca4000-0x0000000125ca4000), size 13254656, SharedBaseAddress: 0x0000000125000000, ArchiveRelocationMode: 1.
[2024-04-11T13:52:59.261+0300][gc,metaspace] Compressed class space mapped at: 0x0000000126000000-0x0000000166000000, reserved size: 1073741824
[2024-04-11T13:52:59.261+0300][gc,metaspace] Narrow klass base: 0x0000000125000000, Narrow klass shift: 0, Narrow klass range: 0x100000000
[2024-04-11T21:43:01.817+0300][gc,heap,exit] Heap
[2024-04-11T21:43:01.818+0300][gc,heap,exit]  garbage-first heap   total 1048576K, used 47118K [0x00000007c0000000, 0x0000000800000000)
[2024-04-11T21:43:01.818+0300][gc,heap,exit]   region size 1024K, 46 young (47104K), 0 survivors (0K)
[2024-04-11T21:43:01.818+0300][gc,heap,exit]  Metaspace       used 15538K, committed 15744K, reserved 1114112K
[2024-04-11T21:43:01.818+0300][gc,heap,exit]   class space    used 1835K, committed 1920K, reserved 1048576K
