[2024-03-30T17:41:08.833+0300][gc,init] CardTable entry size: 512
[2024-03-30T17:41:08.833+0300][gc     ] Using G1
[2024-03-30T17:41:08.836+0300][gc,init] Version: 21.0.2+13-58 (release)
[2024-03-30T17:41:08.836+0300][gc,init] CPUs: 4 total, 4 available
[2024-03-30T17:41:08.836+0300][gc,init] Memory: 16384M
[2024-03-30T17:41:08.836+0300][gc,init] Large Page Support: Disabled
[2024-03-30T17:41:08.836+0300][gc,init] NUMA Support: Disabled
[2024-03-30T17:41:08.836+0300][gc,init] Compressed Oops: Enabled (Zero based)
[2024-03-30T17:41:08.836+0300][gc,init] Heap Region Size: 1M
[2024-03-30T17:41:08.836+0300][gc,init] Heap Min Capacity: 512M
[2024-03-30T17:41:08.836+0300][gc,init] Heap Initial Capacity: 512M
[2024-03-30T17:41:08.836+0300][gc,init] Heap Max Capacity: 512M
[2024-03-30T17:41:08.836+0300][gc,init] Pre-touch: Disabled
[2024-03-30T17:41:08.836+0300][gc,init] Parallel Workers: 4
[2024-03-30T17:41:08.836+0300][gc,init] Concurrent Workers: 1
[2024-03-30T17:41:08.836+0300][gc,init] Concurrent Refinement Workers: 4
[2024-03-30T17:41:08.836+0300][gc,init] Periodic GC: Disabled
[2024-03-30T17:41:08.844+0300][gc,metaspace] CDS archive(s) mapped at: [0x000000011f000000-0x000000011fca4000-0x000000011fca4000), size 13254656, SharedBaseAddress: 0x000000011f000000, ArchiveRelocationMode: 1.
[2024-03-30T17:41:08.844+0300][gc,metaspace] Compressed class space mapped at: 0x0000000120000000-0x0000000160000000, reserved size: 1073741824
[2024-03-30T17:41:08.844+0300][gc,metaspace] Narrow klass base: 0x000000011f000000, Narrow klass shift: 0, Narrow klass range: 0x100000000
[2024-03-30T17:41:10.536+0300][gc,start    ] GC(0) Pause Young (Normal) (G1 Evacuation Pause)
[2024-03-30T17:41:10.536+0300][gc,task     ] GC(0) Using 4 workers of 4 for evacuation
[2024-03-30T17:41:10.551+0300][gc,phases   ] GC(0)   Pre Evacuate Collection Set: 0.1ms
[2024-03-30T17:41:10.551+0300][gc,phases   ] GC(0)   Merge Heap Roots: 0.1ms
[2024-03-30T17:41:10.551+0300][gc,phases   ] GC(0)   Evacuate Collection Set: 3.8ms
[2024-03-30T17:41:10.551+0300][gc,phases   ] GC(0)   Post Evacuate Collection Set: 0.6ms
[2024-03-30T17:41:10.551+0300][gc,phases   ] GC(0)   Other: 0.3ms
[2024-03-30T17:41:10.551+0300][gc,heap     ] GC(0) Eden regions: 25->0(21)
[2024-03-30T17:41:10.551+0300][gc,heap     ] GC(0) Survivor regions: 0->4(4)
[2024-03-30T17:41:10.551+0300][gc,heap     ] GC(0) Old regions: 2->6
[2024-03-30T17:41:10.551+0300][gc,heap     ] GC(0) Humongous regions: 0->0
[2024-03-30T17:41:10.551+0300][gc,metaspace] GC(0) Metaspace: 8243K(8448K)->8243K(8448K) NonClass: 7365K(7424K)->7365K(7424K) Class: 877K(1024K)->877K(1024K)
[2024-03-30T17:41:10.551+0300][gc          ] GC(0) Pause Young (Normal) (G1 Evacuation Pause) 26M->8M(512M) 15.546ms
[2024-03-30T17:41:10.551+0300][gc,cpu      ] GC(0) User=0.01s Sys=0.00s Real=0.02s
