[2024-03-31T16:50:26.872+0300][gc,init] CardTable entry size: 512
[2024-03-31T16:50:26.872+0300][gc     ] Using G1
[2024-03-31T16:50:26.875+0300][gc,init] Version: 21.0.2+13-58 (release)
[2024-03-31T16:50:26.875+0300][gc,init] CPUs: 4 total, 4 available
[2024-03-31T16:50:26.875+0300][gc,init] Memory: 32768M
[2024-03-31T16:50:26.875+0300][gc,init] Large Page Support: Disabled
[2024-03-31T16:50:26.875+0300][gc,init] NUMA Support: Disabled
[2024-03-31T16:50:26.875+0300][gc,init] Compressed Oops: Enabled (Zero based)
[2024-03-31T16:50:26.875+0300][gc,init] Heap Region Size: 1M
[2024-03-31T16:50:26.875+0300][gc,init] Heap Min Capacity: 512M
[2024-03-31T16:50:26.875+0300][gc,init] Heap Initial Capacity: 512M
[2024-03-31T16:50:26.875+0300][gc,init] Heap Max Capacity: 512M
[2024-03-31T16:50:26.875+0300][gc,init] Pre-touch: Disabled
[2024-03-31T16:50:26.875+0300][gc,init] Parallel Workers: 4
[2024-03-31T16:50:26.875+0300][gc,init] Concurrent Workers: 1
[2024-03-31T16:50:26.875+0300][gc,init] Concurrent Refinement Workers: 4
[2024-03-31T16:50:26.875+0300][gc,init] Periodic GC: Disabled
[2024-03-31T16:50:26.883+0300][gc,metaspace] CDS archive(s) mapped at: [0x0000000121000000-0x0000000121ca4000-0x0000000121ca4000), size 13254656, SharedBaseAddress: 0x0000000121000000, ArchiveRelocationMode: 1.
[2024-03-31T16:50:26.883+0300][gc,metaspace] Compressed class space mapped at: 0x0000000122000000-0x0000000162000000, reserved size: 1073741824
[2024-03-31T16:50:26.883+0300][gc,metaspace] Narrow klass base: 0x0000000121000000, Narrow klass shift: 0, Narrow klass range: 0x100000000
[2024-03-31T16:50:27.401+0300][gc,start    ] GC(0) Pause Young (Normal) (GCLocker Initiated GC)
[2024-03-31T16:50:27.402+0300][gc,task     ] GC(0) Using 4 workers of 4 for evacuation
[2024-03-31T16:50:27.406+0300][gc,phases   ] GC(0)   Pre Evacuate Collection Set: 0.1ms
[2024-03-31T16:50:27.406+0300][gc,phases   ] GC(0)   Merge Heap Roots: 0.1ms
[2024-03-31T16:50:27.406+0300][gc,phases   ] GC(0)   Evacuate Collection Set: 3.7ms
[2024-03-31T16:50:27.406+0300][gc,phases   ] GC(0)   Post Evacuate Collection Set: 0.6ms
[2024-03-31T16:50:27.406+0300][gc,phases   ] GC(0)   Other: 0.3ms
[2024-03-31T16:50:27.406+0300][gc,heap     ] GC(0) Eden regions: 25->0(21)
[2024-03-31T16:50:27.406+0300][gc,heap     ] GC(0) Survivor regions: 0->4(4)
[2024-03-31T16:50:27.406+0300][gc,heap     ] GC(0) Old regions: 2->6
[2024-03-31T16:50:27.406+0300][gc,heap     ] GC(0) Humongous regions: 0->0
[2024-03-31T16:50:27.406+0300][gc,metaspace] GC(0) Metaspace: 8375K(8640K)->8375K(8640K) NonClass: 7481K(7616K)->7481K(7616K) Class: 893K(1024K)->893K(1024K)
[2024-03-31T16:50:27.406+0300][gc          ] GC(0) Pause Young (Normal) (GCLocker Initiated GC) 26M->8M(512M) 5.008ms
[2024-03-31T16:50:27.406+0300][gc,cpu      ] GC(0) User=0.01s Sys=0.01s Real=0.00s
[2024-03-31T22:40:19.631+0300][gc,start    ] GC(1) Pause Young (Normal) (G1 Evacuation Pause)
[2024-03-31T22:40:19.747+0300][gc,task     ] GC(1) Using 4 workers of 4 for evacuation
[2024-03-31T22:40:19.750+0300][gc,phases   ] GC(1)   Pre Evacuate Collection Set: 0.1ms
[2024-03-31T22:40:19.750+0300][gc,phases   ] GC(1)   Merge Heap Roots: 0.1ms
[2024-03-31T22:40:19.750+0300][gc,phases   ] GC(1)   Evacuate Collection Set: 2.6ms
[2024-03-31T22:40:19.750+0300][gc,phases   ] GC(1)   Post Evacuate Collection Set: 0.4ms
[2024-03-31T22:40:19.750+0300][gc,phases   ] GC(1)   Other: 0.1ms
[2024-03-31T22:40:19.750+0300][gc,heap     ] GC(1) Eden regions: 21->0(24)
[2024-03-31T22:40:19.750+0300][gc,heap     ] GC(1) Survivor regions: 4->1(4)
[2024-03-31T22:40:19.750+0300][gc,heap     ] GC(1) Old regions: 6->10
[2024-03-31T22:40:19.750+0300][gc,heap     ] GC(1) Humongous regions: 0->0
[2024-03-31T22:40:19.750+0300][gc,metaspace] GC(1) Metaspace: 9452K(9664K)->9452K(9664K) NonClass: 8474K(8576K)->8474K(8576K) Class: 977K(1088K)->977K(1088K)
[2024-03-31T22:40:19.750+0300][gc          ] GC(1) Pause Young (Normal) (G1 Evacuation Pause) 29M->9M(512M) 119.394ms
[2024-03-31T22:40:19.750+0300][gc,cpu      ] GC(1) User=0.01s Sys=0.01s Real=0.12s
[2024-03-31T22:51:38.077+0300][gc,heap,exit] Heap
[2024-03-31T22:51:38.082+0300][gc,heap,exit]  garbage-first heap   total 524288K, used 11824K [0x00000007e0000000, 0x0000000800000000)
[2024-03-31T22:51:38.082+0300][gc,heap,exit]   region size 1024K, 4 young (4096K), 1 survivors (1024K)
[2024-03-31T22:51:38.082+0300][gc,heap,exit]  Metaspace       used 9455K, committed 9664K, reserved 1114112K
[2024-03-31T22:51:38.082+0300][gc,heap,exit]   class space    used 978K, committed 1088K, reserved 1048576K
