[2024-03-29T16:55:00.627+0300][gc,init] CardTable entry size: 512
[2024-03-29T16:55:00.627+0300][gc     ] Using G1
[2024-03-29T16:55:00.630+0300][gc,init] Version: 21.0.2+13-58 (release)
[2024-03-29T16:55:00.630+0300][gc,init] CPUs: 4 total, 4 available
[2024-03-29T16:55:00.630+0300][gc,init] Memory: 16384M
[2024-03-29T16:55:00.630+0300][gc,init] Large Page Support: Disabled
[2024-03-29T16:55:00.630+0300][gc,init] NUMA Support: Disabled
[2024-03-29T16:55:00.630+0300][gc,init] Compressed Oops: Enabled (Zero based)
[2024-03-29T16:55:00.630+0300][gc,init] Heap Region Size: 1M
[2024-03-29T16:55:00.630+0300][gc,init] Heap Min Capacity: 512M
[2024-03-29T16:55:00.630+0300][gc,init] Heap Initial Capacity: 512M
[2024-03-29T16:55:00.630+0300][gc,init] Heap Max Capacity: 512M
[2024-03-29T16:55:00.630+0300][gc,init] Pre-touch: Disabled
[2024-03-29T16:55:00.630+0300][gc,init] Parallel Workers: 4
[2024-03-29T16:55:00.630+0300][gc,init] Concurrent Workers: 1
[2024-03-29T16:55:00.630+0300][gc,init] Concurrent Refinement Workers: 4
[2024-03-29T16:55:00.630+0300][gc,init] Periodic GC: Disabled
[2024-03-29T16:55:00.638+0300][gc,metaspace] CDS archive(s) mapped at: [0x0000000126000000-0x0000000126ca4000-0x0000000126ca4000), size 13254656, SharedBaseAddress: 0x0000000126000000, ArchiveRelocationMode: 1.
[2024-03-29T16:55:00.638+0300][gc,metaspace] Compressed class space mapped at: 0x0000000127000000-0x0000000167000000, reserved size: 1073741824
[2024-03-29T16:55:00.638+0300][gc,metaspace] Narrow klass base: 0x0000000126000000, Narrow klass shift: 0, Narrow klass range: 0x100000000
[2024-03-29T16:55:02.360+0300][gc,start    ] GC(0) Pause Young (Normal) (G1 Evacuation Pause)
[2024-03-29T16:55:02.360+0300][gc,task     ] GC(0) Using 4 workers of 4 for evacuation
[2024-03-29T16:55:02.366+0300][gc,phases   ] GC(0)   Pre Evacuate Collection Set: 0.2ms
[2024-03-29T16:55:02.367+0300][gc,phases   ] GC(0)   Merge Heap Roots: 0.1ms
[2024-03-29T16:55:02.367+0300][gc,phases   ] GC(0)   Evacuate Collection Set: 4.2ms
[2024-03-29T16:55:02.367+0300][gc,phases   ] GC(0)   Post Evacuate Collection Set: 0.7ms
[2024-03-29T16:55:02.367+0300][gc,phases   ] GC(0)   Other: 0.4ms
[2024-03-29T16:55:02.367+0300][gc,heap     ] GC(0) Eden regions: 25->0(21)
[2024-03-29T16:55:02.367+0300][gc,heap     ] GC(0) Survivor regions: 0->4(4)
[2024-03-29T16:55:02.367+0300][gc,heap     ] GC(0) Old regions: 2->6
[2024-03-29T16:55:02.367+0300][gc,heap     ] GC(0) Humongous regions: 0->0
[2024-03-29T16:55:02.367+0300][gc,metaspace] GC(0) Metaspace: 8238K(8448K)->8238K(8448K) NonClass: 7360K(7424K)->7360K(7424K) Class: 877K(1024K)->877K(1024K)
[2024-03-29T16:55:02.367+0300][gc          ] GC(0) Pause Young (Normal) (G1 Evacuation Pause) 26M->8M(512M) 6.804ms
[2024-03-29T16:55:02.367+0300][gc,cpu      ] GC(0) User=0.01s Sys=0.01s Real=0.00s
[2024-03-29T21:46:17.597+0300][gc,start    ] GC(1) Pause Young (Normal) (G1 Evacuation Pause)
[2024-03-29T21:46:17.607+0300][gc,task     ] GC(1) Using 4 workers of 4 for evacuation
[2024-03-29T21:46:17.624+0300][gc,phases   ] GC(1)   Pre Evacuate Collection Set: 0.5ms
[2024-03-29T21:46:17.624+0300][gc,phases   ] GC(1)   Merge Heap Roots: 0.1ms
[2024-03-29T21:46:17.624+0300][gc,phases   ] GC(1)   Evacuate Collection Set: 15.6ms
[2024-03-29T21:46:17.624+0300][gc,phases   ] GC(1)   Post Evacuate Collection Set: 0.5ms
[2024-03-29T21:46:17.624+0300][gc,phases   ] GC(1)   Other: 0.2ms
[2024-03-29T21:46:17.624+0300][gc,heap     ] GC(1) Eden regions: 21->0(24)
[2024-03-29T21:46:17.624+0300][gc,heap     ] GC(1) Survivor regions: 4->1(4)
[2024-03-29T21:46:17.624+0300][gc,heap     ] GC(1) Old regions: 6->10
[2024-03-29T21:46:17.624+0300][gc,heap     ] GC(1) Humongous regions: 0->0
[2024-03-29T21:46:17.624+0300][gc,metaspace] GC(1) Metaspace: 9572K(9792K)->9572K(9792K) NonClass: 8595K(8704K)->8595K(8704K) Class: 976K(1088K)->976K(1088K)
[2024-03-29T21:46:17.624+0300][gc          ] GC(1) Pause Young (Normal) (G1 Evacuation Pause) 29M->9M(512M) 27.020ms
[2024-03-29T21:46:17.624+0300][gc,cpu      ] GC(1) User=0.02s Sys=0.04s Real=0.03s
[2024-03-29T22:45:35.153+0300][gc,heap,exit] Heap
[2024-03-29T22:45:35.165+0300][gc,heap,exit]  garbage-first heap   total 524288K, used 14580K [0x00000007e0000000, 0x0000000800000000)
[2024-03-29T22:45:35.165+0300][gc,heap,exit]   region size 1024K, 6 young (6144K), 1 survivors (1024K)
[2024-03-29T22:45:35.165+0300][gc,heap,exit]  Metaspace       used 9581K, committed 9792K, reserved 1114112K
[2024-03-29T22:45:35.165+0300][gc,heap,exit]   class space    used 976K, committed 1088K, reserved 1048576K
