[2024-03-28T18:42:18.347+0300][gc,init] CardTable entry size: 512
[2024-03-28T18:42:18.348+0300][gc     ] Using G1
[2024-03-28T18:42:18.350+0300][gc,init] Version: 21.0.2+13-58 (release)
[2024-03-28T18:42:18.350+0300][gc,init] CPUs: 4 total, 4 available
[2024-03-28T18:42:18.350+0300][gc,init] Memory: 32768M
[2024-03-28T18:42:18.350+0300][gc,init] Large Page Support: Disabled
[2024-03-28T18:42:18.350+0300][gc,init] NUMA Support: Disabled
[2024-03-28T18:42:18.350+0300][gc,init] Compressed Oops: Enabled (Zero based)
[2024-03-28T18:42:18.350+0300][gc,init] Heap Region Size: 1M
[2024-03-28T18:42:18.350+0300][gc,init] Heap Min Capacity: 512M
[2024-03-28T18:42:18.350+0300][gc,init] Heap Initial Capacity: 512M
[2024-03-28T18:42:18.350+0300][gc,init] Heap Max Capacity: 512M
[2024-03-28T18:42:18.350+0300][gc,init] Pre-touch: Disabled
[2024-03-28T18:42:18.350+0300][gc,init] Parallel Workers: 4
[2024-03-28T18:42:18.350+0300][gc,init] Concurrent Workers: 1
[2024-03-28T18:42:18.350+0300][gc,init] Concurrent Refinement Workers: 4
[2024-03-28T18:42:18.350+0300][gc,init] Periodic GC: Disabled
[2024-03-28T18:42:18.358+0300][gc,metaspace] CDS archive(s) mapped at: [0x0000000122000000-0x0000000122ca4000-0x0000000122ca4000), size 13254656, SharedBaseAddress: 0x0000000122000000, ArchiveRelocationMode: 1.
[2024-03-28T18:42:18.358+0300][gc,metaspace] Compressed class space mapped at: 0x0000000123000000-0x0000000163000000, reserved size: 1073741824
[2024-03-28T18:42:18.358+0300][gc,metaspace] Narrow klass base: 0x0000000122000000, Narrow klass shift: 0, Narrow klass range: 0x100000000
[2024-03-28T18:42:18.850+0300][gc,start    ] GC(0) Pause Young (Normal) (G1 Evacuation Pause)
[2024-03-28T18:42:18.850+0300][gc,task     ] GC(0) Using 4 workers of 4 for evacuation
[2024-03-28T18:42:18.855+0300][gc,phases   ] GC(0)   Pre Evacuate Collection Set: 0.1ms
[2024-03-28T18:42:18.855+0300][gc,phases   ] GC(0)   Merge Heap Roots: 0.0ms
[2024-03-28T18:42:18.855+0300][gc,phases   ] GC(0)   Evacuate Collection Set: 3.5ms
[2024-03-28T18:42:18.855+0300][gc,phases   ] GC(0)   Post Evacuate Collection Set: 0.6ms
[2024-03-28T18:42:18.855+0300][gc,phases   ] GC(0)   Other: 0.3ms
[2024-03-28T18:42:18.855+0300][gc,heap     ] GC(0) Eden regions: 25->0(21)
[2024-03-28T18:42:18.855+0300][gc,heap     ] GC(0) Survivor regions: 0->4(4)
[2024-03-28T18:42:18.855+0300][gc,heap     ] GC(0) Old regions: 2->6
[2024-03-28T18:42:18.855+0300][gc,heap     ] GC(0) Humongous regions: 0->0
[2024-03-28T18:42:18.855+0300][gc,metaspace] GC(0) Metaspace: 8213K(8448K)->8213K(8448K) NonClass: 7335K(7424K)->7335K(7424K) Class: 877K(1024K)->877K(1024K)
[2024-03-28T18:42:18.855+0300][gc          ] GC(0) Pause Young (Normal) (G1 Evacuation Pause) 26M->8M(512M) 4.716ms
[2024-03-28T18:42:18.855+0300][gc,cpu      ] GC(0) User=0.01s Sys=0.00s Real=0.00s
[2024-03-28T22:28:14.185+0300][gc,heap,exit] Heap
[2024-03-28T22:28:14.185+0300][gc,heap,exit]  garbage-first heap   total 524288K, used 28326K [0x00000007e0000000, 0x0000000800000000)
[2024-03-28T22:28:14.185+0300][gc,heap,exit]   region size 1024K, 23 young (23552K), 4 survivors (4096K)
[2024-03-28T22:28:14.185+0300][gc,heap,exit]  Metaspace       used 9507K, committed 9728K, reserved 1114112K
[2024-03-28T22:28:14.185+0300][gc,heap,exit]   class space    used 976K, committed 1088K, reserved 1048576K
