[2024-03-30T21:26:06.077+0300][gc,init] CardTable entry size: 512
[2024-03-30T21:26:06.077+0300][gc     ] Using G1
[2024-03-30T21:26:06.080+0300][gc,init] Version: 21.0.2+13-58 (release)
[2024-03-30T21:26:06.080+0300][gc,init] CPUs: 4 total, 4 available
[2024-03-30T21:26:06.080+0300][gc,init] Memory: 16384M
[2024-03-30T21:26:06.080+0300][gc,init] Large Page Support: Disabled
[2024-03-30T21:26:06.080+0300][gc,init] NUMA Support: Disabled
[2024-03-30T21:26:06.080+0300][gc,init] Compressed Oops: Enabled (Zero based)
[2024-03-30T21:26:06.080+0300][gc,init] Heap Region Size: 1M
[2024-03-30T21:26:06.080+0300][gc,init] Heap Min Capacity: 512M
[2024-03-30T21:26:06.080+0300][gc,init] Heap Initial Capacity: 512M
[2024-03-30T21:26:06.080+0300][gc,init] Heap Max Capacity: 512M
[2024-03-30T21:26:06.080+0300][gc,init] Pre-touch: Disabled
[2024-03-30T21:26:06.080+0300][gc,init] Parallel Workers: 4
[2024-03-30T21:26:06.080+0300][gc,init] Concurrent Workers: 1
[2024-03-30T21:26:06.080+0300][gc,init] Concurrent Refinement Workers: 4
[2024-03-30T21:26:06.080+0300][gc,init] Periodic GC: Disabled
[2024-03-30T21:26:06.088+0300][gc,metaspace] CDS archive(s) mapped at: [0x0000000129000000-0x0000000129ca4000-0x0000000129ca4000), size 13254656, SharedBaseAddress: 0x0000000129000000, ArchiveRelocationMode: 1.
[2024-03-30T21:26:06.088+0300][gc,metaspace] Compressed class space mapped at: 0x000000012a000000-0x000000016a000000, reserved size: 1073741824
[2024-03-30T21:26:06.088+0300][gc,metaspace] Narrow klass base: 0x0000000129000000, Narrow klass shift: 0, Narrow klass range: 0x100000000
[2024-03-30T21:26:06.771+0300][gc,start    ] GC(0) Pause Young (Normal) (G1 Evacuation Pause)
[2024-03-30T21:26:06.772+0300][gc,task     ] GC(0) Using 4 workers of 4 for evacuation
[2024-03-30T21:26:06.776+0300][gc,phases   ] GC(0)   Pre Evacuate Collection Set: 0.1ms
[2024-03-30T21:26:06.776+0300][gc,phases   ] GC(0)   Merge Heap Roots: 0.1ms
[2024-03-30T21:26:06.776+0300][gc,phases   ] GC(0)   Evacuate Collection Set: 3.5ms
[2024-03-30T21:26:06.776+0300][gc,phases   ] GC(0)   Post Evacuate Collection Set: 0.6ms
[2024-03-30T21:26:06.776+0300][gc,phases   ] GC(0)   Other: 0.3ms
[2024-03-30T21:26:06.776+0300][gc,heap     ] GC(0) Eden regions: 25->0(21)
[2024-03-30T21:26:06.776+0300][gc,heap     ] GC(0) Survivor regions: 0->4(4)
[2024-03-30T21:26:06.776+0300][gc,heap     ] GC(0) Old regions: 2->7
[2024-03-30T21:26:06.776+0300][gc,heap     ] GC(0) Humongous regions: 0->0
[2024-03-30T21:26:06.776+0300][gc,metaspace] GC(0) Metaspace: 8377K(8640K)->8377K(8640K) NonClass: 7488K(7616K)->7488K(7616K) Class: 889K(1024K)->889K(1024K)
[2024-03-30T21:26:06.776+0300][gc          ] GC(0) Pause Young (Normal) (G1 Evacuation Pause) 26M->9M(512M) 4.855ms
[2024-03-30T21:26:06.776+0300][gc,cpu      ] GC(0) User=0.01s Sys=0.01s Real=0.00s
[2024-03-30T21:51:35.366+0300][gc,heap,exit] Heap
[2024-03-30T21:51:35.406+0300][gc,heap,exit]  garbage-first heap   total 524288K, used 16691K [0x00000007e0000000, 0x0000000800000000)
[2024-03-30T21:51:35.406+0300][gc,heap,exit]   region size 1024K, 12 young (12288K), 4 survivors (4096K)
[2024-03-30T21:51:35.406+0300][gc,heap,exit]  Metaspace       used 9288K, committed 9536K, reserved 1114112K
[2024-03-30T21:51:35.406+0300][gc,heap,exit]   class space    used 978K, committed 1088K, reserved 1048576K
