[2024-04-09T21:44:54.086+0300][gc,init] CardTable entry size: 512
[2024-04-09T21:44:54.086+0300][gc     ] Using G1
[2024-04-09T21:44:54.089+0300][gc,init] Version: 21.0.2+13-58 (release)
[2024-04-09T21:44:54.089+0300][gc,init] CPUs: 4 total, 4 available
[2024-04-09T21:44:54.089+0300][gc,init] Memory: 32768M
[2024-04-09T21:44:54.089+0300][gc,init] Large Page Support: Disabled
[2024-04-09T21:44:54.089+0300][gc,init] NUMA Support: Disabled
[2024-04-09T21:44:54.089+0300][gc,init] Compressed Oops: Enabled (Zero based)
[2024-04-09T21:44:54.089+0300][gc,init] Heap Region Size: 1M
[2024-04-09T21:44:54.089+0300][gc,init] Heap Min Capacity: 512M
[2024-04-09T21:44:54.089+0300][gc,init] Heap Initial Capacity: 512M
[2024-04-09T21:44:54.089+0300][gc,init] Heap Max Capacity: 512M
[2024-04-09T21:44:54.089+0300][gc,init] Pre-touch: Disabled
[2024-04-09T21:44:54.089+0300][gc,init] Parallel Workers: 4
[2024-04-09T21:44:54.089+0300][gc,init] Concurrent Workers: 1
[2024-04-09T21:44:54.089+0300][gc,init] Concurrent Refinement Workers: 4
[2024-04-09T21:44:54.089+0300][gc,init] Periodic GC: Disabled
[2024-04-09T21:44:54.096+0300][gc,metaspace] CDS archive(s) mapped at: [0x0000000123000000-0x0000000123ca4000-0x0000000123ca4000), size 13254656, SharedBaseAddress: 0x0000000123000000, ArchiveRelocationMode: 1.
[2024-04-09T21:44:54.096+0300][gc,metaspace] Compressed class space mapped at: 0x0000000124000000-0x0000000164000000, reserved size: 1073741824
[2024-04-09T21:44:54.096+0300][gc,metaspace] Narrow klass base: 0x0000000123000000, Narrow klass shift: 0, Narrow klass range: 0x100000000
[2024-04-09T21:44:54.926+0300][gc,start    ] GC(0) Pause Young (Normal) (G1 Evacuation Pause)
[2024-04-09T21:44:54.926+0300][gc,task     ] GC(0) Using 4 workers of 4 for evacuation
[2024-04-09T21:44:54.933+0300][gc,phases   ] GC(0)   Pre Evacuate Collection Set: 0.1ms
[2024-04-09T21:44:54.933+0300][gc,phases   ] GC(0)   Merge Heap Roots: 0.1ms
[2024-04-09T21:44:54.933+0300][gc,phases   ] GC(0)   Evacuate Collection Set: 5.5ms
[2024-04-09T21:44:54.933+0300][gc,phases   ] GC(0)   Post Evacuate Collection Set: 0.7ms
[2024-04-09T21:44:54.933+0300][gc,phases   ] GC(0)   Other: 0.4ms
[2024-04-09T21:44:54.933+0300][gc,heap     ] GC(0) Eden regions: 25->0(21)
[2024-04-09T21:44:54.933+0300][gc,heap     ] GC(0) Survivor regions: 0->4(4)
[2024-04-09T21:44:54.933+0300][gc,heap     ] GC(0) Old regions: 2->6
[2024-04-09T21:44:54.933+0300][gc,heap     ] GC(0) Humongous regions: 0->0
[2024-04-09T21:44:54.933+0300][gc,metaspace] GC(0) Metaspace: 8229K(8448K)->8229K(8448K) NonClass: 7351K(7424K)->7351K(7424K) Class: 877K(1024K)->877K(1024K)
[2024-04-09T21:44:54.933+0300][gc          ] GC(0) Pause Young (Normal) (G1 Evacuation Pause) 26M->8M(512M) 6.959ms
[2024-04-09T21:44:54.933+0300][gc,cpu      ] GC(0) User=0.01s Sys=0.00s Real=0.01s
[2024-04-09T23:11:52.803+0300][gc,heap,exit] Heap
[2024-04-09T23:11:52.812+0300][gc,heap,exit]  garbage-first heap   total 524288K, used 21324K [0x00000007e0000000, 0x0000000800000000)
[2024-04-09T23:11:52.812+0300][gc,heap,exit]   region size 1024K, 16 young (16384K), 4 survivors (4096K)
[2024-04-09T23:11:52.812+0300][gc,heap,exit]  Metaspace       used 9499K, committed 9728K, reserved 1114112K
[2024-04-09T23:11:52.812+0300][gc,heap,exit]   class space    used 977K, committed 1088K, reserved 1048576K
