[2024-04-04T20:11:30.309+0300][gc,init] CardTable entry size: 512
[2024-04-04T20:11:30.309+0300][gc     ] Using G1
[2024-04-04T20:11:30.312+0300][gc,init] Version: 21.0.2+13-58 (release)
[2024-04-04T20:11:30.312+0300][gc,init] CPUs: 4 total, 4 available
[2024-04-04T20:11:30.312+0300][gc,init] Memory: 32768M
[2024-04-04T20:11:30.312+0300][gc,init] Large Page Support: Disabled
[2024-04-04T20:11:30.312+0300][gc,init] NUMA Support: Disabled
[2024-04-04T20:11:30.312+0300][gc,init] Compressed Oops: Enabled (Zero based)
[2024-04-04T20:11:30.312+0300][gc,init] Heap Region Size: 1M
[2024-04-04T20:11:30.312+0300][gc,init] Heap Min Capacity: 512M
[2024-04-04T20:11:30.312+0300][gc,init] Heap Initial Capacity: 512M
[2024-04-04T20:11:30.312+0300][gc,init] Heap Max Capacity: 512M
[2024-04-04T20:11:30.312+0300][gc,init] Pre-touch: Disabled
[2024-04-04T20:11:30.312+0300][gc,init] Parallel Workers: 4
[2024-04-04T20:11:30.312+0300][gc,init] Concurrent Workers: 1
[2024-04-04T20:11:30.312+0300][gc,init] Concurrent Refinement Workers: 4
[2024-04-04T20:11:30.312+0300][gc,init] Periodic GC: Disabled
[2024-04-04T20:11:30.321+0300][gc,metaspace] CDS archive(s) mapped at: [0x000000012b000000-0x000000012bca4000-0x000000012bca4000), size 13254656, SharedBaseAddress: 0x000000012b000000, ArchiveRelocationMode: 1.
[2024-04-04T20:11:30.321+0300][gc,metaspace] Compressed class space mapped at: 0x000000012c000000-0x000000016c000000, reserved size: 1073741824
[2024-04-04T20:11:30.321+0300][gc,metaspace] Narrow klass base: 0x000000012b000000, Narrow klass shift: 0, Narrow klass range: 0x100000000
[2024-04-04T20:11:31.243+0300][gc,start    ] GC(0) Pause Young (Normal) (G1 Evacuation Pause)
[2024-04-04T20:11:31.244+0300][gc,task     ] GC(0) Using 4 workers of 4 for evacuation
[2024-04-04T20:11:31.249+0300][gc,phases   ] GC(0)   Pre Evacuate Collection Set: 0.1ms
[2024-04-04T20:11:31.249+0300][gc,phases   ] GC(0)   Merge Heap Roots: 0.0ms
[2024-04-04T20:11:31.249+0300][gc,phases   ] GC(0)   Evacuate Collection Set: 4.5ms
[2024-04-04T20:11:31.249+0300][gc,phases   ] GC(0)   Post Evacuate Collection Set: 0.4ms
[2024-04-04T20:11:31.249+0300][gc,phases   ] GC(0)   Other: 0.3ms
[2024-04-04T20:11:31.249+0300][gc,heap     ] GC(0) Eden regions: 25->0(21)
[2024-04-04T20:11:31.249+0300][gc,heap     ] GC(0) Survivor regions: 0->4(4)
[2024-04-04T20:11:31.249+0300][gc,heap     ] GC(0) Old regions: 2->6
[2024-04-04T20:11:31.249+0300][gc,heap     ] GC(0) Humongous regions: 0->0
[2024-04-04T20:11:31.249+0300][gc,metaspace] GC(0) Metaspace: 8400K(8640K)->8400K(8640K) NonClass: 7505K(7616K)->7505K(7616K) Class: 895K(1024K)->895K(1024K)
[2024-04-04T20:11:31.249+0300][gc          ] GC(0) Pause Young (Normal) (G1 Evacuation Pause) 26M->8M(512M) 5.541ms
[2024-04-04T20:11:31.249+0300][gc,cpu      ] GC(0) User=0.01s Sys=0.00s Real=0.00s
[2024-04-04T20:53:12.151+0300][gc,heap,exit] Heap
[2024-04-04T20:53:12.155+0300][gc,heap,exit]  garbage-first heap   total 524288K, used 16385K [0x00000007e0000000, 0x0000000800000000)
[2024-04-04T20:53:12.155+0300][gc,heap,exit]   region size 1024K, 12 young (12288K), 4 survivors (4096K)
[2024-04-04T20:53:12.155+0300][gc,heap,exit]  Metaspace       used 9385K, committed 9600K, reserved 1114112K
[2024-04-04T20:53:12.155+0300][gc,heap,exit]   class space    used 978K, committed 1088K, reserved 1048576K
