[2024-04-10T17:26:39.076+0300][gc,init] CardTable entry size: 512
[2024-04-10T17:26:39.076+0300][gc     ] Using G1
[2024-04-10T17:26:39.079+0300][gc,init] Version: 21.0.2+13-58 (release)
[2024-04-10T17:26:39.079+0300][gc,init] CPUs: 4 total, 4 available
[2024-04-10T17:26:39.079+0300][gc,init] Memory: 32768M
[2024-04-10T17:26:39.079+0300][gc,init] Large Page Support: Disabled
[2024-04-10T17:26:39.079+0300][gc,init] NUMA Support: Disabled
[2024-04-10T17:26:39.079+0300][gc,init] Compressed Oops: Enabled (Zero based)
[2024-04-10T17:26:39.079+0300][gc,init] Heap Region Size: 1M
[2024-04-10T17:26:39.079+0300][gc,init] Heap Min Capacity: 512M
[2024-04-10T17:26:39.079+0300][gc,init] Heap Initial Capacity: 512M
[2024-04-10T17:26:39.079+0300][gc,init] Heap Max Capacity: 512M
[2024-04-10T17:26:39.079+0300][gc,init] Pre-touch: Disabled
[2024-04-10T17:26:39.079+0300][gc,init] Parallel Workers: 4
[2024-04-10T17:26:39.079+0300][gc,init] Concurrent Workers: 1
[2024-04-10T17:26:39.079+0300][gc,init] Concurrent Refinement Workers: 4
[2024-04-10T17:26:39.079+0300][gc,init] Periodic GC: Disabled
[2024-04-10T17:26:39.086+0300][gc,metaspace] CDS archive(s) mapped at: [0x0000000124000000-0x0000000124ca4000-0x0000000124ca4000), size 13254656, SharedBaseAddress: 0x0000000124000000, ArchiveRelocationMode: 1.
[2024-04-10T17:26:39.086+0300][gc,metaspace] Compressed class space mapped at: 0x0000000125000000-0x0000000165000000, reserved size: 1073741824
[2024-04-10T17:26:39.086+0300][gc,metaspace] Narrow klass base: 0x0000000124000000, Narrow klass shift: 0, Narrow klass range: 0x100000000
[2024-04-10T17:26:39.879+0300][gc,start    ] GC(0) Pause Young (Normal) (G1 Evacuation Pause)
[2024-04-10T17:26:39.879+0300][gc,task     ] GC(0) Using 4 workers of 4 for evacuation
[2024-04-10T17:26:39.884+0300][gc,phases   ] GC(0)   Pre Evacuate Collection Set: 0.1ms
[2024-04-10T17:26:39.884+0300][gc,phases   ] GC(0)   Merge Heap Roots: 0.1ms
[2024-04-10T17:26:39.884+0300][gc,phases   ] GC(0)   Evacuate Collection Set: 4.0ms
[2024-04-10T17:26:39.884+0300][gc,phases   ] GC(0)   Post Evacuate Collection Set: 0.7ms
[2024-04-10T17:26:39.884+0300][gc,phases   ] GC(0)   Other: 0.4ms
[2024-04-10T17:26:39.884+0300][gc,heap     ] GC(0) Eden regions: 25->0(21)
[2024-04-10T17:26:39.884+0300][gc,heap     ] GC(0) Survivor regions: 0->4(4)
[2024-04-10T17:26:39.884+0300][gc,heap     ] GC(0) Old regions: 2->6
[2024-04-10T17:26:39.884+0300][gc,heap     ] GC(0) Humongous regions: 0->0
[2024-04-10T17:26:39.884+0300][gc,metaspace] GC(0) Metaspace: 8343K(8576K)->8343K(8576K) NonClass: 7454K(7552K)->7454K(7552K) Class: 889K(1024K)->889K(1024K)
[2024-04-10T17:26:39.884+0300][gc          ] GC(0) Pause Young (Normal) (G1 Evacuation Pause) 26M->8M(512M) 5.315ms
[2024-04-10T17:26:39.884+0300][gc,cpu      ] GC(0) User=0.02s Sys=0.00s Real=0.01s
[2024-04-10T23:00:24.601+0300][gc,start    ] GC(1) Pause Young (Normal) (G1 Evacuation Pause)
[2024-04-10T23:00:24.610+0300][gc,task     ] GC(1) Using 4 workers of 4 for evacuation
[2024-04-10T23:00:24.614+0300][gc,phases   ] GC(1)   Pre Evacuate Collection Set: 0.1ms
[2024-04-10T23:00:24.614+0300][gc,phases   ] GC(1)   Merge Heap Roots: 0.1ms
[2024-04-10T23:00:24.614+0300][gc,phases   ] GC(1)   Evacuate Collection Set: 3.5ms
[2024-04-10T23:00:24.614+0300][gc,phases   ] GC(1)   Post Evacuate Collection Set: 0.3ms
[2024-04-10T23:00:24.614+0300][gc,phases   ] GC(1)   Other: 0.1ms
[2024-04-10T23:00:24.614+0300][gc,heap     ] GC(1) Eden regions: 21->0(24)
[2024-04-10T23:00:24.614+0300][gc,heap     ] GC(1) Survivor regions: 4->1(4)
[2024-04-10T23:00:24.614+0300][gc,heap     ] GC(1) Old regions: 6->10
[2024-04-10T23:00:24.614+0300][gc,heap     ] GC(1) Humongous regions: 0->0
[2024-04-10T23:00:24.614+0300][gc,metaspace] GC(1) Metaspace: 9512K(9728K)->9512K(9728K) NonClass: 8533K(8640K)->8533K(8640K) Class: 979K(1088K)->979K(1088K)
[2024-04-10T23:00:24.614+0300][gc          ] GC(1) Pause Young (Normal) (G1 Evacuation Pause) 29M->9M(512M) 12.815ms
[2024-04-10T23:00:24.614+0300][gc,cpu      ] GC(1) User=0.01s Sys=0.00s Real=0.01s
[2024-04-10T23:00:24.615+0300][gc,heap,exit] Heap
[2024-04-10T23:00:24.615+0300][gc,heap,exit]  garbage-first heap   total 524288K, used 10044K [0x00000007e0000000, 0x0000000800000000)
[2024-04-10T23:00:24.615+0300][gc,heap,exit]   region size 1024K, 2 young (2048K), 1 survivors (1024K)
[2024-04-10T23:00:24.615+0300][gc,heap,exit]  Metaspace       used 9514K, committed 9728K, reserved 1114112K
[2024-04-10T23:00:24.615+0300][gc,heap,exit]   class space    used 979K, committed 1088K, reserved 1048576K
